Archive member included to satisfy reference by file (symbol)

app/libapp.a(main.c.obj)      (--whole-archive)
zephyr/libzephyr.a(validate_libc.c.obj)
                              (--whole-archive)
zephyr/libzephyr.a(heap.c.obj)
                              (--whole-archive)
zephyr/libzephyr.a(cbprintf_packaged.c.obj)
                              (--whole-archive)
zephyr/libzephyr.a(clock.c.obj)
                              (--whole-archive)
zephyr/libzephyr.a(printk.c.obj)
                              (--whole-archive)
zephyr/libzephyr.a(sem.c.obj)
                              (--whole-archive)
zephyr/libzephyr.a(thread_entry.c.obj)
                              (--whole-archive)
zephyr/libzephyr.a(cbprintf_complete.c.obj)
                              (--whole-archive)
zephyr/libzephyr.a(assert.c.obj)
                              (--whole-archive)
zephyr/libzephyr.a(mpsc_pbuf.c.obj)
                              (--whole-archive)
zephyr/libzephyr.a(dec.c.obj)
                              (--whole-archive)
zephyr/libzephyr.a(hex.c.obj)
                              (--whole-archive)
zephyr/libzephyr.a(rb.c.obj)  (--whole-archive)
zephyr/libzephyr.a(set.c.obj)
                              (--whole-archive)
zephyr/libzephyr.a(timeutil.c.obj)
                              (--whole-archive)
zephyr/libzephyr.a(bitarray.c.obj)
                              (--whole-archive)
zephyr/libzephyr.a(bitmask.c.obj)
                              (--whole-archive)
zephyr/libzephyr.a(getopt.c.obj)
                              (--whole-archive)
zephyr/libzephyr.a(getopt_common.c.obj)
                              (--whole-archive)
zephyr/libzephyr.a(ring_buffer.c.obj)
                              (--whole-archive)
zephyr/libzephyr.a(last_section_id.c.obj)
                              (--whole-archive)
zephyr/libzephyr.a(configs.c.obj)
                              (--whole-archive)
zephyr/libzephyr.a(stm32cube_hal.c.obj)
                              (--whole-archive)
zephyr/libzephyr.a(soc_config.c.obj)
                              (--whole-archive)
zephyr/libzephyr.a(gpioport_mgr.c.obj)
                              (--whole-archive)
zephyr/libzephyr.a(stm32_cache.c.obj)
                              (--whole-archive)
zephyr/libzephyr.a(stm32_backup_domain.c.obj)
                              (--whole-archive)
zephyr/libzephyr.a(soc_m7.c.obj)
                              (--whole-archive)
zephyr/libzephyr.a(mpu_regions.c.obj)
                              (--whole-archive)
zephyr/libzephyr.a(ipc_service.c.obj)
                              (--whole-archive)
zephyr/libzephyr.a(ipc_rpmsg_static_vrings.c.obj)
                              (--whole-archive)
zephyr/libzephyr.a(ipc_rpmsg.c.obj)
                              (--whole-archive)
zephyr/libzephyr.a(ipc_static_vrings.c.obj)
                              (--whole-archive)
zephyr/libzephyr.a(log_core.c.obj)
                              (--whole-archive)
zephyr/libzephyr.a(log_mgmt.c.obj)
                              (--whole-archive)
zephyr/libzephyr.a(log_cache.c.obj)
                              (--whole-archive)
zephyr/libzephyr.a(log_msg.c.obj)
                              (--whole-archive)
zephyr/libzephyr.a(log_output.c.obj)
                              (--whole-archive)
zephyr/libzephyr.a(log_backend_uart.c.obj)
                              (--whole-archive)
zephyr/libzephyr.a(mem_attr.c.obj)
                              (--whole-archive)
zephyr/libzephyr.a(tracing_none.c.obj)
                              (--whole-archive)
zephyr/libzephyr.a(cdc_acm_serial.c.obj)
                              (--whole-archive)
zephyr/arch/common/libarch__common.a(sw_isr_common.c.obj)
                              (--whole-archive)
zephyr/arch/common/libarch__common.a(init.c.obj)
                              (--whole-archive)
zephyr/arch/common/libarch__common.a(xip.c.obj)
                              (--whole-archive)
zephyr/arch/arch/arm/core/libarch__arm__core.a(fatal.c.obj)
                              (--whole-archive)
zephyr/arch/arch/arm/core/libarch__arm__core.a(nmi.c.obj)
                              (--whole-archive)
zephyr/arch/arch/arm/core/libarch__arm__core.a(nmi_on_reset.S.obj)
                              (--whole-archive)
zephyr/arch/arch/arm/core/libarch__arm__core.a(tls.c.obj)
                              (--whole-archive)
zephyr/arch/arch/arm/core/cortex_m/libarch__arm__core__cortex_m.a(fault.c.obj)
                              (--whole-archive)
zephyr/arch/arch/arm/core/cortex_m/libarch__arm__core__cortex_m.a(fault_s.S.obj)
                              (--whole-archive)
zephyr/arch/arch/arm/core/cortex_m/libarch__arm__core__cortex_m.a(fpu.c.obj)
                              (--whole-archive)
zephyr/arch/arch/arm/core/cortex_m/libarch__arm__core__cortex_m.a(reset.S.obj)
                              (--whole-archive)
zephyr/arch/arch/arm/core/cortex_m/libarch__arm__core__cortex_m.a(scb.c.obj)
[...]
Memory Configuration

Name             Origin             Length             Attributes
FLASH            0x08040000         0x000c0000         xr
RAM              0x24000000         0x00080000         xw
ITCM             0x00000000         0x00010000         rw
DTCM             0x20000000         0x00020000         rw
EXTMEM           0x90000000         0x10000000         rw
SRAM0            0x24000000         0x00080000         rw
SRAM1            0x30000000         0x00020000         rw
SRAM2            0x30020000         0x00020000         rw
SRAM3            0x30040000         0x00008000         rw
SRAM4_IPC        0x38000000         0x00010000         rw
SDRAM1           0xc0000000         0x00800000         rw
IDT_LIST         0xffff7fff         0x00008000         xw
*default*        0x00000000         0xffffffff

Linker script and memory map

                0x08049940                        vfprintf = __l_vfprintf
                0x00000000                        vfscanf = __l_vfscanf
LOAD zephyr/CMakeFiles/zephyr_pre0.dir/misc/empty_file.c.obj
LOAD zephyr/CMakeFiles/offsets.dir/./arch/arm/core/offsets/offsets.c.obj
LOAD app/libapp.a
LOAD zephyr/libzephyr.a
LOAD zephyr/arch/common/libarch__common.a
LOAD zephyr/arch/arch/arm/core/libarch__arm__core.a
LOAD zephyr/arch/arch/arm/core/cortex_m/libarch__arm__core__cortex_m.a
LOAD zephyr/arch/arch/arm/core/mpu/libarch__arm__core__mpu.a
LOAD zephyr/lib/libc/picolibc/liblib__libc__picolibc.a
LOAD zephyr/lib/libc/common/liblib__libc__common.a
LOAD zephyr/lib/posix/c_lib_ext/liblib__posix__c_lib_ext.a
LOAD zephyr/lib/net_buf/liblib__net_buf.a
LOAD zephyr/subsys/usb/device_next/libsubsys__usb__device_next.a
LOAD zephyr/drivers/interrupt_controller/libdrivers__interrupt_controller.a
LOAD zephyr/drivers/usb/udc/libdrivers__usb__udc.a
LOAD zephyr/drivers/usb/common/buf/libdrivers__usb__common__buf.a
LOAD zephyr/drivers/usb/common/stm32/libdrivers__usb__common__stm32.a
LOAD zephyr/drivers/clock_control/libdrivers__clock_control.a
LOAD zephyr/drivers/console/libdrivers__console.a
LOAD zephyr/drivers/gpio/libdrivers__gpio.a
LOAD zephyr/drivers/hwinfo/libdrivers__hwinfo.a
LOAD zephyr/drivers/mbox/libdrivers__mbox.a
LOAD zephyr/drivers/pinctrl/libdrivers__pinctrl.a
LOAD zephyr/drivers/reset/libdrivers__reset.a
LOAD zephyr/drivers/serial/libdrivers__serial.a
LOAD zephyr/drivers/timer/libdrivers__timer.a
LOAD modules/hal_stm32/stm32cube/lib..__modules__hal__stm32__stm32cube.a
LOAD modules/libmetal/libmetal/lib/libmetal.a
LOAD modules/open-amp/open-amp/lib/libopen_amp.a
LOAD zephyr/kernel/libkernel.a
LOAD zephyr/arch/common/libisr_tables.a
LOAD /home/gabo/zephyr-sdk-1.0.1/gnu/arm-zephyr-eabi/bin/../lib/gcc/arm-zephyr-eabi/14.3.0/../../../../arm-zephyr-eabi/lib/thumb/v7e-m/nofp/space/libc.a
LOAD /home/gabo/zephyr-sdk-1.0.1/gnu/arm-zephyr-eabi/bin/../lib/gcc/arm-zephyr-eabi/14.3.0/thumb/v7e-m/nofp/space/libgcc.a
                0x00000020                        _region_min_align = 0x20

.rel.plt        0x08040000        0x0
 *(SORT_BY_ALIGNMENT(.rel.plt))
                [!provide]                        PROVIDE (__rel_iplt_start = .)
 *(SORT_BY_ALIGNMENT(.rel.iplt))
 .rel.iplt      0x08040000        0x0 app/libapp.a(main.c.obj)
                [!provide]                        PROVIDE (__rel_iplt_end = .)

.rela.plt       0x00000000        0x0
 *(SORT_BY_ALIGNMENT(.rela.plt))
                [!provide]                        PROVIDE (__rela_iplt_start = .)
 *(SORT_BY_ALIGNMENT(.rela.iplt))
                [!provide]                        PROVIDE (__rela_iplt_end = .)

.rel.dyn
 *(SORT_BY_ALIGNMENT(.rel.*))

.rela.dyn
 *(SORT_BY_ALIGNMENT(.rela.*))

/DISCARD/
 *(SORT_BY_ALIGNMENT(.plt))

/DISCARD/
 *(SORT_BY_ALIGNMENT(.iplt))
                0x08040000                        __rom_region_start = 0x8040000

rom_start       0x08040000      0x238
                0x08040000                        __rom_start_address = .
 FILL mask 0x00
                0x08040000                        . = (. + (0x0 - (. - __rom_start_address)))
                0x08040000                        . = ALIGN (0x4)
                0x08040000                        . = ALIGN (0x80)
                0x08040000                        . = ALIGN (0x400)
                0x08040000                        _vector_start = .
 *(SORT_BY_ALIGNMENT(.exc_vector_table))
 *(SORT_BY_ALIGNMENT(.exc_vector_table.*))
 .exc_vector_table._vector_table_section
                0x08040000       0x40 zephyr/arch/arch/arm/core/cortex_m/libarch__arm__core__cortex_m.a(vector_table.S.obj)
                0x08040000                _vector_table
 *(SORT_BY_ALIGNMENT(.vectors))
                0x08040238                        _vector_end = .
                0x08040040                        . = ALIGN (0x4)
 *(SORT_BY_ALIGNMENT(.gnu.linkonce.irq_vector_table*))
 .gnu.linkonce.irq_vector_table
                0x08040040      0x1f8 zephyr/arch/common/libisr_tables.a(isr_tables.c.obj)
                0x08040040                _irq_vector_table
                0x08040238                        _vector_end = .

text            0x08040238     0xefc8
                0x08040238                        __text_region_start = .
 *(SORT_BY_ALIGNMENT(.text))
 .text          0x08040238      0x21c /home/gabo/zephyr-sdk-1.0.1/gnu/arm-zephyr-eabi/bin/../lib/gcc/arm-zephyr-eabi/14.3.0/thumb/v7e-m/nofp/space/libgcc.a(_arm_addsubsf3.o)
                0x08040238                __aeabi_frsub
                0x08040240                __subsf3
                0x08040240                __aeabi_fsub
                0x08040244                __aeabi_fadd
                0x08040244                __addsf3
                0x080403a4                __aeabi_ui2f
                0x080403a4                __floatunsisf
                0x080403ac                __aeabi_i2f
                0x080403ac                __floatsisf
                0x080403c8                __floatundisf
                0x080403c8                __aeabi_ul2f
                0x080403d8                __floatdisf
                0x080403d8                __aeabi_l2f
 .text          0x08040454      0x2a0 /home/gabo/zephyr-sdk-1.0.1/gnu/arm-zephyr-eabi/bin/../lib/gcc/arm-zephyr-eabi/14.3.0/thumb/v7e-m/nofp/space/libgcc.a(_arm_muldivsf3.o)
                0x08040454                __mulsf3
                0x08040454                __aeabi_fmul
                0x080405bc                __divsf3
                0x080405bc                __aeabi_fdiv
 .text          0x080406f4       0x40 /home/gabo/zephyr-sdk-1.0.1/gnu/arm-zephyr-eabi/bin/../lib/gcc/arm-zephyr-eabi/14.3.0/thumb/v7e-m/nofp/space/libgcc.a(_arm_fixunssfsi.o)
                0x080406f4                __aeabi_f2uiz
                0x080406f4                __fixunssfsi
 .text          0x08040734       0x30 /home/gabo/zephyr-sdk-1.0.1/gnu/arm-zephyr-eabi/bin/../lib/gcc/arm-zephyr-eabi/14.3.0/thumb/v7e-m/nofp/space/libgcc.a(_aeabi_uldivmod.o)
                0x08040734                __aeabi_uldivmod
 .text          0x08040764        0x4 /home/gabo/zephyr-sdk-1.0.1/gnu/arm-zephyr-eabi/bin/../lib/gcc/arm-zephyr-eabi/14.3.0/thumb/v7e-m/nofp/space/libgcc.a(_dvmd_tls.o)
                0x08040764                __aeabi_ldiv0
                0x08040764                __aeabi_idiv0
 .text          0x08040768       0x14 /home/gabo/zephyr-sdk-1.0.1/gnu/arm-zephyr-eabi/bin/../lib/gcc/arm-zephyr-eabi/14.3.0/../../../../arm-zephyr-eabi/lib/thumb/v7e-m/nofp/space/libc.a(strcmp.S.o)
                0x08040768                strcmp
 .text          0x0804077c       0x10 /home/gabo/zephyr-sdk-1.0.1/gnu/arm-zephyr-eabi/bin/../lib/gcc/arm-zephyr-eabi/14.3.0/../../../../arm-zephyr-eabi/lib/thumb/v7e-m/nofp/space/libc.a(strlen.S.o)
                0x0804077c                strlen
 .text          0x0804078c      0x2bc /home/gabo/zephyr-sdk-1.0.1/gnu/arm-zephyr-eabi/bin/../lib/gcc/arm-zephyr-eabi/14.3.0/thumb/v7e-m/nofp/space/libgcc.a(_udivmoddi4.o)
                0x0804078c                __udivmoddi4
 *(SORT_BY_ALIGNMENT(.text.*))
 .text.ept_received
                0x08040a48       0x38 app/libapp.a(main.c.obj)
 .text.ept_bound
                0x08040a80       0x24 app/libapp.a(main.c.obj)
 .text.main     0x08040aa4      0x16c app/libapp.a(main.c.obj)
                0x08040aa4                main
 .text.sys_heap_free
                0x08040c10      0x11c zephyr/libzephyr.a(heap.c.obj)
                0x08040c10                sys_heap_free
 .text.cbvprintf_package
                0x08040d2c      0x368 zephyr/libzephyr.a(cbprintf_packaged.c.obj)
                0x08040d2c                cbvprintf_package
 .text.cbprintf_package_convert
                0x08041094      0x3c8 zephyr/libzephyr.a(cbprintf_packaged.c.obj)
                0x08041094                cbprintf_package_convert
 .text.__printk_hook_install
                0x0804145c        0xc zephyr/libzephyr.a(printk.c.obj)
                0x0804145c                __printk_hook_install
 .text.z_thread_entry
                0x08041468       0x34 zephyr/libzephyr.a(thread_entry.c.obj)
                0x08041468                z_thread_entry
 .text.st_stm32_common_config
                0x0804149c       0x1c zephyr/libzephyr.a(soc_config.c.obj)
 .text.stm32_gpioport_init
                0x080414b8       0x20 zephyr/libzephyr.a(gpioport_mgr.c.obj)
 .text.stm32_gpioport_get
                0x080414d8       0x24 zephyr/libzephyr.a(gpioport_mgr.c.obj)
                0x080414d8                stm32_gpioport_get
 .text.stm32_gpioport_configure_pin
                0x080414fc       0xe4 zephyr/libzephyr.a(gpioport_mgr.c.obj)
                0x080414fc                stm32_gpioport_configure_pin
 .text.stm32_backup_domain_enable_access
                0x080415e0       0x3c zephyr/libzephyr.a(stm32_backup_domain.c.obj)
                0x080415e0                stm32_backup_domain_enable_access
 .text.stm32_backup_domain_disable_access
                0x0804161c       0x74 zephyr/libzephyr.a(stm32_backup_domain.c.obj)
                0x0804161c                stm32_backup_domain_disable_access
 .text.stm32h7_m4_wakeup
                0x08041690       0x60 zephyr/libzephyr.a(soc_m7.c.obj)
 .text.soc_early_init_hook
                0x080416f0       0x50 zephyr/libzephyr.a(soc_m7.c.obj)
                0x080416f0                soc_early_init_hook
 .text.ipc_service_open_instance
                0x08041740       0x40 zephyr/libzephyr.a(ipc_service.c.obj)
                0x08041740                ipc_service_open_instance
 .text.ipc_service_register_endpoint
                0x08041780       0x44 zephyr/libzephyr.a(ipc_service.c.obj)
                0x08041780                ipc_service_register_endpoint
 .text.ipc_service_send
                0x080417c4       0x5c zephyr/libzephyr.a(ipc_service.c.obj)
                0x080417c4                ipc_service_send
 .text.advertise_ept
                0x08041820       0x44 zephyr/libzephyr.a(ipc_rpmsg_static_vrings.c.obj)
 .text.open     0x08041864      0x1bc zephyr/libzephyr.a(ipc_rpmsg_static_vrings.c.obj)
 .text.ns_bind_cb
                0x08041a20       0x7c zephyr/libzephyr.a(ipc_rpmsg_static_vrings.c.obj)
 .text.bound_cb
                0x08041a9c       0x30 zephyr/libzephyr.a(ipc_rpmsg_static_vrings.c.obj)
 .text.send     0x08041acc       0x50 zephyr/libzephyr.a(ipc_rpmsg_static_vrings.c.obj)
 .text.register_ept
                0x08041b1c       0xf4 zephyr/libzephyr.a(ipc_rpmsg_static_vrings.c.obj)
 .text.deregister_ept
                0x08041c10       0x48 zephyr/libzephyr.a(ipc_rpmsg_static_vrings.c.obj)
 .text.ns_bind_cb
                0x08041c58       0x70 zephyr/libzephyr.a(ipc_rpmsg.c.obj)
 .text.ipc_rpmsg_register_ept
                0x08041cc8       0x3c zephyr/libzephyr.a(ipc_rpmsg.c.obj)
                0x08041cc8                ipc_rpmsg_register_ept
 .text.ipc_rpmsg_init
                0x08041d04       0x70 zephyr/libzephyr.a(ipc_rpmsg.c.obj)
                0x08041d04                ipc_rpmsg_init
 .text.ipc_static_vrings_init
                0x08041d74       0xbc zephyr/libzephyr.a(ipc_static_vrings.c.obj)
                0x08041d74                ipc_static_vrings_init
 .text.activate_foreach_backend
                0x08041e30       0x60 zephyr/libzephyr.a(log_core.c.obj)
 .text.enable_logger
                0x08041e90       0x5c zephyr/libzephyr.a(log_core.c.obj)
 .text.log_process_thread_timer_expiry_fn
                0x08041eec        0xc zephyr/libzephyr.a(log_core.c.obj)
 .text.z_log_init
                0x08041ef8       0x94 zephyr/libzephyr.a(log_core.c.obj)
 .text.log_format_func_t_get
                0x08041f8c        0xc zephyr/libzephyr.a(log_core.c.obj)
                0x08041f8c                log_format_func_t_get
 .text.log_set_timestamp_func
                0x08041f98       0x20 zephyr/libzephyr.a(log_core.c.obj)
                0x08041f98                log_set_timestamp_func
 .text.z_log_notify_backend_enabled
                0x08041fb8       0x1c zephyr/libzephyr.a(log_core.c.obj)
                0x08041fb8                z_log_notify_backend_enabled
 .text.z_log_dropped
                0x08041fd4       0x44 zephyr/libzephyr.a(log_core.c.obj)
                0x08041fd4                z_log_dropped
 .text.z_log_dropped_read_and_clear
                0x08042018       0x20 zephyr/libzephyr.a(log_core.c.obj)
                0x08042018                z_log_dropped_read_and_clear
 .text.dropped_notify
                0x08042038       0x30 zephyr/libzephyr.a(log_core.c.obj)
                0x08042038                dropped_notify
 .text.z_log_msg_init
                0x08042068       0x20 zephyr/libzephyr.a(log_core.c.obj)
                0x08042068                z_log_msg_init
 .text.log_core_init
                0x08042088       0x50 zephyr/libzephyr.a(log_core.c.obj)
                0x08042088                log_core_init
 .text.z_log_msg_alloc
                0x080420d8       0x10 zephyr/libzephyr.a(log_core.c.obj)
                0x080420d8                z_log_msg_alloc
 .text.z_log_msg_local_claim
                0x080420e8        0xc zephyr/libzephyr.a(log_core.c.obj)
                0x080420e8                z_log_msg_local_claim
 .text.z_log_msg_free
                0x080420f4       0x10 zephyr/libzephyr.a(log_core.c.obj)
                0x080420f4                z_log_msg_free
 .text.z_log_msg_pending
                0x08042104        0xc zephyr/libzephyr.a(log_core.c.obj)
                0x08042104                z_log_msg_pending
 .text.z_impl_log_process
                0x08042110       0xb8 zephyr/libzephyr.a(log_core.c.obj)
                0x08042110                z_impl_log_process
 .text.z_impl_log_panic
                0x080421c8       0x44 zephyr/libzephyr.a(log_core.c.obj)
                0x080421c8                z_impl_log_panic
 .text.log_process_thread_func
                0x0804220c       0xa0 zephyr/libzephyr.a(log_core.c.obj)
 .text.z_log_msg_post_finalize
                0x080422ac       0x78 zephyr/libzephyr.a(log_core.c.obj)
 .text.z_log_msg_commit
                0x08042324       0x24 zephyr/libzephyr.a(log_core.c.obj)
                0x08042324                z_log_msg_commit
 .text.log_source_name_get
                0x08042348       0x1c zephyr/libzephyr.a(log_mgmt.c.obj)
                0x08042348                log_source_name_get
 .text.z_impl_z_log_msg_static_create
                0x08042364      0x100 zephyr/libzephyr.a(log_msg.c.obj)
                0x08042364                z_impl_z_log_msg_static_create
 .text.z_log_msg_runtime_vcreate
                0x08042464       0xa4 zephyr/libzephyr.a(log_msg.c.obj)
                0x08042464                z_log_msg_runtime_vcreate
 .text.log_msg_get_source_id
                0x08042508       0x18 zephyr/libzephyr.a(log_msg.c.obj)
                0x08042508                log_msg_get_source_id
 .text.print_formatted
                0x08042520       0x24 zephyr/libzephyr.a(log_output.c.obj)
 .text.newline_print
                0x08042544       0x1c zephyr/libzephyr.a(log_output.c.obj)
 .text.log_output_process
                0x08042560      0x26c zephyr/libzephyr.a(log_output.c.obj)
                0x08042560                log_output_process
 .text.log_output_dropped_process
                0x080427cc       0x58 zephyr/libzephyr.a(log_output.c.obj)
                0x080427cc                log_output_dropped_process
 .text.log_output_timestamp_freq_set
                0x08042824       0x2c zephyr/libzephyr.a(log_output.c.obj)
                0x08042824                log_output_timestamp_freq_set
 .text.char_out
                0x08042850       0x24 zephyr/libzephyr.a(log_backend_uart.c.obj)
 .text.mem_attr_get_regions
                0x08042874        0xc zephyr/libzephyr.a(mem_attr.c.obj)
                0x08042874                mem_attr_get_regions
 .text.register_cdc_acm_0.constprop.0
                0x08042880       0x4c zephyr/libzephyr.a(cdc_acm_serial.c.obj)
 .text.cdc_acm_serial_init_device
                0x080428cc       0x6c zephyr/libzephyr.a(cdc_acm_serial.c.obj)
 .text.arch_bss_zero
                0x08042938       0x18 zephyr/arch/common/libarch__common.a(init.c.obj)
                0x08042938                arch_bss_zero
 .text.arch_data_copy
                0x08042950       0x38 zephyr/arch/common/libarch__common.a(xip.c.obj)
                0x08042950                arch_data_copy
 .text.z_arm_fatal_error
                0x08042988       0xb8 zephyr/arch/arch/arm/core/libarch__arm__core.a(fatal.c.obj)
                0x08042988                z_arm_fatal_error
 .text.z_SysNmiOnReset
                0x08042a40        0x8 zephyr/arch/arch/arm/core/libarch__arm__core.a(nmi_on_reset.S.obj)
                0x08042a40                z_SysNmiOnReset
 .text.arch_tls_stack_setup
                0x08042a48       0x40 zephyr/arch/arch/arm/core/libarch__arm__core.a(tls.c.obj)
                0x08042a48                arch_tls_stack_setup
 .text.usage_fault.isra.0
                0x08042a88       0xa8 zephyr/arch/arch/arm/core/cortex_m/libarch__arm__core__cortex_m.a(fault.c.obj)
 .text.bus_fault.isra.0
                0x08042b30       0xd0 zephyr/arch/arch/arm/core/cortex_m/libarch__arm__core__cortex_m.a(fault.c.obj)
 .text.mem_manage_fault
                0x08042c00      0x104 zephyr/arch/arch/arm/core/cortex_m/libarch__arm__core__cortex_m.a(fault.c.obj)
 .text.z_arm_fault
                0x08042d04      0x1dc zephyr/arch/arch/arm/core/cortex_m/libarch__arm__core__cortex_m.a(fault.c.obj)
                0x08042d04                z_arm_fault
 .text.z_arm_fault_init
                0x08042ee0       0x18 zephyr/arch/arch/arm/core/cortex_m/libarch__arm__core__cortex_m.a(fault.c.obj)
                0x08042ee0                z_arm_fault_init
 .text.__fault  0x08042ef8       0x14 zephyr/arch/arch/arm/core/cortex_m/libarch__arm__core__cortex_m.a(fault_s.S.obj)
                0x08042ef8                z_arm_bus_fault
                0x08042ef8                z_arm_usage_fault
                0x08042ef8                z_arm_mpu_fault
                0x08042ef8                z_arm_exc_spurious
                0x08042ef8                z_arm_debug_monitor
                0x08042ef8                z_arm_hard_fault
 .text._reset_section
                0x08042f0c       0x38 zephyr/arch/arch/arm/core/cortex_m/libarch__arm__core__cortex_m.a(reset.S.obj)
                0x08042f0c                z_arm_reset
                0x08042f0c                __start
 .text.z_arm_svc
                0x08042f44       0x24 zephyr/arch/arch/arm/core/cortex_m/libarch__arm__core__cortex_m.a(svc.S.obj)
                0x08042f44                z_arm_svc
 .text.arm_irq_enable
                0x08042f68       0x1c zephyr/arch/arch/arm/core/cortex_m/libarch__arm__core__cortex_m.a(irq_manage.c.obj)
                0x08042f68                arm_irq_enable
 .text.arm_irq_disable
                0x08042f84       0x28 zephyr/arch/arch/arm/core/cortex_m/libarch__arm__core__cortex_m.a(irq_manage.c.obj)
                0x08042f84                arm_irq_disable
 .text.arm_irq_is_enabled
                0x08042fac       0x1c zephyr/arch/arch/arm/core/cortex_m/libarch__arm__core__cortex_m.a(irq_manage.c.obj)
                0x08042fac                arm_irq_is_enabled
 .text.arm_irq_priority_set
                0x08042fc8       0x2c zephyr/arch/arch/arm/core/cortex_m/libarch__arm__core__cortex_m.a(irq_manage.c.obj)
                0x08042fc8                arm_irq_priority_set
 .text.relocate_vector_table
                0x08042ff4       0x1c zephyr/arch/arch/arm/core/cortex_m/libarch__arm__core__cortex_m.a(prep_c.c.obj)
                0x08042ff4                relocate_vector_table
 .text.z_prep_c
                0x08043010       0x3c zephyr/arch/arch/arm/core/cortex_m/libarch__arm__core__cortex_m.a(prep_c.c.obj)
                0x08043010                z_prep_c
 .text.arch_new_thread
                0x0804304c       0x2c zephyr/arch/arch/arm/core/cortex_m/libarch__arm__core__cortex_m.a(thread.c.obj)
                0x0804304c                arch_new_thread
 .text.z_check_thread_stack_fail
                0x08043078       0x2c zephyr/arch/arch/arm/core/cortex_m/libarch__arm__core__cortex_m.a(thread.c.obj)
                0x08043078                z_check_thread_stack_fail
 .text.arch_switch_to_main_thread
                0x080430a4       0x3c zephyr/arch/arch/arm/core/cortex_m/libarch__arm__core__cortex_m.a(thread.c.obj)
                0x080430a4                arch_switch_to_main_thread
 .text.z_arm_cpu_idle_init
                0x080430e0        0xc zephyr/arch/arch/arm/core/cortex_m/libarch__arm__core__cortex_m.a(cpu_idle.c.obj)
                0x080430e0                z_arm_cpu_idle_init
 .text._HandlerModeExit
                0x080430ec       0x20 zephyr/arch/arch/arm/core/cortex_m/libarch__arm__core__cortex_m.a(exc_exit.c.obj)
                0x080430ec                z_arm_exc_exit
                0x080430ec                z_arm_int_exit
 .text.z_impl_k_thread_abort
                0x0804310c       0x2c zephyr/arch/arch/arm/core/cortex_m/libarch__arm__core__cortex_m.a(thread_abort.c.obj)
                0x0804310c                z_impl_k_thread_abort
 .text.z_arm_pendsv
                0x08043138       0x60 zephyr/arch/arch/arm/core/cortex_m/libarch__arm__core__cortex_m.a(swap_helper.S.obj)
                0x08043138                z_arm_pendsv
 .text.z_arm_interrupt_init
                0x08043198       0x18 zephyr/arch/arch/arm/core/cortex_m/libarch__arm__core__cortex_m.a(irq_init.c.obj)
                0x08043198                z_arm_interrupt_init
 .text._isr_wrapper
                0x080431b0       0x24 zephyr/arch/arch/arm/core/cortex_m/libarch__arm__core__cortex_m.a(isr_wrapper.c.obj)
                0x080431b0                _isr_wrapper
 .text.__aeabi_read_tp
                0x080431d4        0xc zephyr/arch/arch/arm/core/cortex_m/libarch__arm__core__cortex_m.a(__aeabi_read_tp.S.obj)
                0x080431d4                __aeabi_read_tp
 .text.arch_dcache_enable
                0x080431e0       0x5c zephyr/arch/arch/arm/core/cortex_m/libarch__arm__core__cortex_m.a(cache.c.obj)
                0x080431e0                arch_dcache_enable
 .text.arch_dcache_flush_range
                0x0804323c       0x30 zephyr/arch/arch/arm/core/cortex_m/libarch__arm__core__cortex_m.a(cache.c.obj)
                0x0804323c                arch_dcache_flush_range
 .text.arch_dcache_invd_range
                0x0804326c       0x30 zephyr/arch/arch/arm/core/cortex_m/libarch__arm__core__cortex_m.a(cache.c.obj)
                0x0804326c                arch_dcache_invd_range
 .text.arch_icache_enable
                0x0804329c       0x34 zephyr/arch/arch/arm/core/cortex_m/libarch__arm__core__cortex_m.a(cache.c.obj)
                0x0804329c                arch_icache_enable
 .text.z_arm_configure_static_mpu_regions
                0x080432d0       0x18 zephyr/arch/arch/arm/core/mpu/libarch__arm__core__mpu.a(arm_core_mpu.c.obj)
                0x080432d0                z_arm_configure_static_mpu_regions
 .text.z_arm_configure_dynamic_mpu_regions
                0x080432e8       0x20 zephyr/arch/arch/arm/core/mpu/libarch__arm__core__mpu.a(arm_core_mpu.c.obj)
                0x080432e8                z_arm_configure_dynamic_mpu_regions
 .text.region_allocate_and_init
                0x08043308       0x54 zephyr/arch/arch/arm/core/mpu/libarch__arm__core__mpu.a(arm_mpu.c.obj)
 .text.mpu_configure_regions
                0x0804335c       0x68 zephyr/arch/arch/arm/core/mpu/libarch__arm__core__mpu.a(arm_mpu.c.obj)
 .text.arm_core_mpu_enable
                0x080433c4       0x18 zephyr/arch/arch/arm/core/mpu/libarch__arm__core__mpu.a(arm_mpu.c.obj)
                0x080433c4                arm_core_mpu_enable
 .text.arm_core_mpu_disable
                0x080433dc       0x14 zephyr/arch/arch/arm/core/mpu/libarch__arm__core__mpu.a(arm_mpu.c.obj)
                0x080433dc                arm_core_mpu_disable
 .text.arm_core_mpu_configure_static_mpu_regions
                0x080433f0       0x14 zephyr/arch/arch/arm/core/mpu/libarch__arm__core__mpu.a(arm_mpu.c.obj)
                0x080433f0                arm_core_mpu_configure_static_mpu_regions
 .text.arm_core_mpu_configure_dynamic_mpu_regions
                0x08043404       0x38 zephyr/arch/arch/arm/core/mpu/libarch__arm__core__mpu.a(arm_mpu.c.obj)
                0x08043404                arm_core_mpu_configure_dynamic_mpu_regions
 .text.z_arm_mpu_init
                0x0804343c      0x194 zephyr/arch/arch/arm/core/mpu/libarch__arm__core__mpu.a(arm_mpu.c.obj)
                0x0804343c                z_arm_mpu_init
 .text.cbvprintf
                0x080435d0       0x38 zephyr/lib/libc/picolibc/liblib__libc__picolibc.a(cbprintf.c.obj)
                0x080435d0                cbvprintf
 .text.z_impl_zephyr_fputc
                0x08043608       0x10 zephyr/lib/libc/picolibc/liblib__libc__picolibc.a(stdio.c.obj)
                0x08043608                z_impl_zephyr_fputc
 .text.__stdout_hook_install
                0x08043618       0x18 zephyr/lib/libc/picolibc/liblib__libc__picolibc.a(stdio.c.obj)
                0x08043618                __stdout_hook_install
 .text.malloc_prepare
                0x08043630       0x24 zephyr/lib/libc/common/liblib__libc__common.a(malloc.c.obj)
 .text.net_buf_destroy
                0x08043654       0x38 zephyr/lib/net_buf/liblib__net_buf.a(buf.c.obj)
 .text.net_buf_pool_get
                0x0804368c       0x10 zephyr/lib/net_buf/liblib__net_buf.a(buf.c.obj)
                0x0804368c                net_buf_pool_get
 .text.net_buf_id
                0x0804369c       0x20 zephyr/lib/net_buf/liblib__net_buf.a(buf.c.obj)
                0x0804369c                net_buf_id
 .text.fixed_data_alloc
                0x080436bc       0x24 zephyr/lib/net_buf/liblib__net_buf.a(buf.c.obj)
 .text.net_buf_alloc_len
                0x080436e0       0xfc zephyr/lib/net_buf/liblib__net_buf.a(buf.c.obj)
                0x080436e0                net_buf_alloc_len
 .text.net_buf_unref
                0x080437dc       0x3c zephyr/lib/net_buf/liblib__net_buf.a(buf.c.obj)
                0x080437dc                net_buf_unref
 .text.sreq_get_desc_cfg.isra.0
                0x08043818       0xe4 zephyr/subsys/usb/device_next/libsubsys__usb__device_next.a(usbd_ch9.c.obj)
 .text.nonstd_request
                0x080438fc       0xac zephyr/subsys/usb/device_next/libsubsys__usb__device_next.a(usbd_ch9.c.obj)
 .text.usbd_handle_ctrl_xfer
                0x080439a8      0x928 zephyr/subsys/usb/device_next/libsubsys__usb__device_next.a(usbd_ch9.c.obj)
                0x080439a8                usbd_handle_ctrl_xfer
 .text.usbd_event_carrier
                0x080442d0       0x48 zephyr/subsys/usb/device_next/libsubsys__usb__device_next.a(usbd_core.c.obj)
 .text.usbd_thread
                0x08044318      0x188 zephyr/subsys/usb/device_next/libsubsys__usb__device_next.a(usbd_core.c.obj)
 .text.usbd_pre_init
                0x080444a0       0xa4 zephyr/subsys/usb/device_next/libsubsys__usb__device_next.a(usbd_core.c.obj)
 .text.usbd_device_init_core
                0x08044544       0x30 zephyr/subsys/usb/device_next/libsubsys__usb__device_next.a(usbd_core.c.obj)
                0x08044544                usbd_device_init_core
 .text.usbd_class_node_get
                0x08044574       0x54 zephyr/subsys/usb/device_next/libsubsys__usb__device_next.a(usbd_class.c.obj)
 .text.msg_work_handler
                0x080445c8       0x88 zephyr/subsys/usb/device_next/libsubsys__usb__device_next.a(usbd_msg.c.obj)
 .text.usbd_msg_pub
                0x08044650       0x6c zephyr/subsys/usb/device_next/libsubsys__usb__device_next.a(usbd_msg.c.obj)
 .text.usbd_cdc_acm_ctd
                0x080446bc       0x60 zephyr/subsys/usb/device_next/libsubsys__usb__device_next.a(usbd_cdc_acm.c.obj)
 .text.usbd_cdc_acm_cth
                0x0804471c       0x44 zephyr/subsys/usb/device_next/libsubsys__usb__device_next.a(usbd_cdc_acm.c.obj)
 .text.cdc_acm_poll_out
                0x08044760       0x74 zephyr/subsys/usb/device_next/libsubsys__usb__device_next.a(usbd_cdc_acm.c.obj)
 .text.usbd_cdc_acm_preinit
                0x080447d4       0x4c zephyr/subsys/usb/device_next/libsubsys__usb__device_next.a(usbd_cdc_acm.c.obj)
 .text.cdc_acm_tx_fifo_handler
                0x08044820       0xd4 zephyr/subsys/usb/device_next/libsubsys__usb__device_next.a(usbd_cdc_acm.c.obj)
 .text.cdc_acm_rx_fifo_handler
                0x080448f4       0xa8 zephyr/subsys/usb/device_next/libsubsys__usb__device_next.a(usbd_cdc_acm.c.obj)
 .text.z_stm32_hsem_lock.constprop.0
                0x0804499c       0x34 zephyr/drivers/interrupt_controller/libdrivers__interrupt_controller.a(intc_exti_stm32.c.obj)
 .text.stm32_exti_init
                0x080449d0       0x2c zephyr/drivers/interrupt_controller/libdrivers__interrupt_controller.a(intc_exti_stm32.c.obj)
 .text.stm32_exti_is_pending
                0x080449fc       0x60 zephyr/drivers/interrupt_controller/libdrivers__interrupt_controller.a(intc_exti_stm32.c.obj)
                0x080449fc                stm32_exti_is_pending
 .text.stm32_exti_clear_pending
                0x08044a5c       0x5c zephyr/drivers/interrupt_controller/libdrivers__interrupt_controller.a(intc_exti_stm32.c.obj)
                0x08044a5c                stm32_exti_clear_pending
 .text.stm32_fill_irq_table
                0x08044ab8       0x18 zephyr/drivers/interrupt_controller/libdrivers__interrupt_controller.a(intc_gpio_stm32.c.obj)
 .text.stm32_intc_gpio_isr
                0x08044ad0       0x4c zephyr/drivers/interrupt_controller/libdrivers__interrupt_controller.a(intc_gpio_stm32.c.obj)
 .text.z_stm32_hsem_lock.constprop.0
                0x08044b1c       0x34 zephyr/drivers/interrupt_controller/libdrivers__interrupt_controller.a(intc_gpio_stm32.c.obj)
 .text.stm32_gpio_intc_enable_line
                0x08044b50       0x30 zephyr/drivers/interrupt_controller/libdrivers__interrupt_controller.a(intc_gpio_stm32.c.obj)
                0x08044b50                stm32_gpio_intc_enable_line
 .text.stm32_gpio_intc_select_line_trigger
                0x08044b80       0x68 zephyr/drivers/interrupt_controller/libdrivers__interrupt_controller.a(intc_gpio_stm32.c.obj)
                0x08044b80                stm32_gpio_intc_select_line_trigger
 .text.stm32_gpio_intc_set_irq_callback
                0x08044be8       0x40 zephyr/drivers/interrupt_controller/libdrivers__interrupt_controller.a(intc_gpio_stm32.c.obj)
                0x08044be8                stm32_gpio_intc_set_irq_callback
 .text.stm32_gpio_intc_remove_irq_callback
                0x08044c28       0x24 zephyr/drivers/interrupt_controller/libdrivers__interrupt_controller.a(intc_gpio_stm32.c.obj)
                0x08044c28                stm32_gpio_intc_remove_irq_callback
 .text.stm32_exti_set_line_src_port
                0x08044c4c       0x50 zephyr/drivers/interrupt_controller/libdrivers__interrupt_controller.a(intc_gpio_stm32.c.obj)
                0x08044c4c                stm32_exti_set_line_src_port
 .text.stm32_exti_get_line_src_port
                0x08044c9c       0x38 zephyr/drivers/interrupt_controller/libdrivers__interrupt_controller.a(intc_gpio_stm32.c.obj)
                0x08044c9c                stm32_exti_get_line_src_port
 .text.udc_set_suspended
                0x08044cd4       0x98 zephyr/drivers/usb/udc/libdrivers__usb__udc.a(udc_common.c.obj)
                0x08044cd4                udc_set_suspended
 .text.udc_ep_enable_internal
                0x08044d6c       0x88 zephyr/drivers/usb/udc/libdrivers__usb__udc.a(udc_common.c.obj)
                0x08044d6c                udc_ep_enable_internal
 .text.udc_ep_disable_internal
                0x08044df4       0x54 zephyr/drivers/usb/udc/libdrivers__usb__udc.a(udc_common.c.obj)
                0x08044df4                udc_ep_disable_internal
 .text.udc_ep_dequeue
                0x08044e48       0x60 zephyr/drivers/usb/udc/libdrivers__usb__udc.a(udc_common.c.obj)
                0x08044e48                udc_ep_dequeue
 .text.udc_ep_buf_alloc
                0x08044ea8       0x54 zephyr/drivers/usb/udc/libdrivers__usb__udc.a(udc_common.c.obj)
                0x08044ea8                udc_ep_buf_alloc
 .text.udc_stm32_ep_set_halt
                0x08044efc       0x44 zephyr/drivers/usb/udc/libdrivers__usb__udc.a(udc_stm32.c.obj)
 .text.udc_stm32_ep_mem_config
                0x08044f40       0xa0 zephyr/drivers/usb/udc/libdrivers__usb__udc.a(udc_stm32.c.obj)
 .text.udc_stm32_enable
                0x08044fe0       0xb0 zephyr/drivers/usb/udc/libdrivers__usb__udc.a(udc_stm32.c.obj)
 .text.udc_stm32_disable
                0x08045090       0x5c zephyr/drivers/usb/udc/libdrivers__usb__udc.a(udc_stm32.c.obj)
 .text.udc_stm32_host_wakeup
                0x080450ec       0x54 zephyr/drivers/usb/udc/libdrivers__usb__udc.a(udc_stm32.c.obj)
 .text.udc_stm32_shutdown
                0x08045140       0x9c zephyr/drivers/usb/udc/libdrivers__usb__udc.a(udc_stm32.c.obj)
 .text.udc_stm32_init
                0x080451dc      0x130 zephyr/drivers/usb/udc/libdrivers__usb__udc.a(udc_stm32.c.obj)
                0x080451dc                udc_stm32_init
 .text.udc_stm32_driver_preinit
                0x0804530c      0x1f8 zephyr/drivers/usb/udc/libdrivers__usb__udc.a(udc_stm32.c.obj)
 .text.udc_stm32_tx.isra.0
                0x08045504       0x60 zephyr/drivers/usb/udc/libdrivers__usb__udc.a(udc_stm32.c.obj)
 .text.udc_stm32_initiate_ep_rx.isra.0
                0x08045564       0x58 zephyr/drivers/usb/udc/libdrivers__usb__udc.a(udc_stm32.c.obj)
 .text.udc_stm32_thread_handler
                0x080455bc      0x18c zephyr/drivers/usb/udc/libdrivers__usb__udc.a(udc_stm32.c.obj)
 .text.udc_stm32_ep_enable
                0x08045748       0x54 zephyr/drivers/usb/udc/libdrivers__usb__udc.a(udc_stm32.c.obj)
 .text.udc_stm32_set_address
                0x0804579c       0x30 zephyr/drivers/usb/udc/libdrivers__usb__udc.a(udc_stm32.c.obj)
 .text.udc_stm32_ep_disable
                0x080457cc       0x44 zephyr/drivers/usb/udc/libdrivers__usb__udc.a(udc_stm32.c.obj)
 .text.udc_stm32_ep_clear_halt
                0x08045810       0x7c zephyr/drivers/usb/udc/libdrivers__usb__udc.a(udc_stm32.c.obj)
 .text.HAL_PCD_DataOutStageCallback
                0x0804588c       0x3c zephyr/drivers/usb/udc/libdrivers__usb__udc.a(udc_stm32.c.obj)
                0x0804588c                HAL_PCD_DataOutStageCallback
 .text.HAL_PCD_DataInStageCallback
                0x080458c8       0x38 zephyr/drivers/usb/udc/libdrivers__usb__udc.a(udc_stm32.c.obj)
                0x080458c8                HAL_PCD_DataInStageCallback
 .text.HAL_PCD_SetupStageCallback
                0x08045900       0x30 zephyr/drivers/usb/udc/libdrivers__usb__udc.a(udc_stm32.c.obj)
                0x08045900                HAL_PCD_SetupStageCallback
 .text.stm32_usb_pwr_enable
                0x08045930       0x6c zephyr/drivers/usb/common/stm32/libdrivers__usb__common__stm32.a(stm32_usb_pwr.c.obj)
                0x08045930                stm32_usb_pwr_enable
 .text.stm32_usb_pwr_disable
                0x0804599c       0x40 zephyr/drivers/usb/common/stm32/libdrivers__usb__common__stm32.a(stm32_usb_pwr.c.obj)
                0x0804599c                stm32_usb_pwr_disable
 .text.stm32_embedded_fs_phy_enable
                0x080459dc       0x18 zephyr/drivers/usb/common/stm32/libdrivers__usb__common__stm32.a(phy_embeddedfs_ulpi_off.c.obj)
 .text.stm32_embedded_fs_phy_disable
                0x080459f4       0x24 zephyr/drivers/usb/common/stm32/libdrivers__usb__common__stm32.a(phy_embeddedfs_ulpi_off.c.obj)
 .text.stm32_clock_control_get_subsys_rate
                0x08045a18       0xe4 zephyr/drivers/clock_control/libdrivers__clock_control.a(clock_stm32_ll_h7.c.obj)
 .text.z_stm32_hsem_lock.constprop.0
                0x08045afc       0x34 zephyr/drivers/clock_control/libdrivers__clock_control.a(clock_stm32_ll_h7.c.obj)
 .text.stm32_clock_control_off
                0x08045b30       0x44 zephyr/drivers/clock_control/libdrivers__clock_control.a(clock_stm32_ll_h7.c.obj)
 .text.stm32_clock_control_on
                0x08045b74       0x58 zephyr/drivers/clock_control/libdrivers__clock_control.a(clock_stm32_ll_h7.c.obj)
 .text.stm32_clock_control_init
                0x08045bcc      0x220 zephyr/drivers/clock_control/libdrivers__clock_control.a(clock_stm32_ll_h7.c.obj)
                0x08045bcc                stm32_clock_control_init
 .text.enabled_clock
                0x08045dec       0x20 zephyr/drivers/clock_control/libdrivers__clock_control.a(clock_stm32_ll_h7.c.obj)
                0x08045dec                enabled_clock
 .text.stm32_clock_control_configure
                0x08045e0c       0x5c zephyr/drivers/clock_control/libdrivers__clock_control.a(clock_stm32_ll_h7.c.obj)
 .text.uart_console_init
                0x08045e68       0x28 zephyr/drivers/console/libdrivers__console.a(uart_console.c.obj)
 .text.console_out
                0x08045e90       0x28 zephyr/drivers/console/libdrivers__console.a(uart_console.c.obj)
 .text.gpio_stm32_pin_interrupt_configure
                0x08045eb8       0xac zephyr/drivers/gpio/libdrivers__gpio.a(gpio_stm32.c.obj)
 .text.z_stm32_hsem_lock.constprop.0
                0x08045f64       0x34 zephyr/drivers/gpio/libdrivers__gpio.a(gpio_stm32.c.obj)
 .text.gpio_stm32_port_toggle_bits
                0x08045f98       0x24 zephyr/drivers/gpio/libdrivers__gpio.a(gpio_stm32.c.obj)
 .text.gpio_stm32_port_set_masked_raw
                0x08045fbc       0x28 zephyr/drivers/gpio/libdrivers__gpio.a(gpio_stm32.c.obj)
 .text.z_impl_hwinfo_get_device_id
                0x08045fe4       0x38 zephyr/drivers/hwinfo/libdrivers__hwinfo.a(hwinfo_stm32.c.obj)
                0x08045fe4                z_impl_hwinfo_get_device_id
 .text.mbox_dispatcher
                0x0804601c       0x28 zephyr/drivers/mbox/libdrivers__mbox.a(mbox_stm32_hsem.c.obj)
 .text.mbox_stm32_hsem_set_enabled
                0x08046044       0x34 zephyr/drivers/mbox/libdrivers__mbox.a(mbox_stm32_hsem.c.obj)
 .text.mbox_stm32_hsem_init
                0x08046078       0x48 zephyr/drivers/mbox/libdrivers__mbox.a(mbox_stm32_hsem.c.obj)
 .text.mbox_stm32_hsem_send
                0x080460c0       0x5c zephyr/drivers/mbox/libdrivers__mbox.a(mbox_stm32_hsem.c.obj)
 .text.uart_stm32_irq_err_enable
                0x0804611c       0x78 zephyr/drivers/serial/libdrivers__serial.a(uart_stm32.c.obj)
 .text.uart_stm32_irq_err_disable
                0x08046194       0x78 zephyr/drivers/serial/libdrivers__serial.a(uart_stm32.c.obj)
 .text.uart_stm32_set_baudrate
                0x0804620c       0xa4 zephyr/drivers/serial/libdrivers__serial.a(uart_stm32.c.obj)
 .text.uart_stm32_parameters_set
                0x080462b0      0x144 zephyr/drivers/serial/libdrivers__serial.a(uart_stm32.c.obj)
 .text.uart_stm32_init
                0x080463f4      0x1e0 zephyr/drivers/serial/libdrivers__serial.a(uart_stm32.c.obj)
 .text.uart_stm32_configure
                0x080465d4      0x128 zephyr/drivers/serial/libdrivers__serial.a(uart_stm32.c.obj)
 .text.elapsed  0x080466fc       0x44 zephyr/drivers/timer/libdrivers__timer.a(cortex_m_systick.c.obj)
 .text.sys_clock_driver_init
                0x08046740       0x34 zephyr/drivers/timer/libdrivers__timer.a(cortex_m_systick.c.obj)
 .text.sys_clock_isr
                0x08046774       0x6c zephyr/drivers/timer/libdrivers__timer.a(cortex_m_systick.c.obj)
                0x08046774                sys_clock_isr
 .text.sys_clock_set_timeout
                0x080467e0       0xfc zephyr/drivers/timer/libdrivers__timer.a(cortex_m_systick.c.obj)
                0x080467e0                sys_clock_set_timeout
 .text.sys_clock_elapsed
                0x080468dc       0x3c zephyr/drivers/timer/libdrivers__timer.a(cortex_m_systick.c.obj)
                0x080468dc                sys_clock_elapsed
 .text.HAL_RCC_GetSysClockFreq
                0x08046918      0x158 modules/hal_stm32/stm32cube/lib..__modules__hal__stm32__stm32cube.a(stm32h7xx_hal_rcc.c.obj)
                0x08046918                HAL_RCC_GetSysClockFreq
 .text.HAL_RCC_GetHCLKFreq
                0x08046a70       0x44 modules/hal_stm32/stm32cube/lib..__modules__hal__stm32__stm32cube.a(stm32h7xx_hal_rcc.c.obj)
                0x08046a70                HAL_RCC_GetHCLKFreq
 .text.HAL_PCD_IRQHandler
                0x08046ab4      0x6cc modules/hal_stm32/stm32cube/lib..__modules__hal__stm32__stm32cube.a(stm32h7xx_hal_pcd.c.obj)
                0x08046ab4                HAL_PCD_IRQHandler
 .text.USB_SetTurnaroundTime
                0x08047180       0xe0 modules/hal_stm32/stm32cube/lib..__modules__hal__stm32__stm32cube.a(stm32h7xx_ll_usb.c.obj)
                0x08047180                USB_SetTurnaroundTime
 .text.USB_DevInit
                0x08047260      0x170 modules/hal_stm32/stm32cube/lib..__modules__hal__stm32__stm32cube.a(stm32h7xx_ll_usb.c.obj)
                0x08047260                USB_DevInit
 .text.USB_DeactivateEndpoint
                0x080473d0       0xc0 modules/hal_stm32/stm32cube/lib..__modules__hal__stm32__stm32cube.a(stm32h7xx_ll_usb.c.obj)
                0x080473d0                USB_DeactivateEndpoint
 .text.USB_EPStartXfer
                0x08047490      0x1cc modules/hal_stm32/stm32cube/lib..__modules__hal__stm32__stm32cube.a(stm32h7xx_ll_usb.c.obj)
                0x08047490                USB_EPStartXfer
 .text.USB_EP0_OutStart
                0x0804765c       0x4c modules/hal_stm32/stm32cube/lib..__modules__hal__stm32__stm32cube.a(stm32h7xx_ll_usb.c.obj)
                0x0804765c                USB_EP0_OutStart
 .text.LL_SetFlashLatency
                0x080476a8       0xf4 modules/hal_stm32/stm32cube/lib..__modules__hal__stm32__stm32cube.a(stm32h7xx_ll_utils.c.obj)
                0x080476a8                LL_SetFlashLatency
 .text.metal_generic_dev_open
                0x0804779c       0x40 modules/libmetal/libmetal/lib/libmetal.a(device.c.obj)
                0x0804779c                metal_generic_dev_open
 .text.metal_bus_unregister
                0x080477dc       0x3c modules/libmetal/libmetal/lib/libmetal.a(device.c.obj)
                0x080477dc                metal_bus_unregister
 .text.metal_bus_find
                0x08047818       0x3c modules/libmetal/libmetal/lib/libmetal.a(device.c.obj)
                0x08047818                metal_bus_find
 .text.metal_bus_register
                0x08047854       0x5c modules/libmetal/libmetal/lib/libmetal.a(device.c.obj)
                0x08047854                metal_bus_register
 .text.metal_init
                0x080478b0       0x50 modules/libmetal/libmetal/lib/libmetal.a(init.c.obj)
                0x080478b0                metal_init
 .text.metal_finish
                0x08047900       0x24 modules/libmetal/libmetal/lib/libmetal.a(init.c.obj)
                0x08047900                metal_finish
 .text.metal_sys_init
                0x08047924       0x10 modules/libmetal/libmetal/lib/libmetal.a(init.c.obj)
                0x08047924                metal_sys_init
 .text.metal_sys_finish
                0x08047934        0xc modules/libmetal/libmetal/lib/libmetal.a(init.c.obj)
                0x08047934                metal_sys_finish
 .text.metal_zephyr_log_handler
                0x08047940       0x3c modules/libmetal/libmetal/lib/libmetal.a(log.c.obj)
                0x08047940                metal_zephyr_log_handler
 .text.virtio_create_virtqueues
                0x0804797c       0xbc modules/open-amp/open-amp/lib/libopen_amp.a(virtio.c.obj)
                0x0804797c                virtio_create_virtqueues
 .text.virtqueue_free
                0x08047a38       0x38 modules/open-amp/open-amp/lib/libopen_amp.a(virtqueue.c.obj)
                0x08047a38                virtqueue_free
 .text.rpmsg_send_offchannel_raw
                0x08047a70       0x2c modules/open-amp/open-amp/lib/libopen_amp.a(rpmsg.c.obj)
                0x08047a70                rpmsg_send_offchannel_raw
 .text.rpmsg_send_offchannel_nocopy
                0x08047a9c       0x2c modules/open-amp/open-amp/lib/libopen_amp.a(rpmsg.c.obj)
                0x08047a9c                rpmsg_send_offchannel_nocopy
 .text.rpmsg_create_ept
                0x08047ac8      0x114 modules/open-amp/open-amp/lib/libopen_amp.a(rpmsg.c.obj)
                0x08047ac8                rpmsg_create_ept
 .text.rpmsg_virtio_buf_held_dec_test
                0x08047bdc       0x38 modules/open-amp/open-amp/lib/libopen_amp.a(rpmsg_virtio.c.obj)
 .text.rpmsg_virtio_get_tx_buffer_size
                0x08047c14       0x44 modules/open-amp/open-amp/lib/libopen_amp.a(rpmsg_virtio.c.obj)
                0x08047c14                rpmsg_virtio_get_tx_buffer_size
 .text.rpmsg_virtio_get_rx_buffer_size
                0x08047c58       0x44 modules/open-amp/open-amp/lib/libopen_amp.a(rpmsg_virtio.c.obj)
                0x08047c58                rpmsg_virtio_get_rx_buffer_size
 .text.rpmsg_virtio_send_offchannel_raw
                0x08047c9c       0x5c modules/open-amp/open-amp/lib/libopen_amp.a(rpmsg_virtio.c.obj)
 .text.rpmsg_init_vdev_with_config
                0x08047cf8      0x228 modules/open-amp/open-amp/lib/libopen_amp.a(rpmsg_virtio.c.obj)
                0x08047cf8                rpmsg_init_vdev_with_config
 .text.rpmsg_init_vdev
                0x08047f20       0x2c modules/open-amp/open-amp/lib/libopen_amp.a(rpmsg_virtio.c.obj)
                0x08047f20                rpmsg_init_vdev
 .text.k_sys_fatal_error_handler
                0x08047f4c       0x20 zephyr/kernel/libkernel.a(fatal.c.obj)
                0x08047f4c                k_sys_fatal_error_handler
 .text.z_fatal_error
                0x08047f6c       0xec zephyr/kernel/libkernel.a(fatal.c.obj)
                0x08047f6c                z_fatal_error
 .text.z_sys_init_run_level
                0x08048058       0x30 zephyr/kernel/libkernel.a(init.c.obj)
 .text.bg_thread_main
                0x08048088       0xbc zephyr/kernel/libkernel.a(init.c.obj)
 .text.z_init_cpu
                0x08048144       0x70 zephyr/kernel/libkernel.a(init.c.obj)
                0x08048144                z_init_cpu
 .text.z_cstart
                0x080481b4       0xc8 zephyr/kernel/libkernel.a(init.c.obj)
                0x080481b4                z_cstart
 .text.statics_init
                0x0804827c       0x24 zephyr/kernel/libkernel.a(kheap.c.obj)
 .text.k_heap_aligned_alloc
                0x080482a0       0x1c zephyr/kernel/libkernel.a(kheap.c.obj)
                0x080482a0                k_heap_aligned_alloc
 .text.init_mem_slab_obj_core_list
                0x080482bc       0x28 zephyr/kernel/libkernel.a(mem_slab.c.obj)
 .text.k_mem_slab_alloc
                0x080482e4       0x5c zephyr/kernel/libkernel.a(mem_slab.c.obj)
                0x080482e4                k_mem_slab_alloc
 .text.put_msg_in_queue
                0x08048340       0xc8 zephyr/kernel/libkernel.a(msg_q.c.obj)
 .text.z_impl_k_msgq_get
                0x08048408       0xc4 zephyr/kernel/libkernel.a(msg_q.c.obj)
                0x08048408                z_impl_k_msgq_get
 .text.z_impl_k_mutex_lock
                0x080484cc       0xe4 zephyr/kernel/libkernel.a(mutex.c.obj)
                0x080484cc                z_impl_k_mutex_lock
 .text.z_impl_k_mutex_unlock
                0x080485b0       0xa0 zephyr/kernel/libkernel.a(mutex.c.obj)
                0x080485b0                z_impl_k_mutex_unlock
 .text.z_impl_k_queue_get
                0x08048650       0x64 zephyr/kernel/libkernel.a(queue.c.obj)
                0x08048650                z_impl_k_queue_get
 .text.z_impl_k_sem_give
                0x080486b4       0x68 zephyr/kernel/libkernel.a(sem.c.obj)
                0x080486b4                z_impl_k_sem_give
 .text.z_impl_k_sem_take
                0x0804871c       0x4c zephyr/kernel/libkernel.a(sem.c.obj)
                0x0804871c                z_impl_k_sem_take
 .text.z_impl_k_sem_reset
                0x08048768       0x6c zephyr/kernel/libkernel.a(sem.c.obj)
                0x08048768                z_impl_k_sem_reset
 .text.work_queue_main
                0x080487d4      0x160 zephyr/kernel/libkernel.a(work.c.obj)
 .text.submit_to_queue_locked
                0x08048934       0xa4 zephyr/kernel/libkernel.a(work.c.obj)
 .text.work_flush_locked
                0x080489d8       0x78 zephyr/kernel/libkernel.a(work.c.obj)
 .text.k_work_submit
                0x08048a50        0xc zephyr/kernel/libkernel.a(work.c.obj)
                0x08048a50                k_work_submit
 .text.k_work_queue_start
                0x08048a5c       0x80 zephyr/kernel/libkernel.a(work.c.obj)
                0x08048a5c                k_work_queue_start
 .text.k_work_queue_drain
                0x08048adc       0x6c zephyr/kernel/libkernel.a(work.c.obj)
                0x08048adc                k_work_queue_drain
 .text.k_work_schedule_for_queue
                0x08048b48       0x54 zephyr/kernel/libkernel.a(work.c.obj)
                0x08048b48                k_work_schedule_for_queue
 .text.k_work_schedule
                0x08048b9c        0xc zephyr/kernel/libkernel.a(work.c.obj)
                0x08048b9c                k_work_schedule
 .text.k_work_reschedule_for_queue
                0x08048ba8       0x5c zephyr/kernel/libkernel.a(work.c.obj)
                0x08048ba8                k_work_reschedule_for_queue
 .text.k_work_reschedule
                0x08048c04        0xc zephyr/kernel/libkernel.a(work.c.obj)
                0x08048c04                k_work_reschedule
 .text.z_setup_new_thread
                0x08048c10       0x9c zephyr/kernel/libkernel.a(thread.c.obj)
                0x08048c10                z_setup_new_thread
 .text.z_impl_k_thread_create
                0x08048cac       0x58 zephyr/kernel/libkernel.a(thread.c.obj)
                0x08048cac                z_impl_k_thread_create
 .text.z_dummy_thread_init
                0x08048d04       0x20 zephyr/kernel/libkernel.a(thread.c.obj)
                0x08048d04                z_dummy_thread_init
 .text.z_swap_irqlock
                0x08048d24       0x30 zephyr/kernel/libkernel.a(sched.c.obj)
 .text.ready_thread
                0x08048d54       0x80 zephyr/kernel/libkernel.a(sched.c.obj)
 .text.unready_thread
                0x08048dd4       0x54 zephyr/kernel/libkernel.a(sched.c.obj)
 .text.add_thread_timeout
                0x08048e28       0x1c zephyr/kernel/libkernel.a(sched.c.obj)
 .text.reschedule.isra.0
                0x08048e44       0x28 zephyr/kernel/libkernel.a(sched.c.obj)
 .text.move_current_to_end_of_prio_q
                0x08048e6c       0x6c zephyr/kernel/libkernel.a(sched.c.obj)
                0x08048e6c                move_current_to_end_of_prio_q
 .text.z_pend_curr
                0x08048ed8       0x44 zephyr/kernel/libkernel.a(sched.c.obj)
                0x08048ed8                z_pend_curr
 .text.z_thread_prio_set
                0x08048f1c       0xd8 zephyr/kernel/libkernel.a(sched.c.obj)
                0x08048f1c                z_thread_prio_set
 .text.z_reschedule_irqlock
                0x08048ff4       0x28 zephyr/kernel/libkernel.a(sched.c.obj)
                0x08048ff4                z_reschedule_irqlock
 .text.k_sched_lock
                0x0804901c       0x28 zephyr/kernel/libkernel.a(sched.c.obj)
                0x0804901c                k_sched_lock
 .text.k_sched_unlock
                0x08049044       0x54 zephyr/kernel/libkernel.a(sched.c.obj)
                0x08049044                k_sched_unlock
 .text.z_sched_init
                0x08049098       0x10 zephyr/kernel/libkernel.a(sched.c.obj)
                0x08049098                z_sched_init
 .text.z_impl_k_yield
                0x080490a8       0x84 zephyr/kernel/libkernel.a(sched.c.obj)
                0x080490a8                z_impl_k_yield
 .text.z_tick_sleep
                0x0804912c       0x78 zephyr/kernel/libkernel.a(sched.c.obj)
 .text.z_impl_k_sched_current_thread_query
                0x080491a4        0xc zephyr/kernel/libkernel.a(sched.c.obj)
                0x080491a4                z_impl_k_sched_current_thread_query
 .text.z_thread_abort
                0x080491b0      0x13c zephyr/kernel/libkernel.a(sched.c.obj)
                0x080491b0                z_thread_abort
 .text.z_sched_wait
                0x080492ec       0x24 zephyr/kernel/libkernel.a(sched.c.obj)
                0x080492ec                z_sched_wait
 .text.z_time_slice_size
                0x08049310       0x40 zephyr/kernel/libkernel.a(timeslicing.c.obj)
 .text.slice_timeout
                0x08049350       0x20 zephyr/kernel/libkernel.a(timeslicing.c.obj)
 .text.z_reset_time_slice
                0x08049370       0x44 zephyr/kernel/libkernel.a(timeslicing.c.obj)
                0x08049370                z_reset_time_slice
 .text.z_time_slice
                0x080493b4       0x5c zephyr/kernel/libkernel.a(timeslicing.c.obj)
                0x080493b4                z_time_slice
 .text.first    0x08049410       0x10 zephyr/kernel/libkernel.a(timeout.c.obj)
 .text.elapsed  0x08049420       0x14 zephyr/kernel/libkernel.a(timeout.c.obj)
 .text.remove_timeout
                0x08049434       0x38 zephyr/kernel/libkernel.a(timeout.c.obj)
 .text.z_add_timeout
                0x0804946c      0x120 zephyr/kernel/libkernel.a(timeout.c.obj)
                0x0804946c                z_add_timeout
 .text.sys_clock_announce_locked
                0x0804958c       0xb8 zephyr/kernel/libkernel.a(timeout.c.obj)
                0x0804958c                sys_clock_announce_locked
 .text.sys_clock_tick_get
                0x08049644       0x30 zephyr/kernel/libkernel.a(timeout.c.obj)
                0x08049644                sys_clock_tick_get
 .text.z_timer_expiration_handler
                0x08049674      0x108 zephyr/kernel/libkernel.a(timer.c.obj)
                0x08049674                z_timer_expiration_handler
 .text.z_impl_k_timer_start
                0x0804977c       0x70 zephyr/kernel/libkernel.a(timer.c.obj)
                0x0804977c                z_impl_k_timer_start
 .text.z_impl_k_timer_stop
                0x080497ec       0x60 zephyr/kernel/libkernel.a(timer.c.obj)
                0x080497ec                z_impl_k_timer_stop
 .text.z_thread_alloc_helper
                0x0804984c       0x38 zephyr/kernel/libkernel.a(mempool.c.obj)
 .text.k_malloc
                0x08049884       0x14 zephyr/kernel/libkernel.a(mempool.c.obj)
                0x08049884                k_malloc
 .text.k_thread_system_pool_assign
                0x08049898        0xc zephyr/kernel/libkernel.a(mempool.c.obj)
                0x08049898                k_thread_system_pool_assign
 .text.z_thread_malloc
                0x080498a4       0x10 zephyr/kernel/libkernel.a(mempool.c.obj)
                0x080498a4                z_thread_malloc
 .text.boot_banner
                0x080498b4        0xc zephyr/kernel/libkernel.a(banner.c.obj)
                0x080498b4                boot_banner
 .text.k_sys_work_q_init
                0x080498c0       0x2c zephyr/kernel/libkernel.a(system_work_q.c.obj)
 .text.snprintf
                0x080498ec       0x54 /home/gabo/zephyr-sdk-1.0.1/gnu/arm-zephyr-eabi/bin/../lib/gcc/arm-zephyr-eabi/14.3.0/../../../../arm-zephyr-eabi/lib/thumb/v7e-m/nofp/space/libc.a(libc_tinystdio_snprintf.c.o)
                0x080498ec                snprintf
 .text.__l_vfprintf
                0x08049940      0x488 /home/gabo/zephyr-sdk-1.0.1/gnu/arm-zephyr-eabi/bin/../lib/gcc/arm-zephyr-eabi/14.3.0/../../../../arm-zephyr-eabi/lib/thumb/v7e-m/nofp/space/libc.a(libc_tinystdio_vflprintf.c.o)
                0x08049940                __l_vfprintf
 .text._OffsetAbsSyms
                0x08049dc8        0x2 zephyr/CMakeFiles/offsets.dir/./arch/arm/core/offsets/offsets.c.obj
                0x08049dc8                _OffsetAbsSyms
 .text.chunk_field
                0x08049dca       0x16 zephyr/libzephyr.a(heap.c.obj)
 .text.chunk_set
                0x08049de0       0x16 zephyr/libzephyr.a(heap.c.obj)
 .text.chunk_size
                0x08049df6        0xc zephyr/libzephyr.a(heap.c.obj)
 .text.set_chunk_used
                0x08049e02       0x30 zephyr/libzephyr.a(heap.c.obj)
 .text.set_chunk_size
                0x08049e32        0x8 zephyr/libzephyr.a(heap.c.obj)
 .text.undersized_chunk
                0x08049e3a       0x1c zephyr/libzephyr.a(heap.c.obj)
 .text.mem_to_chunkid
                0x08049e56       0x14 zephyr/libzephyr.a(heap.c.obj)
 .text.bucket_idx
                0x08049e6a       0x14 zephyr/libzephyr.a(heap.c.obj)
 .text.free_list_remove_bidx
                0x08049e7e       0x5c zephyr/libzephyr.a(heap.c.obj)
 .text.free_list_remove
                0x08049eda       0x2c zephyr/libzephyr.a(heap.c.obj)
 .text.alloc_chunk
                0x08049f06       0x74 zephyr/libzephyr.a(heap.c.obj)
 .text.split_chunks
                0x08049f7a       0x4e zephyr/libzephyr.a(heap.c.obj)
 .text.merge_chunks
                0x08049fc8       0x3c zephyr/libzephyr.a(heap.c.obj)
 .text.free_list_add
                0x0804a004       0x82 zephyr/libzephyr.a(heap.c.obj)
 .text.sys_heap_alloc
                0x0804a086       0x78 zephyr/libzephyr.a(heap.c.obj)
                0x0804a086                sys_heap_alloc
 .text.sys_heap_noalign_alloc
                0x0804a0fe        0x6 zephyr/libzephyr.a(heap.c.obj)
                0x0804a0fe                sys_heap_noalign_alloc
 .text.sys_heap_aligned_alloc
                0x0804a104      0x10a zephyr/libzephyr.a(heap.c.obj)
                0x0804a104                sys_heap_aligned_alloc
 .text.sys_heap_init
                0x0804a20e       0xa4 zephyr/libzephyr.a(heap.c.obj)
                0x0804a20e                sys_heap_init
 .text.cbpprintf_external
                0x0804a2b2       0x62 zephyr/libzephyr.a(cbprintf_packaged.c.obj)
                0x0804a2b2                cbpprintf_external
 .text.is_ptr   0x0804a314       0x3a zephyr/libzephyr.a(cbprintf_packaged.c.obj)
                0x0804a314                is_ptr
 .text.arch_printk_char_out
                0x0804a34e        0x4 zephyr/libzephyr.a(printk.c.obj)
                0x0804a34e                arch_printk_char_out
 .text.vprintk  0x0804a352        0x4 zephyr/libzephyr.a(printk.c.obj)
                0x0804a352                vprintk
 .text.printk   0x0804a356       0x1a zephyr/libzephyr.a(printk.c.obj)
                0x0804a356                printk
 .text.free_space
                0x0804a370       0x26 zephyr/libzephyr.a(mpsc_pbuf.c.obj)
 .text.get_usage
                0x0804a396       0x22 zephyr/libzephyr.a(mpsc_pbuf.c.obj)
 .text.idx_inc  0x0804a3b8       0x1c zephyr/libzephyr.a(mpsc_pbuf.c.obj)
 .text.rd_idx_inc
                0x0804a3d4       0x18 zephyr/libzephyr.a(mpsc_pbuf.c.obj)
 .text.add_skip_item
                0x0804a3ec       0x3a zephyr/libzephyr.a(mpsc_pbuf.c.obj)
 .text.drop_item_locked
                0x0804a426       0xf8 zephyr/libzephyr.a(mpsc_pbuf.c.obj)
 .text.post_drop_action
                0x0804a51e       0x36 zephyr/libzephyr.a(mpsc_pbuf.c.obj)
 .text.max_utilization_update
                0x0804a554       0x1a zephyr/libzephyr.a(mpsc_pbuf.c.obj)
 .text.mpsc_pbuf_init
                0x0804a56e       0x42 zephyr/libzephyr.a(mpsc_pbuf.c.obj)
                0x0804a56e                mpsc_pbuf_init
 .text.mpsc_pbuf_alloc
                0x0804a5b0       0xfa zephyr/libzephyr.a(mpsc_pbuf.c.obj)
                0x0804a5b0                mpsc_pbuf_alloc
 .text.mpsc_pbuf_commit
                0x0804a6aa       0x3e zephyr/libzephyr.a(mpsc_pbuf.c.obj)
                0x0804a6aa                mpsc_pbuf_commit
 .text.mpsc_pbuf_claim
                0x0804a6e8       0xb6 zephyr/libzephyr.a(mpsc_pbuf.c.obj)
                0x0804a6e8                mpsc_pbuf_claim
 .text.mpsc_pbuf_free
                0x0804a79e       0x76 zephyr/libzephyr.a(mpsc_pbuf.c.obj)
                0x0804a79e                mpsc_pbuf_free
 .text.mpsc_pbuf_is_pending
                0x0804a814       0x30 zephyr/libzephyr.a(mpsc_pbuf.c.obj)
                0x0804a814                mpsc_pbuf_is_pending
 .text.ring_buf_area_claim
                0x0804a844       0x30 zephyr/libzephyr.a(ring_buffer.c.obj)
                0x0804a844                ring_buf_area_claim
 .text.ring_buf_put_claim
                0x0804a874       0x1e zephyr/libzephyr.a(ring_buffer.c.obj)
 .text.ring_buf_get_claim
                0x0804a892       0x1e zephyr/libzephyr.a(ring_buffer.c.obj)
 .text.ring_buf_area_finish
                0x0804a8b0       0x32 zephyr/libzephyr.a(ring_buffer.c.obj)
                0x0804a8b0                ring_buf_area_finish
 .text.ring_buf_put
                0x0804a8e2       0x40 zephyr/libzephyr.a(ring_buffer.c.obj)
                0x0804a8e2                ring_buf_put
 .text.ring_buf_get
                0x0804a922       0x44 zephyr/libzephyr.a(ring_buffer.c.obj)
                0x0804a922                ring_buf_get
 .text._ConfigAbsSyms
                0x0804a966        0x2 zephyr/libzephyr.a(configs.c.obj)
                0x0804a966                _ConfigAbsSyms
 .text.HAL_Delay
                0x0804a968       0x16 zephyr/libzephyr.a(stm32cube_hal.c.obj)
                0x0804a968                HAL_Delay
 .text.soc_reset_hook
                0x0804a97e        0x2 zephyr/libzephyr.a(soc_m7.c.obj)
                0x0804a97e                soc_reset_hook
 .text.z_log_msg_simple_create_0.constprop.0
                0x0804a980        0x8 zephyr/libzephyr.a(ipc_service.c.obj)
 .text.get_tx_buffer_size
                0x0804a988        0x8 zephyr/libzephyr.a(ipc_rpmsg_static_vrings.c.obj)
 .text.drop_tx_buffer
                0x0804a990        0x6 zephyr/libzephyr.a(ipc_rpmsg_static_vrings.c.obj)
 .text.release_rx_buffer
                0x0804a996       0x16 zephyr/libzephyr.a(ipc_rpmsg_static_vrings.c.obj)
 .text.hold_rx_buffer
                0x0804a9ac       0x16 zephyr/libzephyr.a(ipc_rpmsg_static_vrings.c.obj)
 .text.send_nocopy
                0x0804a9c2       0x3e zephyr/libzephyr.a(ipc_rpmsg_static_vrings.c.obj)
 .text.get_tx_buffer
                0x0804aa00       0x92 zephyr/libzephyr.a(ipc_rpmsg_static_vrings.c.obj)
 .text.rpmsg_service_unbind
                0x0804aa92        0x4 zephyr/libzephyr.a(ipc_rpmsg_static_vrings.c.obj)
 .text.get_ept_slot_with_name
                0x0804aa96       0x30 zephyr/libzephyr.a(ipc_rpmsg_static_vrings.c.obj)
 .text.mbox_callback
                0x0804aac6        0xc zephyr/libzephyr.a(ipc_rpmsg_static_vrings.c.obj)
 .text.mbox_callback_process
                0x0804aad2       0x1a zephyr/libzephyr.a(ipc_rpmsg_static_vrings.c.obj)
 .text.virtio_notify_cb
                0x0804aaec       0x12 zephyr/libzephyr.a(ipc_rpmsg_static_vrings.c.obj)
 .text.k_mutex_unlock.isra.0
                0x0804aafe        0x4 zephyr/libzephyr.a(ipc_rpmsg_static_vrings.c.obj)
 .text.atomic_set.isra.0
                0x0804ab02       0x16 zephyr/libzephyr.a(ipc_rpmsg_static_vrings.c.obj)
 .text.backend_init
                0x0804ab18       0x22 zephyr/libzephyr.a(ipc_rpmsg_static_vrings.c.obj)
 .text.shm_size
                0x0804ab3a       0x20 zephyr/libzephyr.a(ipc_rpmsg_static_vrings.c.obj)
 .text.close    0x0804ab5a       0xbe zephyr/libzephyr.a(ipc_rpmsg_static_vrings.c.obj)
 .text.ept_cb   0x0804ac18       0x2e zephyr/libzephyr.a(ipc_rpmsg_static_vrings.c.obj)
 .text.rpmsg_service_unbind
                0x0804ac46        0x4 zephyr/libzephyr.a(ipc_rpmsg.c.obj)
 .text.ipc_rpmsg_deinit
                0x0804ac4a       0x28 zephyr/libzephyr.a(ipc_rpmsg.c.obj)
                0x0804ac4a                ipc_rpmsg_deinit
 .text.ipc_virtio_notify
                0x0804ac72       0x10 zephyr/libzephyr.a(ipc_static_vrings.c.obj)
 .text.ipc_virtio_set_features
                0x0804ac82        0x2 zephyr/libzephyr.a(ipc_static_vrings.c.obj)
 .text.ipc_virtio_get_features
                0x0804ac84        0x4 zephyr/libzephyr.a(ipc_static_vrings.c.obj)
 .text.virtqueue_allocate
                0x0804ac88       0x1c zephyr/libzephyr.a(ipc_static_vrings.c.obj)
 .text.ipc_virtio_set_status
                0x0804aca4       0x12 zephyr/libzephyr.a(ipc_static_vrings.c.obj)
 .text.ipc_virtio_get_status
                0x0804acb6       0x1c zephyr/libzephyr.a(ipc_static_vrings.c.obj)
 .text.ipc_static_vrings_deinit
                0x0804acd2       0x54 zephyr/libzephyr.a(ipc_static_vrings.c.obj)
                0x0804acd2                ipc_static_vrings_deinit
 .text.log_msg_generic_get_wlen
                0x0804ad26       0x20 zephyr/libzephyr.a(log_core.c.obj)
 .text.dummy_timestamp
                0x0804ad46        0x4 zephyr/libzephyr.a(log_core.c.obj)
 .text.atomic_inc
                0x0804ad4a       0x1a zephyr/libzephyr.a(log_core.c.obj)
 .text.default_lf_get_timestamp
                0x0804ad64       0x10 zephyr/libzephyr.a(log_core.c.obj)
 .text.z_log_vprintk
                0x0804ad74       0x1c zephyr/libzephyr.a(log_core.c.obj)
                0x0804ad74                z_log_vprintk
 .text.z_log_notify_drop
                0x0804ad90        0x6 zephyr/libzephyr.a(log_core.c.obj)
 .text.z_log_get_tag
                0x0804ad96        0x4 zephyr/libzephyr.a(log_core.c.obj)
                0x0804ad96                z_log_get_tag
 .text.log_backend_enable
                0x0804ad9a       0x12 zephyr/libzephyr.a(log_mgmt.c.obj)
                0x0804ad9a                log_backend_enable
 .text.z_cbprintf_cpy
                0x0804adac       0x2e zephyr/libzephyr.a(log_msg.c.obj)
 .text.z_log_msg_finalize
                0x0804adda       0x32 zephyr/libzephyr.a(log_msg.c.obj)
                0x0804adda                z_log_msg_finalize
 .text.z_log_msg_simple_create
                0x0804ae0c       0x6e zephyr/libzephyr.a(log_msg.c.obj)
 .text.z_impl_z_log_msg_simple_create_0
                0x0804ae7a       0x12 zephyr/libzephyr.a(log_msg.c.obj)
                0x0804ae7a                z_impl_z_log_msg_simple_create_0
 .text.z_impl_z_log_msg_simple_create_1
                0x0804ae8c       0x14 zephyr/libzephyr.a(log_msg.c.obj)
                0x0804ae8c                z_impl_z_log_msg_simple_create_1
 .text.z_impl_z_log_msg_simple_create_2
                0x0804aea0       0x18 zephyr/libzephyr.a(log_msg.c.obj)
                0x0804aea0                z_impl_z_log_msg_simple_create_2
 .text.log_output_write
                0x0804aeb8       0x1c zephyr/libzephyr.a(log_output.c.obj)
 .text.log_output_flush
                0x0804aed4       0x1a zephyr/libzephyr.a(log_output.c.obj)
 .text.out_func
                0x0804aeee       0x36 zephyr/libzephyr.a(log_output.c.obj)
 .text.cr_out_func
                0x0804af24       0x1c zephyr/libzephyr.a(log_output.c.obj)
 .text.log_output_msg_process
                0x0804af40       0x6e zephyr/libzephyr.a(log_output.c.obj)
                0x0804af40                log_output_msg_process
 .text.format_set
                0x0804afae        0xc zephyr/libzephyr.a(log_backend_uart.c.obj)
 .text.log_backend_uart_init
                0x0804afba        0xc zephyr/libzephyr.a(log_backend_uart.c.obj)
 .text.panic    0x0804afc6       0x32 zephyr/libzephyr.a(log_backend_uart.c.obj)
 .text.dropped  0x0804aff8        0xa zephyr/libzephyr.a(log_backend_uart.c.obj)
 .text.process  0x0804b002       0x1e zephyr/libzephyr.a(log_backend_uart.c.obj)
 .text.arch_early_memset
                0x0804b020        0x4 zephyr/arch/common/libarch__common.a(init.c.obj)
                0x0804b020                arch_early_memset
 .text.arch_early_memcpy
                0x0804b024        0x4 zephyr/arch/common/libarch__common.a(init.c.obj)
                0x0804b024                arch_early_memcpy
 .text.z_do_kernel_oops
                0x0804b028        0x8 zephyr/arch/arch/arm/core/libarch__arm__core.a(fatal.c.obj)
                0x0804b028                z_do_kernel_oops
 .text.z_arm_nmi
                0x0804b030        0xe zephyr/arch/arch/arm/core/libarch__arm__core.a(nmi.c.obj)
                0x0804b030                z_arm_nmi
 .text.z_log_msg_simple_create_0.constprop.0
                0x0804b03e        0x8 zephyr/arch/arch/arm/core/cortex_m/libarch__arm__core__cortex_m.a(fault.c.obj)
 .text.z_irq_spurious
                0x0804b046        0x8 zephyr/arch/arch/arm/core/cortex_m/libarch__arm__core__cortex_m.a(irq_manage.c.obj)
                0x0804b046                z_irq_spurious
 .text.arch_coprocessors_disable
                0x0804b04e        0x6 zephyr/arch/arch/arm/core/cortex_m/libarch__arm__core__cortex_m.a(thread.c.obj)
                0x0804b04e                arch_coprocessors_disable
 .text.arch_irq_unlock_outlined
                0x0804b054        0xe zephyr/arch/arch/arm/core/cortex_m/libarch__arm__core__cortex_m.a(thread.c.obj)
                0x0804b054                arch_irq_unlock_outlined
 .text.arch_cpu_idle
                0x0804b062       0x1a zephyr/arch/arch/arm/core/cortex_m/libarch__arm__core__cortex_m.a(cpu_idle.c.obj)
                0x0804b062                arch_cpu_idle
 .text.arch_cache_init
                0x0804b07c        0x2 zephyr/arch/arch/arm/core/cortex_m/libarch__arm__core__cortex_m.a(cache.c.obj)
                0x0804b07c                arch_cache_init
 .text.size_to_mpu_rasr_size
                0x0804b07e       0x20 zephyr/arch/arch/arm/core/mpu/libarch__arm__core__mpu.a(arm_mpu.c.obj)
 .text.cbputc   0x0804b09e        0xc zephyr/lib/libc/picolibc/liblib__libc__picolibc.a(cbprintf.c.obj)
 .text.picolibc_put
                0x0804b0aa        0xa zephyr/lib/libc/picolibc/liblib__libc__picolibc.a(stdio.c.obj)
 .text.fixed_data_unref
                0x0804b0b4        0x2 zephyr/lib/net_buf/liblib__net_buf.a(buf.c.obj)
 .text.net_buf_reset
                0x0804b0b6        0xa zephyr/lib/net_buf/liblib__net_buf.a(buf.c.obj)
                0x0804b0b6                net_buf_reset
 .text.net_buf_alloc_fixed
                0x0804b0c0        0x8 zephyr/lib/net_buf/liblib__net_buf.a(buf.c.obj)
                0x0804b0c0                net_buf_alloc_fixed
 .text.net_buf_ref
                0x0804b0c8        0x8 zephyr/lib/net_buf/liblib__net_buf.a(buf.c.obj)
                0x0804b0c8                net_buf_ref
 .text.net_buf_frag_del
                0x0804b0d0       0x18 zephyr/lib/net_buf/liblib__net_buf.a(buf.c.obj)
                0x0804b0d0                net_buf_frag_del
 .text.net_buf_simple_add
                0x0804b0e8        0xc zephyr/lib/net_buf/liblib__net_buf.a(buf_simple.c.obj)
                0x0804b0e8                net_buf_simple_add
 .text.net_buf_simple_add_mem
                0x0804b0f4       0x12 zephyr/lib/net_buf/liblib__net_buf.a(buf_simple.c.obj)
                0x0804b0f4                net_buf_simple_add_mem
 .text.net_buf_simple_add_u8
                0x0804b106       0x10 zephyr/lib/net_buf/liblib__net_buf.a(buf_simple.c.obj)
                0x0804b106                net_buf_simple_add_u8
 .text.net_buf_simple_add_le16
                0x0804b116       0x14 zephyr/lib/net_buf/liblib__net_buf.a(buf_simple.c.obj)
                0x0804b116                net_buf_simple_add_le16
 .text.net_buf_simple_remove_mem
                0x0804b12a        0xe zephyr/lib/net_buf/liblib__net_buf.a(buf_simple.c.obj)
                0x0804b12a                net_buf_simple_remove_mem
 .text.usbd_device_lock
                0x0804b138        0xe zephyr/subsys/usb/device_next/libsubsys__usb__device_next.a(usbd_device.c.obj)
 .text.k_mutex_unlock.isra.0
                0x0804b146        0x4 zephyr/subsys/usb/device_next/libsubsys__usb__device_next.a(usbd_device.c.obj)
 .text.usbd_bus_speed
                0x0804b14a        0xa zephyr/subsys/usb/device_next/libsubsys__usb__device_next.a(usbd_device.c.obj)
                0x0804b14a                usbd_bus_speed
 .text.usbd_caps_speed
                0x0804b154        0xe zephyr/subsys/usb/device_next/libsubsys__usb__device_next.a(usbd_device.c.obj)
                0x0804b154                usbd_caps_speed
 .text.usbd_device_set_code_triple
                0x0804b162       0x48 zephyr/subsys/usb/device_next/libsubsys__usb__device_next.a(usbd_device.c.obj)
                0x0804b162                usbd_device_set_code_triple
 .text.usbd_is_suspended
                0x0804b1aa        0xa zephyr/subsys/usb/device_next/libsubsys__usb__device_next.a(usbd_device.c.obj)
                0x0804b1aa                usbd_is_suspended
 .text.usbd_init
                0x0804b1b4       0x60 zephyr/subsys/usb/device_next/libsubsys__usb__device_next.a(usbd_device.c.obj)
                0x0804b1b4                usbd_init
 .text.usbd_enable
                0x0804b214       0x86 zephyr/subsys/usb/device_next/libsubsys__usb__device_next.a(usbd_device.c.obj)
                0x0804b214                usbd_enable
 .text.usbd_device_get_vreq
                0x0804b29a       0x2a zephyr/subsys/usb/device_next/libsubsys__usb__device_next.a(usbd_device.c.obj)
                0x0804b29a                usbd_device_get_vreq
 .text.usbd_device_register_vreq
                0x0804b2c4       0x56 zephyr/subsys/usb/device_next/libsubsys__usb__device_next.a(usbd_device.c.obj)
                0x0804b2c4                usbd_device_register_vreq
 .text.usbd_get_descriptor
                0x0804b31a       0x34 zephyr/subsys/usb/device_next/libsubsys__usb__device_next.a(usbd_desc.c.obj)
                0x0804b31a                usbd_get_descriptor
 .text.usbd_add_descriptor
                0x0804b34e      0x11a zephyr/subsys/usb/device_next/libsubsys__usb__device_next.a(usbd_desc.c.obj)
                0x0804b34e                usbd_add_descriptor
 .text.usbd_str_desc_get_idx
                0x0804b468        0xa zephyr/subsys/usb/device_next/libsubsys__usb__device_next.a(usbd_desc.c.obj)
                0x0804b468                usbd_str_desc_get_idx
 .text.net_buf_simple_tailroom
                0x0804b472       0x10 zephyr/subsys/usb/device_next/libsubsys__usb__device_next.a(usbd_ch9.c.obj)
 .text.reqtype_is_to_host
                0x0804b482        0xc zephyr/subsys/usb/device_next/libsubsys__usb__device_next.a(usbd_ch9.c.obj)
 .text.sreq_feature_halt_notify
                0x0804b48e       0x20 zephyr/subsys/usb/device_next/libsubsys__usb__device_next.a(usbd_ch9.c.obj)
 .text.usbd_enqueue_status_in
                0x0804b4ae       0x2c zephyr/subsys/usb/device_next/libsubsys__usb__device_next.a(usbd_ch9.c.obj)
 .text.usbd_enqueue_setup
                0x0804b4da       0x26 zephyr/subsys/usb/device_next/libsubsys__usb__device_next.a(usbd_ch9.c.obj)
 .text.udc_test_mode
                0x0804b500       0x46 zephyr/subsys/usb/device_next/libsubsys__usb__device_next.a(usbd_ch9.c.obj)
 .text.udc_set_address
                0x0804b546       0x38 zephyr/subsys/usb/device_next/libsubsys__usb__device_next.a(usbd_ch9.c.obj)
 .text.usbd_init_control_pipe
                0x0804b57e       0x18 zephyr/subsys/usb/device_next/libsubsys__usb__device_next.a(usbd_ch9.c.obj)
                0x0804b57e                usbd_init_control_pipe
 .text.usbd_class_bcast_event
                0x0804b596       0x48 zephyr/subsys/usb/device_next/libsubsys__usb__device_next.a(usbd_core.c.obj)
 .text.unassign_eps.isra.0
                0x0804b5de       0x66 zephyr/subsys/usb/device_next/libsubsys__usb__device_next.a(usbd_init.c.obj)
 .text.init_configuration
                0x0804b644      0x1bc zephyr/subsys/usb/device_next/libsubsys__usb__device_next.a(usbd_init.c.obj)
 .text.usbd_init_configurations
                0x0804b800       0x5c zephyr/subsys/usb/device_next/libsubsys__usb__device_next.a(usbd_init.c.obj)
                0x0804b800                usbd_init_configurations
 .text.usbd_device_lock
                0x0804b85c        0xe zephyr/subsys/usb/device_next/libsubsys__usb__device_next.a(usbd_config.c.obj)
 .text.k_mutex_unlock.isra.0
                0x0804b86a        0x4 zephyr/subsys/usb/device_next/libsubsys__usb__device_next.a(usbd_config.c.obj)
 .text.usbd_config_get
                0x0804b86e       0x28 zephyr/subsys/usb/device_next/libsubsys__usb__device_next.a(usbd_config.c.obj)
                0x0804b86e                usbd_config_get
 .text.usbd_config_get_current
                0x0804b896       0x24 zephyr/subsys/usb/device_next/libsubsys__usb__device_next.a(usbd_config.c.obj)
                0x0804b896                usbd_config_get_current
 .text.usbd_config_exist
                0x0804b8ba        0xe zephyr/subsys/usb/device_next/libsubsys__usb__device_next.a(usbd_config.c.obj)
                0x0804b8ba                usbd_config_exist
 .text.usbd_config_set
                0x0804b8c8       0x98 zephyr/subsys/usb/device_next/libsubsys__usb__device_next.a(usbd_config.c.obj)
                0x0804b8c8                usbd_config_set
 .text.usbd_add_configuration
                0x0804b960      0x102 zephyr/subsys/usb/device_next/libsubsys__usb__device_next.a(usbd_config.c.obj)
                0x0804b960                usbd_add_configuration
 .text.usbd_device_lock
                0x0804ba62        0xe zephyr/subsys/usb/device_next/libsubsys__usb__device_next.a(usbd_class.c.obj)
 .text.usbd_class_desc_len
                0x0804ba70       0x20 zephyr/subsys/usb/device_next/libsubsys__usb__device_next.a(usbd_class.c.obj)
                0x0804ba70                usbd_class_desc_len
 .text.usbd_class_get_by_config
                0x0804ba90       0x20 zephyr/subsys/usb/device_next/libsubsys__usb__device_next.a(usbd_class.c.obj)
                0x0804ba90                usbd_class_get_by_config
 .text.usbd_class_get_by_iface
                0x0804bab0       0x20 zephyr/subsys/usb/device_next/libsubsys__usb__device_next.a(usbd_class.c.obj)
                0x0804bab0                usbd_class_get_by_iface
 .text.usbd_class_handle_xfer
                0x0804bad0       0x12 zephyr/subsys/usb/device_next/libsubsys__usb__device_next.a(usbd_class.c.obj)
                0x0804bad0                usbd_class_handle_xfer
 .text.usbd_class_get_by_ep
                0x0804bae2       0x46 zephyr/subsys/usb/device_next/libsubsys__usb__device_next.a(usbd_class.c.obj)
                0x0804bae2                usbd_class_get_by_ep
 .text.usbd_class_get_by_req
                0x0804bb28       0x2e zephyr/subsys/usb/device_next/libsubsys__usb__device_next.a(usbd_class.c.obj)
                0x0804bb28                usbd_class_get_by_req
 .text.usbd_register_class
                0x0804bb56       0xa0 zephyr/subsys/usb/device_next/libsubsys__usb__device_next.a(usbd_class.c.obj)
                0x0804bb56                usbd_register_class
 .text.usbd_interface_modify
                0x0804bbf6       0x96 zephyr/subsys/usb/device_next/libsubsys__usb__device_next.a(usbd_interface.c.obj)
 .text.usbd_interface_shutdown
                0x0804bc8c       0x54 zephyr/subsys/usb/device_next/libsubsys__usb__device_next.a(usbd_interface.c.obj)
                0x0804bc8c                usbd_interface_shutdown
 .text.usbd_interface_default
                0x0804bce0       0x50 zephyr/subsys/usb/device_next/libsubsys__usb__device_next.a(usbd_interface.c.obj)
                0x0804bce0                usbd_interface_default
 .text.usbd_interface_set
                0x0804bd30       0x78 zephyr/subsys/usb/device_next/libsubsys__usb__device_next.a(usbd_interface.c.obj)
                0x0804bd30                usbd_interface_set
 .text.usbd_ep_bm_clear
                0x0804bda8       0x1c zephyr/subsys/usb/device_next/libsubsys__usb__device_next.a(usbd_endpoint.c.obj)
 .text.usbd_ep_enable
                0x0804bdc4       0x36 zephyr/subsys/usb/device_next/libsubsys__usb__device_next.a(usbd_endpoint.c.obj)
                0x0804bdc4                usbd_ep_enable
 .text.usbd_ep_disable
                0x0804bdfa       0x2c zephyr/subsys/usb/device_next/libsubsys__usb__device_next.a(usbd_endpoint.c.obj)
                0x0804bdfa                usbd_ep_disable
 .text.usbd_ep_ctrl_data_in_alloc
                0x0804be26        0xa zephyr/subsys/usb/device_next/libsubsys__usb__device_next.a(usbd_endpoint.c.obj)
                0x0804be26                usbd_ep_ctrl_data_in_alloc
 .text.usbd_ep_ctrl_enqueue
                0x0804be30       0x7a zephyr/subsys/usb/device_next/libsubsys__usb__device_next.a(usbd_endpoint.c.obj)
                0x0804be30                usbd_ep_ctrl_enqueue
 .text.usbd_ep_enqueue
                0x0804beaa       0x30 zephyr/subsys/usb/device_next/libsubsys__usb__device_next.a(usbd_endpoint.c.obj)
                0x0804beaa                usbd_ep_enqueue
 .text.usbd_ep_buf_free
                0x0804beda        0x6 zephyr/subsys/usb/device_next/libsubsys__usb__device_next.a(usbd_endpoint.c.obj)
                0x0804beda                usbd_ep_buf_free
 .text.usbd_ep_set_halt
                0x0804bee0       0x28 zephyr/subsys/usb/device_next/libsubsys__usb__device_next.a(usbd_endpoint.c.obj)
                0x0804bee0                usbd_ep_set_halt
 .text.usbd_ep_clear_halt
                0x0804bf08       0x1e zephyr/subsys/usb/device_next/libsubsys__usb__device_next.a(usbd_endpoint.c.obj)
                0x0804bf08                usbd_ep_clear_halt
 .text.usbd_ep_is_halted
                0x0804bf26       0x14 zephyr/subsys/usb/device_next/libsubsys__usb__device_next.a(usbd_endpoint.c.obj)
                0x0804bf26                usbd_ep_is_halted
 .text.usbd_msg_pub_simple
                0x0804bf3a       0x1c zephyr/subsys/usb/device_next/libsubsys__usb__device_next.a(usbd_msg.c.obj)
                0x0804bf3a                usbd_msg_pub_simple
 .text.usbd_msg_pub_device
                0x0804bf56       0x1c zephyr/subsys/usb/device_next/libsubsys__usb__device_next.a(usbd_msg.c.obj)
                0x0804bf56                usbd_msg_pub_device
 .text.usbd_cdc_acm_update
                0x0804bf72        0x2 zephyr/subsys/usb/device_next/libsubsys__usb__device_next.a(usbd_cdc_acm.c.obj)
 .text.usbd_cdc_acm_get_desc
                0x0804bf74       0x10 zephyr/subsys/usb/device_next/libsubsys__usb__device_next.a(usbd_cdc_acm.c.obj)
 .text.cdc_acm_update_uart_cfg
                0x0804bf84       0x4c zephyr/subsys/usb/device_next/libsubsys__usb__device_next.a(usbd_cdc_acm.c.obj)
 .text.cdc_acm_irq_tx_ready
                0x0804bfd0       0x18 zephyr/subsys/usb/device_next/libsubsys__usb__device_next.a(usbd_cdc_acm.c.obj)
 .text.cdc_acm_irq_rx_ready
                0x0804bfe8        0x8 zephyr/subsys/usb/device_next/libsubsys__usb__device_next.a(usbd_cdc_acm.c.obj)
 .text.cdc_acm_irq_is_pending
                0x0804bff0       0x12 zephyr/subsys/usb/device_next/libsubsys__usb__device_next.a(usbd_cdc_acm.c.obj)
 .text.cdc_acm_irq_callback_set
                0x0804c002        0x8 zephyr/subsys/usb/device_next/libsubsys__usb__device_next.a(usbd_cdc_acm.c.obj)
 .text.cdc_acm_configure
                0x0804c00a       0x16 zephyr/subsys/usb/device_next/libsubsys__usb__device_next.a(usbd_cdc_acm.c.obj)
 .text.atomic_test_bit
                0x0804c020       0x12 zephyr/subsys/usb/device_next/libsubsys__usb__device_next.a(usbd_cdc_acm.c.obj)
 .text.usbd_cdc_acm_suspended
                0x0804c032       0x20 zephyr/subsys/usb/device_next/libsubsys__usb__device_next.a(usbd_cdc_acm.c.obj)
 .text.cdc_acm_fifo_read
                0x0804c052       0x14 zephyr/subsys/usb/device_next/libsubsys__usb__device_next.a(usbd_cdc_acm.c.obj)
 .text.cdc_acm_poll_in
                0x0804c066       0x2a zephyr/subsys/usb/device_next/libsubsys__usb__device_next.a(usbd_cdc_acm.c.obj)
 .text.cdc_acm_fifo_fill
                0x0804c090       0x2a zephyr/subsys/usb/device_next/libsubsys__usb__device_next.a(usbd_cdc_acm.c.obj)
 .text.cdc_acm_config_get
                0x0804c0ba        0xe zephyr/subsys/usb/device_next/libsubsys__usb__device_next.a(usbd_cdc_acm.c.obj)
 .text.usbd_cdc_acm_init
                0x0804c0c8       0x34 zephyr/subsys/usb/device_next/libsubsys__usb__device_next.a(usbd_cdc_acm.c.obj)
 .text.cdc_acm_get_bulk_out
                0x0804c0fc       0x1c zephyr/subsys/usb/device_next/libsubsys__usb__device_next.a(usbd_cdc_acm.c.obj)
 .text.cdc_acm_get_bulk_in
                0x0804c118       0x1c zephyr/subsys/usb/device_next/libsubsys__usb__device_next.a(usbd_cdc_acm.c.obj)
 .text.cdc_acm_get_bulk_mps.isra.0
                0x0804c134       0x12 zephyr/subsys/usb/device_next/libsubsys__usb__device_next.a(usbd_cdc_acm.c.obj)
 .text.atomic_clear_bit
                0x0804c146       0x1e zephyr/subsys/usb/device_next/libsubsys__usb__device_next.a(usbd_cdc_acm.c.obj)
 .text.cdc_acm_irq_rx_disable
                0x0804c164        0xa zephyr/subsys/usb/device_next/libsubsys__usb__device_next.a(usbd_cdc_acm.c.obj)
 .text.cdc_acm_irq_tx_disable
                0x0804c16e        0xa zephyr/subsys/usb/device_next/libsubsys__usb__device_next.a(usbd_cdc_acm.c.obj)
 .text.usbd_cdc_acm_disable
                0x0804c178       0x18 zephyr/subsys/usb/device_next/libsubsys__usb__device_next.a(usbd_cdc_acm.c.obj)
 .text.usbd_cdc_acm_resumed
                0x0804c190        0xc zephyr/subsys/usb/device_next/libsubsys__usb__device_next.a(usbd_cdc_acm.c.obj)
 .text.usbd_cdc_acm_request
                0x0804c19c      0x104 zephyr/subsys/usb/device_next/libsubsys__usb__device_next.a(usbd_cdc_acm.c.obj)
 .text.cdc_acm_irq_cb_handler
                0x0804c2a0       0xae zephyr/subsys/usb/device_next/libsubsys__usb__device_next.a(usbd_cdc_acm.c.obj)
 .text.cdc_acm_irq_update
                0x0804c34e       0x46 zephyr/subsys/usb/device_next/libsubsys__usb__device_next.a(usbd_cdc_acm.c.obj)
 .text.cdc_acm_irq_tx_enable
                0x0804c394       0x36 zephyr/subsys/usb/device_next/libsubsys__usb__device_next.a(usbd_cdc_acm.c.obj)
 .text.cdc_acm_irq_rx_enable
                0x0804c3ca       0x4a zephyr/subsys/usb/device_next/libsubsys__usb__device_next.a(usbd_cdc_acm.c.obj)
 .text.usbd_cdc_acm_enable
                0x0804c414       0x70 zephyr/subsys/usb/device_next/libsubsys__usb__device_next.a(usbd_cdc_acm.c.obj)
 .text.stm32_exti_gpio_intc_init
                0x0804c484       0x92 zephyr/drivers/interrupt_controller/libdrivers__interrupt_controller.a(intc_gpio_stm32.c.obj)
 .text.stm32_gpio_intc_get_pin_irq_line
                0x0804c516        0xa zephyr/drivers/interrupt_controller/libdrivers__interrupt_controller.a(intc_gpio_stm32.c.obj)
                0x0804c516                stm32_gpio_intc_get_pin_irq_line
 .text.stm32_gpio_intc_disable_line
                0x0804c520       0x12 zephyr/drivers/interrupt_controller/libdrivers__interrupt_controller.a(intc_gpio_stm32.c.obj)
                0x0804c520                stm32_gpio_intc_disable_line
 .text.udc_buf_destroy
                0x0804c532       0x30 zephyr/drivers/usb/udc/libdrivers__usb__udc.a(udc_common.c.obj)
 .text.ep_check_config.isra.0
                0x0804c562       0x68 zephyr/drivers/usb/udc/libdrivers__usb__udc.a(udc_common.c.obj)
 .text.udc_is_initialized.isra.0
                0x0804c5ca       0x12 zephyr/drivers/usb/udc/libdrivers__usb__udc.a(udc_common.c.obj)
 .text.udc_is_enabled.isra.0
                0x0804c5dc       0x12 zephyr/drivers/usb/udc/libdrivers__usb__udc.a(udc_common.c.obj)
 .text.udc_get_ep_cfg
                0x0804c5ee       0x12 zephyr/drivers/usb/udc/libdrivers__usb__udc.a(udc_common.c.obj)
                0x0804c5ee                udc_get_ep_cfg
 .text.udc_ep_is_busy
                0x0804c600        0x8 zephyr/drivers/usb/udc/libdrivers__usb__udc.a(udc_common.c.obj)
                0x0804c600                udc_ep_is_busy
 .text.udc_ep_set_busy
                0x0804c608        0xa zephyr/drivers/usb/udc/libdrivers__usb__udc.a(udc_common.c.obj)
                0x0804c608                udc_ep_set_busy
 .text.udc_register_ep
                0x0804c612       0x2c zephyr/drivers/usb/udc/libdrivers__usb__udc.a(udc_common.c.obj)
                0x0804c612                udc_register_ep
 .text.udc_buf_get
                0x0804c63e        0x8 zephyr/drivers/usb/udc/libdrivers__usb__udc.a(udc_common.c.obj)
                0x0804c63e                udc_buf_get
 .text.udc_buf_peek
                0x0804c646        0x4 zephyr/drivers/usb/udc/libdrivers__usb__udc.a(udc_common.c.obj)
                0x0804c646                udc_buf_peek
 .text.udc_buf_put
                0x0804c64a        0x4 zephyr/drivers/usb/udc/libdrivers__usb__udc.a(udc_common.c.obj)
                0x0804c64a                udc_buf_put
 .text.udc_ep_buf_has_zlp
                0x0804c64e        0x8 zephyr/drivers/usb/udc/libdrivers__usb__udc.a(udc_common.c.obj)
                0x0804c64e                udc_ep_buf_has_zlp
 .text.udc_ep_buf_clear_zlp
                0x0804c656        0xa zephyr/drivers/usb/udc/libdrivers__usb__udc.a(udc_common.c.obj)
                0x0804c656                udc_ep_buf_clear_zlp
 .text.udc_submit_event
                0x0804c660       0x18 zephyr/drivers/usb/udc/libdrivers__usb__udc.a(udc_common.c.obj)
                0x0804c660                udc_submit_event
 .text.udc_submit_ep_event
                0x0804c678       0x30 zephyr/drivers/usb/udc/libdrivers__usb__udc.a(udc_common.c.obj)
                0x0804c678                udc_submit_ep_event
 .text.udc_ep_cancel_queued
                0x0804c6a8       0x1e zephyr/drivers/usb/udc/libdrivers__usb__udc.a(udc_common.c.obj)
                0x0804c6a8                udc_ep_cancel_queued
 .text.udc_setup_received
                0x0804c6c6       0xb4 zephyr/drivers/usb/udc/libdrivers__usb__udc.a(udc_common.c.obj)
                0x0804c6c6                udc_setup_received
 .text.udc_ep_try_config
                0x0804c77a       0x8a zephyr/drivers/usb/udc/libdrivers__usb__udc.a(udc_common.c.obj)
                0x0804c77a                udc_ep_try_config
 .text.udc_ep_enable
                0x0804c804       0x52 zephyr/drivers/usb/udc/libdrivers__usb__udc.a(udc_common.c.obj)
                0x0804c804                udc_ep_enable
 .text.udc_ep_disable
                0x0804c856       0x38 zephyr/drivers/usb/udc/libdrivers__usb__udc.a(udc_common.c.obj)
                0x0804c856                udc_ep_disable
 .text.udc_ep_set_halt
                0x0804c88e       0x54 zephyr/drivers/usb/udc/libdrivers__usb__udc.a(udc_common.c.obj)
                0x0804c88e                udc_ep_set_halt
 .text.udc_ep_clear_halt
                0x0804c8e2       0x60 zephyr/drivers/usb/udc/libdrivers__usb__udc.a(udc_common.c.obj)
                0x0804c8e2                udc_ep_clear_halt
 .text.udc_ep_enqueue
                0x0804c942       0x8c zephyr/drivers/usb/udc/libdrivers__usb__udc.a(udc_common.c.obj)
                0x0804c942                udc_ep_enqueue
 .text.udc_ep_queue_is_empty
                0x0804c9ce       0x2e zephyr/drivers/usb/udc/libdrivers__usb__udc.a(udc_common.c.obj)
                0x0804c9ce                udc_ep_queue_is_empty
 .text.udc_ctrl_setup_alloc
                0x0804c9fc       0x1e zephyr/drivers/usb/udc/libdrivers__usb__udc.a(udc_common.c.obj)
                0x0804c9fc                udc_ctrl_setup_alloc
 .text.udc_ctrl_data_alloc
                0x0804ca1a       0x28 zephyr/drivers/usb/udc/libdrivers__usb__udc.a(udc_common.c.obj)
                0x0804ca1a                udc_ctrl_data_alloc
 .text.udc_ctrl_status_alloc
                0x0804ca42       0x22 zephyr/drivers/usb/udc/libdrivers__usb__udc.a(udc_common.c.obj)
                0x0804ca42                udc_ctrl_status_alloc
 .text.udc_ep_buf_free
                0x0804ca64       0x1c zephyr/drivers/usb/udc/libdrivers__usb__udc.a(udc_common.c.obj)
                0x0804ca64                udc_ep_buf_free
 .text.udc_device_speed
                0x0804ca80       0x2c zephyr/drivers/usb/udc/libdrivers__usb__udc.a(udc_common.c.obj)
                0x0804ca80                udc_device_speed
 .text.udc_enable
                0x0804caac       0x58 zephyr/drivers/usb/udc/libdrivers__usb__udc.a(udc_common.c.obj)
                0x0804caac                udc_enable
 .text.udc_disable
                0x0804cb04       0x48 zephyr/drivers/usb/udc/libdrivers__usb__udc.a(udc_common.c.obj)
                0x0804cb04                udc_disable
 .text.udc_init
                0x0804cb4c       0x66 zephyr/drivers/usb/udc/libdrivers__usb__udc.a(udc_common.c.obj)
                0x0804cb4c                udc_init
 .text.udc_shutdown
                0x0804cbb2       0x56 zephyr/drivers/usb/udc/libdrivers__usb__udc.a(udc_common.c.obj)
                0x0804cbb2                udc_shutdown
 .text.gpio_pin_configure_dt
                0x0804cc08       0x36 zephyr/drivers/usb/udc/libdrivers__usb__udc.a(udc_stm32.c.obj)
 .text.udc_stm32_device_speed
                0x0804cc3e       0x1a zephyr/drivers/usb/udc/libdrivers__usb__udc.a(udc_stm32.c.obj)
 .text.udc_stm32_ep_dequeue
                0x0804cc58       0x26 zephyr/drivers/usb/udc/libdrivers__usb__udc.a(udc_stm32.c.obj)
 .text.udc269_irq_connect
                0x0804cc7e        0xa zephyr/drivers/usb/udc/libdrivers__usb__udc.a(udc_stm32.c.obj)
 .text.z_log_msg_simple_create_1.constprop.0
                0x0804cc88        0xa zephyr/drivers/usb/udc/libdrivers__usb__udc.a(udc_stm32.c.obj)
 .text.z_log_msg_simple_create_0.constprop.0
                0x0804cc92        0x8 zephyr/drivers/usb/udc/libdrivers__usb__udc.a(udc_stm32.c.obj)
 .text.udc_stm32_lock
                0x0804cc9a       0x10 zephyr/drivers/usb/udc/libdrivers__usb__udc.a(udc_stm32.c.obj)
 .text.udc_stm32_unlock
                0x0804ccaa        0x8 zephyr/drivers/usb/udc/libdrivers__usb__udc.a(udc_stm32.c.obj)
 .text.udc_stm32_ep_enqueue
                0x0804ccb2       0x5a zephyr/drivers/usb/udc/libdrivers__usb__udc.a(udc_stm32.c.obj)
 .text.HAL_PCD_ResetCallback
                0x0804cd0c       0x58 zephyr/drivers/usb/udc/libdrivers__usb__udc.a(udc_stm32.c.obj)