Archive member included to satisfy reference by file (symbol)

app/libapp.a(main.c.obj)      (--whole-archive)
zephyr/libzephyr.a(validate_libc.c.obj)
                              (--whole-archive)
zephyr/libzephyr.a(heap.c.obj)
                              (--whole-archive)
zephyr/libzephyr.a(cbprintf_packaged.c.obj)
                              (--whole-archive)
zephyr/libzephyr.a(clock.c.obj)
                              (--whole-archive)
zephyr/libzephyr.a(printk.c.obj)
                              (--whole-archive)
zephyr/libzephyr.a(sem.c.obj)
                              (--whole-archive)
zephyr/libzephyr.a(thread_entry.c.obj)
                              (--whole-archive)
zephyr/libzephyr.a(cbprintf_complete.c.obj)
                              (--whole-archive)
zephyr/libzephyr.a(assert.c.obj)
                              (--whole-archive)
zephyr/libzephyr.a(mpsc_pbuf.c.obj)
                              (--whole-archive)
zephyr/libzephyr.a(dec.c.obj)
                              (--whole-archive)
zephyr/libzephyr.a(hex.c.obj)
                              (--whole-archive)
zephyr/libzephyr.a(rb.c.obj)  (--whole-archive)
zephyr/libzephyr.a(set.c.obj)
                              (--whole-archive)
zephyr/libzephyr.a(timeutil.c.obj)
                              (--whole-archive)
zephyr/libzephyr.a(bitarray.c.obj)
                              (--whole-archive)
zephyr/libzephyr.a(bitmask.c.obj)
                              (--whole-archive)
zephyr/libzephyr.a(getopt.c.obj)
                              (--whole-archive)
zephyr/libzephyr.a(getopt_common.c.obj)
                              (--whole-archive)
zephyr/libzephyr.a(ring_buffer.c.obj)
                              (--whole-archive)
zephyr/libzephyr.a(last_section_id.c.obj)
                              (--whole-archive)
zephyr/libzephyr.a(configs.c.obj)
                              (--whole-archive)
zephyr/libzephyr.a(stm32cube_hal.c.obj)
                              (--whole-archive)
zephyr/libzephyr.a(soc_config.c.obj)
                              (--whole-archive)
zephyr/libzephyr.a(gpioport_mgr.c.obj)
                              (--whole-archive)
zephyr/libzephyr.a(stm32_backup_domain.c.obj)
                              (--whole-archive)
zephyr/libzephyr.a(soc_m4.c.obj)
                              (--whole-archive)
zephyr/libzephyr.a(mpu_regions.c.obj)
                              (--whole-archive)
zephyr/libzephyr.a(ipc_service.c.obj)
                              (--whole-archive)
zephyr/libzephyr.a(ipc_rpmsg_static_vrings.c.obj)
                              (--whole-archive)
zephyr/libzephyr.a(ipc_rpmsg.c.obj)
                              (--whole-archive)
zephyr/libzephyr.a(ipc_static_vrings.c.obj)
                              (--whole-archive)
zephyr/libzephyr.a(log_core.c.obj)
                              (--whole-archive)
zephyr/libzephyr.a(log_mgmt.c.obj)
                              (--whole-archive)
zephyr/libzephyr.a(log_cache.c.obj)
                              (--whole-archive)
zephyr/libzephyr.a(log_msg.c.obj)
                              (--whole-archive)
zephyr/libzephyr.a(log_output.c.obj)
                              (--whole-archive)
zephyr/libzephyr.a(log_backend_uart.c.obj)
                              (--whole-archive)
zephyr/libzephyr.a(mem_attr.c.obj)
                              (--whole-archive)
zephyr/libzephyr.a(tracing_none.c.obj)
                              (--whole-archive)
zephyr/arch/common/libarch__common.a(sw_isr_common.c.obj)
                              (--whole-archive)
zephyr/arch/common/libarch__common.a(init.c.obj)
                              (--whole-archive)
zephyr/arch/common/libarch__common.a(xip.c.obj)
                              (--whole-archive)
zephyr/arch/arch/arm/core/libarch__arm__core.a(fatal.c.obj)
                              (--whole-archive)
zephyr/arch/arch/arm/core/libarch__arm__core.a(nmi.c.obj)
                              (--whole-archive)
zephyr/arch/arch/arm/core/libarch__arm__core.a(nmi_on_reset.S.obj)
                              (--whole-archive)
zephyr/arch/arch/arm/core/libarch__arm__core.a(tls.c.obj)
                              (--whole-archive)
zephyr/arch/arch/arm/core/cortex_m/libarch__arm__core__cortex_m.a(fault.c.obj)
                              (--whole-archive)
zephyr/arch/arch/arm/core/cortex_m/libarch__arm__core__cortex_m.a(fault_s.S.obj)
                              (--whole-archive)
zephyr/arch/arch/arm/core/cortex_m/libarch__arm__core__cortex_m.a(fpu.c.obj)
                              (--whole-archive)
zephyr/arch/arch/arm/core/cortex_m/libarch__arm__core__cortex_m.a(reset.S.obj)
                              (--whole-archive)
zephyr/arch/arch/arm/core/cortex_m/libarch__arm__core__cortex_m.a(scb.c.obj)
                              (--whole-archive)
zephyr/arch/arch/arm/core/cortex_m/libarch__arm__core__cortex_m.a(vector_table.S.obj)
                              (--whole-archive)
[...]
Memory Configuration

Name             Origin             Length             Attributes
FLASH            0x08100000         0x00100000         xr
RAM              0x30000000         0x00020000         xw
EXTMEM           0x90000000         0x10000000         rw
SRAM0            0x24000000         0x00080000         rw
SRAM1            0x30000000         0x00020000         rw
SRAM2            0x30020000         0x00020000         rw
SRAM3            0x30040000         0x00008000         rw
SRAM4_IPC        0x38000000         0x00010000         rw
IDT_LIST         0xffff7fff         0x00008000         xw
*default*        0x00000000         0xffffffff

Linker script and memory map

                0x081058d0                        vfprintf = __l_vfprintf
                0x00000000                        vfscanf = __l_vfscanf
LOAD zephyr/CMakeFiles/zephyr_final.dir/misc/empty_file.c.obj
LOAD zephyr/CMakeFiles/zephyr_final.dir/isr_tables.c.obj
LOAD zephyr/CMakeFiles/offsets.dir/./arch/arm/core/offsets/offsets.c.obj
LOAD app/libapp.a
LOAD zephyr/libzephyr.a
LOAD zephyr/arch/common/libarch__common.a
LOAD zephyr/arch/arch/arm/core/libarch__arm__core.a
LOAD zephyr/arch/arch/arm/core/cortex_m/libarch__arm__core__cortex_m.a
LOAD zephyr/arch/arch/arm/core/mpu/libarch__arm__core__mpu.a
LOAD zephyr/lib/libc/picolibc/liblib__libc__picolibc.a
LOAD zephyr/lib/libc/common/liblib__libc__common.a
LOAD zephyr/lib/posix/c_lib_ext/liblib__posix__c_lib_ext.a
LOAD zephyr/drivers/interrupt_controller/libdrivers__interrupt_controller.a
LOAD zephyr/drivers/clock_control/libdrivers__clock_control.a
LOAD zephyr/drivers/console/libdrivers__console.a
LOAD zephyr/drivers/gpio/libdrivers__gpio.a
LOAD zephyr/drivers/mbox/libdrivers__mbox.a
LOAD zephyr/drivers/pinctrl/libdrivers__pinctrl.a
LOAD zephyr/drivers/reset/libdrivers__reset.a
LOAD zephyr/drivers/serial/libdrivers__serial.a
LOAD zephyr/drivers/timer/libdrivers__timer.a
LOAD modules/hal_stm32/stm32cube/lib..__modules__hal__stm32__stm32cube.a
LOAD modules/libmetal/libmetal/lib/libmetal.a
LOAD modules/open-amp/open-amp/lib/libopen_amp.a
LOAD zephyr/kernel/libkernel.a
LOAD zephyr/arch/common/libisr_tables.a
LOAD /home/gabo/zephyr-sdk-1.0.1/gnu/arm-zephyr-eabi/bin/../lib/gcc/arm-zephyr-eabi/14.3.0/../../../../arm-zephyr-eabi/lib/thumb/v7e-m/nofp/space/libc.a
LOAD /home/gabo/zephyr-sdk-1.0.1/gnu/arm-zephyr-eabi/bin/../lib/gcc/arm-zephyr-eabi/14.3.0/thumb/v7e-m/nofp/space/libgcc.a
                0x00000020                        _region_min_align = 0x20

.rel.plt        0x08100000        0x0
 *(SORT_BY_ALIGNMENT(.rel.plt))
                [!provide]                        PROVIDE (__rel_iplt_start = .)
 *(SORT_BY_ALIGNMENT(.rel.iplt))
 .rel.iplt      0x08100000        0x0 zephyr/CMakeFiles/zephyr_final.dir/isr_tables.c.obj
                [!provide]                        PROVIDE (__rel_iplt_end = .)

.rela.plt       0x00000000        0x0
 *(SORT_BY_ALIGNMENT(.rela.plt))
                [!provide]                        PROVIDE (__rela_iplt_start = .)
 *(SORT_BY_ALIGNMENT(.rela.iplt))
                [!provide]                        PROVIDE (__rela_iplt_end = .)

.rel.dyn
 *(SORT_BY_ALIGNMENT(.rel.*))

.rela.dyn
 *(SORT_BY_ALIGNMENT(.rela.*))

/DISCARD/
 *(SORT_BY_ALIGNMENT(.plt))

/DISCARD/
 *(SORT_BY_ALIGNMENT(.iplt))
                0x08100000                        __rom_region_start = 0x8100000

rom_start       0x08100000      0x23c
                0x08100000                        __rom_start_address = .
 FILL mask 0x00
                0x08100000                        . = (. + (0x0 - (. - __rom_start_address)))
                0x08100000                        . = ALIGN (0x4)
                0x08100000                        . = ALIGN (0x80)
                0x08100000                        . = ALIGN (0x400)
                0x08100000                        _vector_start = .
 *(SORT_BY_ALIGNMENT(.exc_vector_table))
 *(SORT_BY_ALIGNMENT(.exc_vector_table.*))
 .exc_vector_table._vector_table_section
                0x08100000       0x40 zephyr/arch/arch/arm/core/cortex_m/libarch__arm__core__cortex_m.a(vector_table.S.obj)
                0x08100000                _vector_table
 *(SORT_BY_ALIGNMENT(.vectors))
                0x0810023c                        _vector_end = .
                0x08100040                        . = ALIGN (0x4)
 *(SORT_BY_ALIGNMENT(.gnu.linkonce.irq_vector_table*))
 .gnu.linkonce.irq_vector_table
                0x08100040      0x1fc zephyr/CMakeFiles/zephyr_final.dir/isr_tables.c.obj
                0x08100040                _irq_vector_table
                0x0810023c                        _vector_end = .

text            0x0810023c     0x7e74
                0x0810023c                        __text_region_start = .
 *(SORT_BY_ALIGNMENT(.text))
 .text          0x0810023c       0x30 /home/gabo/zephyr-sdk-1.0.1/gnu/arm-zephyr-eabi/bin/../lib/gcc/arm-zephyr-eabi/14.3.0/thumb/v7e-m/nofp/space/libgcc.a(_aeabi_uldivmod.o)
                0x0810023c                __aeabi_uldivmod
 .text          0x0810026c        0x4 /home/gabo/zephyr-sdk-1.0.1/gnu/arm-zephyr-eabi/bin/../lib/gcc/arm-zephyr-eabi/14.3.0/thumb/v7e-m/nofp/space/libgcc.a(_dvmd_tls.o)
                0x0810026c                __aeabi_ldiv0
                0x0810026c                __aeabi_idiv0
 .text          0x08100270       0x14 /home/gabo/zephyr-sdk-1.0.1/gnu/arm-zephyr-eabi/bin/../lib/gcc/arm-zephyr-eabi/14.3.0/../../../../arm-zephyr-eabi/lib/thumb/v7e-m/nofp/space/libc.a(strcmp.S.o)
                0x08100270                strcmp
 .text          0x08100284       0x10 /home/gabo/zephyr-sdk-1.0.1/gnu/arm-zephyr-eabi/bin/../lib/gcc/arm-zephyr-eabi/14.3.0/../../../../arm-zephyr-eabi/lib/thumb/v7e-m/nofp/space/libc.a(strlen.S.o)
                0x08100284                strlen
 .text          0x08100294      0x2bc /home/gabo/zephyr-sdk-1.0.1/gnu/arm-zephyr-eabi/bin/../lib/gcc/arm-zephyr-eabi/14.3.0/thumb/v7e-m/nofp/space/libgcc.a(_udivmoddi4.o)
                0x08100294                __udivmoddi4
 *(SORT_BY_ALIGNMENT(.text.*))
 .text.ept_received
                0x08100550       0x38 app/libapp.a(main.c.obj)
 .text.ept_bound
                0x08100588       0x24 app/libapp.a(main.c.obj)
 .text.main     0x081005ac       0xd4 app/libapp.a(main.c.obj)
                0x081005ac                main
 .text.sys_heap_free
                0x08100680      0x108 zephyr/libzephyr.a(heap.c.obj)
                0x08100680                sys_heap_free
 .text.cbvprintf_package
                0x08100788      0x368 zephyr/libzephyr.a(cbprintf_packaged.c.obj)
                0x08100788                cbvprintf_package
 .text.cbprintf_package_convert
                0x08100af0      0x3c8 zephyr/libzephyr.a(cbprintf_packaged.c.obj)
                0x08100af0                cbprintf_package_convert
 .text.__printk_hook_install
                0x08100eb8        0xc zephyr/libzephyr.a(printk.c.obj)
                0x08100eb8                __printk_hook_install
 .text.z_thread_entry
                0x08100ec4       0x34 zephyr/libzephyr.a(thread_entry.c.obj)
                0x08100ec4                z_thread_entry
 .text.st_stm32_common_config
                0x08100ef8       0x1c zephyr/libzephyr.a(soc_config.c.obj)
 .text.stm32_gpioport_init
                0x08100f14       0x20 zephyr/libzephyr.a(gpioport_mgr.c.obj)
 .text.stm32_gpioport_get
                0x08100f34       0x24 zephyr/libzephyr.a(gpioport_mgr.c.obj)
                0x08100f34                stm32_gpioport_get
 .text.stm32_gpioport_configure_pin
                0x08100f58       0xe0 zephyr/libzephyr.a(gpioport_mgr.c.obj)
                0x08100f58                stm32_gpioport_configure_pin
 .text.soc_early_init_hook
                0x08101038       0x74 zephyr/libzephyr.a(soc_m4.c.obj)
                0x08101038                soc_early_init_hook
 .text.ipc_service_open_instance
                0x081010ac       0x40 zephyr/libzephyr.a(ipc_service.c.obj)
                0x081010ac                ipc_service_open_instance
 .text.ipc_service_register_endpoint
                0x081010ec       0x44 zephyr/libzephyr.a(ipc_service.c.obj)
                0x081010ec                ipc_service_register_endpoint
 .text.ipc_service_send
                0x08101130       0x5c zephyr/libzephyr.a(ipc_service.c.obj)
                0x08101130                ipc_service_send
 .text.advertise_ept
                0x0810118c       0x44 zephyr/libzephyr.a(ipc_rpmsg_static_vrings.c.obj)
 .text.open     0x081011d0      0x1bc zephyr/libzephyr.a(ipc_rpmsg_static_vrings.c.obj)
 .text.ns_bind_cb
                0x0810138c       0x7c zephyr/libzephyr.a(ipc_rpmsg_static_vrings.c.obj)
 .text.bound_cb
                0x08101408       0x30 zephyr/libzephyr.a(ipc_rpmsg_static_vrings.c.obj)
 .text.send     0x08101438       0x50 zephyr/libzephyr.a(ipc_rpmsg_static_vrings.c.obj)
 .text.register_ept
                0x08101488       0xf4 zephyr/libzephyr.a(ipc_rpmsg_static_vrings.c.obj)
 .text.deregister_ept
                0x0810157c       0x48 zephyr/libzephyr.a(ipc_rpmsg_static_vrings.c.obj)
 .text.ns_bind_cb
                0x081015c4       0x74 zephyr/libzephyr.a(ipc_rpmsg.c.obj)
 .text.ipc_rpmsg_register_ept
                0x08101638       0x3c zephyr/libzephyr.a(ipc_rpmsg.c.obj)
                0x08101638                ipc_rpmsg_register_ept
 .text.ipc_rpmsg_init
                0x08101674       0x70 zephyr/libzephyr.a(ipc_rpmsg.c.obj)
                0x08101674                ipc_rpmsg_init
 .text.ipc_static_vrings_init
                0x081016e4       0xbc zephyr/libzephyr.a(ipc_static_vrings.c.obj)
                0x081016e4                ipc_static_vrings_init
 .text.activate_foreach_backend
                0x081017a0       0x60 zephyr/libzephyr.a(log_core.c.obj)
 .text.enable_logger
                0x08101800       0x58 zephyr/libzephyr.a(log_core.c.obj)
 .text.log_process_thread_timer_expiry_fn
                0x08101858        0xc zephyr/libzephyr.a(log_core.c.obj)
 .text.z_log_init
                0x08101864       0x94 zephyr/libzephyr.a(log_core.c.obj)
 .text.log_format_func_t_get
                0x081018f8        0xc zephyr/libzephyr.a(log_core.c.obj)
                0x081018f8                log_format_func_t_get
 .text.log_set_timestamp_func
                0x08101904       0x20 zephyr/libzephyr.a(log_core.c.obj)
                0x08101904                log_set_timestamp_func
 .text.z_log_notify_backend_enabled
                0x08101924       0x1c zephyr/libzephyr.a(log_core.c.obj)
                0x08101924                z_log_notify_backend_enabled
 .text.z_log_dropped
                0x08101940       0x44 zephyr/libzephyr.a(log_core.c.obj)
                0x08101940                z_log_dropped
 .text.z_log_dropped_read_and_clear
                0x08101984       0x20 zephyr/libzephyr.a(log_core.c.obj)
                0x08101984                z_log_dropped_read_and_clear
 .text.dropped_notify
                0x081019a4       0x30 zephyr/libzephyr.a(log_core.c.obj)
                0x081019a4                dropped_notify
 .text.z_log_msg_init
                0x081019d4       0x20 zephyr/libzephyr.a(log_core.c.obj)
                0x081019d4                z_log_msg_init
 .text.log_core_init
                0x081019f4       0x50 zephyr/libzephyr.a(log_core.c.obj)
                0x081019f4                log_core_init
 .text.z_log_msg_alloc
                0x08101a44       0x10 zephyr/libzephyr.a(log_core.c.obj)
                0x08101a44                z_log_msg_alloc
 .text.z_log_msg_local_claim
                0x08101a54        0xc zephyr/libzephyr.a(log_core.c.obj)
                0x08101a54                z_log_msg_local_claim
 .text.z_log_msg_free
                0x08101a60       0x10 zephyr/libzephyr.a(log_core.c.obj)
                0x08101a60                z_log_msg_free
 .text.z_log_msg_pending
                0x08101a70        0xc zephyr/libzephyr.a(log_core.c.obj)
                0x08101a70                z_log_msg_pending
 .text.z_impl_log_process
                0x08101a7c       0xb8 zephyr/libzephyr.a(log_core.c.obj)
                0x08101a7c                z_impl_log_process
 .text.z_impl_log_panic
                0x08101b34       0x44 zephyr/libzephyr.a(log_core.c.obj)
                0x08101b34                z_impl_log_panic
 .text.log_process_thread_func
                0x08101b78       0xa0 zephyr/libzephyr.a(log_core.c.obj)
 .text.z_log_msg_post_finalize
                0x08101c18       0x78 zephyr/libzephyr.a(log_core.c.obj)
 .text.z_log_msg_commit
                0x08101c90       0x24 zephyr/libzephyr.a(log_core.c.obj)
                0x08101c90                z_log_msg_commit
 .text.log_source_name_get
                0x08101cb4       0x1c zephyr/libzephyr.a(log_mgmt.c.obj)
                0x08101cb4                log_source_name_get
 .text.z_impl_z_log_msg_static_create
                0x08101cd0      0x100 zephyr/libzephyr.a(log_msg.c.obj)
                0x08101cd0                z_impl_z_log_msg_static_create
 .text.z_log_msg_runtime_vcreate
                0x08101dd0       0xa4 zephyr/libzephyr.a(log_msg.c.obj)
                0x08101dd0                z_log_msg_runtime_vcreate
 .text.log_msg_get_source_id
                0x08101e74       0x18 zephyr/libzephyr.a(log_msg.c.obj)
                0x08101e74                log_msg_get_source_id
 .text.print_formatted
                0x08101e8c       0x24 zephyr/libzephyr.a(log_output.c.obj)
 .text.newline_print
                0x08101eb0       0x1c zephyr/libzephyr.a(log_output.c.obj)
 .text.log_output_process
                0x08101ecc      0x26c zephyr/libzephyr.a(log_output.c.obj)
                0x08101ecc                log_output_process
 .text.log_output_dropped_process
                0x08102138       0x58 zephyr/libzephyr.a(log_output.c.obj)
                0x08102138                log_output_dropped_process
 .text.log_output_timestamp_freq_set
                0x08102190       0x2c zephyr/libzephyr.a(log_output.c.obj)
                0x08102190                log_output_timestamp_freq_set
 .text.char_out
                0x081021bc       0x24 zephyr/libzephyr.a(log_backend_uart.c.obj)
 .text.mem_attr_get_regions
                0x081021e0        0xc zephyr/libzephyr.a(mem_attr.c.obj)
                0x081021e0                mem_attr_get_regions
 .text.arch_bss_zero
                0x081021ec       0x18 zephyr/arch/common/libarch__common.a(init.c.obj)
                0x081021ec                arch_bss_zero
 .text.arch_data_copy
                0x08102204       0x38 zephyr/arch/common/libarch__common.a(xip.c.obj)
                0x08102204                arch_data_copy
 .text.z_arm_fatal_error
                0x0810223c       0xb8 zephyr/arch/arch/arm/core/libarch__arm__core.a(fatal.c.obj)
                0x0810223c                z_arm_fatal_error
 .text.z_SysNmiOnReset
                0x081022f4        0x8 zephyr/arch/arch/arm/core/libarch__arm__core.a(nmi_on_reset.S.obj)
                0x081022f4                z_SysNmiOnReset
 .text.arch_tls_stack_setup
                0x081022fc       0x40 zephyr/arch/arch/arm/core/libarch__arm__core.a(tls.c.obj)
                0x081022fc                arch_tls_stack_setup
 .text.usage_fault.isra.0
                0x0810233c       0xa8 zephyr/arch/arch/arm/core/cortex_m/libarch__arm__core__cortex_m.a(fault.c.obj)
 .text.bus_fault.isra.0
                0x081023e4       0xd0 zephyr/arch/arch/arm/core/cortex_m/libarch__arm__core__cortex_m.a(fault.c.obj)
 .text.mem_manage_fault
                0x081024b4      0x104 zephyr/arch/arch/arm/core/cortex_m/libarch__arm__core__cortex_m.a(fault.c.obj)
 .text.z_arm_fault
                0x081025b8      0x1dc zephyr/arch/arch/arm/core/cortex_m/libarch__arm__core__cortex_m.a(fault.c.obj)
                0x081025b8                z_arm_fault
 .text.z_arm_fault_init
                0x08102794       0x18 zephyr/arch/arch/arm/core/cortex_m/libarch__arm__core__cortex_m.a(fault.c.obj)
                0x08102794                z_arm_fault_init
 .text.__fault  0x081027ac       0x14 zephyr/arch/arch/arm/core/cortex_m/libarch__arm__core__cortex_m.a(fault_s.S.obj)
                0x081027ac                z_arm_bus_fault
                0x081027ac                z_arm_usage_fault
                0x081027ac                z_arm_mpu_fault
                0x081027ac                z_arm_exc_spurious
                0x081027ac                z_arm_debug_monitor
                0x081027ac                z_arm_hard_fault
 .text._reset_section
                0x081027c0       0x34 zephyr/arch/arch/arm/core/cortex_m/libarch__arm__core__cortex_m.a(reset.S.obj)
                0x081027c0                z_arm_reset
                0x081027c0                __start
 .text.z_arm_svc
                0x081027f4       0x24 zephyr/arch/arch/arm/core/cortex_m/libarch__arm__core__cortex_m.a(svc.S.obj)
                0x081027f4                z_arm_svc
 .text.arm_irq_enable
                0x08102818       0x1c zephyr/arch/arch/arm/core/cortex_m/libarch__arm__core__cortex_m.a(irq_manage.c.obj)
                0x08102818                arm_irq_enable
 .text.arm_irq_priority_set
                0x08102834       0x30 zephyr/arch/arch/arm/core/cortex_m/libarch__arm__core__cortex_m.a(irq_manage.c.obj)
                0x08102834                arm_irq_priority_set
 .text.relocate_vector_table
                0x08102864       0x1c zephyr/arch/arch/arm/core/cortex_m/libarch__arm__core__cortex_m.a(prep_c.c.obj)
                0x08102864                relocate_vector_table
 .text.z_prep_c
                0x08102880       0x38 zephyr/arch/arch/arm/core/cortex_m/libarch__arm__core__cortex_m.a(prep_c.c.obj)
                0x08102880                z_prep_c
 .text.arch_new_thread
                0x081028b8       0x38 zephyr/arch/arch/arm/core/cortex_m/libarch__arm__core__cortex_m.a(thread.c.obj)
                0x081028b8                arch_new_thread
 .text.z_check_thread_stack_fail
                0x081028f0       0x2c zephyr/arch/arch/arm/core/cortex_m/libarch__arm__core__cortex_m.a(thread.c.obj)
                0x081028f0                z_check_thread_stack_fail
 .text.arch_switch_to_main_thread
                0x0810291c       0x3c zephyr/arch/arch/arm/core/cortex_m/libarch__arm__core__cortex_m.a(thread.c.obj)
                0x0810291c                arch_switch_to_main_thread
 .text.z_arm_cpu_idle_init
                0x08102958        0xc zephyr/arch/arch/arm/core/cortex_m/libarch__arm__core__cortex_m.a(cpu_idle.c.obj)
                0x08102958                z_arm_cpu_idle_init
 .text._HandlerModeExit
                0x08102964       0x20 zephyr/arch/arch/arm/core/cortex_m/libarch__arm__core__cortex_m.a(exc_exit.c.obj)
                0x08102964                z_arm_exc_exit
                0x08102964                z_arm_int_exit
 .text.z_impl_k_thread_abort
                0x08102984       0x2c zephyr/arch/arch/arm/core/cortex_m/libarch__arm__core__cortex_m.a(thread_abort.c.obj)
                0x08102984                z_impl_k_thread_abort
 .text.z_arm_pendsv
                0x081029b0       0x60 zephyr/arch/arch/arm/core/cortex_m/libarch__arm__core__cortex_m.a(swap_helper.S.obj)
                0x081029b0                z_arm_pendsv
 .text.z_arm_interrupt_init
                0x08102a10       0x18 zephyr/arch/arch/arm/core/cortex_m/libarch__arm__core__cortex_m.a(irq_init.c.obj)
                0x08102a10                z_arm_interrupt_init
 .text._isr_wrapper
                0x08102a28       0x24 zephyr/arch/arch/arm/core/cortex_m/libarch__arm__core__cortex_m.a(isr_wrapper.c.obj)
                0x08102a28                _isr_wrapper
 .text.__aeabi_read_tp
                0x08102a4c        0xc zephyr/arch/arch/arm/core/cortex_m/libarch__arm__core__cortex_m.a(__aeabi_read_tp.S.obj)
                0x08102a4c                __aeabi_read_tp
 .text.z_arm_configure_static_mpu_regions
                0x08102a58       0x18 zephyr/arch/arch/arm/core/mpu/libarch__arm__core__mpu.a(arm_core_mpu.c.obj)
                0x08102a58                z_arm_configure_static_mpu_regions
 .text.z_arm_configure_dynamic_mpu_regions
                0x08102a70       0x20 zephyr/arch/arch/arm/core/mpu/libarch__arm__core__mpu.a(arm_core_mpu.c.obj)
                0x08102a70                z_arm_configure_dynamic_mpu_regions
 .text.region_allocate_and_init
                0x08102a90       0x54 zephyr/arch/arch/arm/core/mpu/libarch__arm__core__mpu.a(arm_mpu.c.obj)
 .text.mpu_configure_regions
                0x08102ae4       0x68 zephyr/arch/arch/arm/core/mpu/libarch__arm__core__mpu.a(arm_mpu.c.obj)
 .text.arm_core_mpu_enable
                0x08102b4c       0x18 zephyr/arch/arch/arm/core/mpu/libarch__arm__core__mpu.a(arm_mpu.c.obj)
                0x08102b4c                arm_core_mpu_enable
 .text.arm_core_mpu_disable
                0x08102b64       0x14 zephyr/arch/arch/arm/core/mpu/libarch__arm__core__mpu.a(arm_mpu.c.obj)
                0x08102b64                arm_core_mpu_disable
 .text.arm_core_mpu_configure_static_mpu_regions
                0x08102b78       0x14 zephyr/arch/arch/arm/core/mpu/libarch__arm__core__mpu.a(arm_mpu.c.obj)
                0x08102b78                arm_core_mpu_configure_static_mpu_regions
 .text.arm_core_mpu_configure_dynamic_mpu_regions
                0x08102b8c       0x38 zephyr/arch/arch/arm/core/mpu/libarch__arm__core__mpu.a(arm_mpu.c.obj)
                0x08102b8c                arm_core_mpu_configure_dynamic_mpu_regions
 .text.z_arm_mpu_init
                0x08102bc4      0x194 zephyr/arch/arch/arm/core/mpu/libarch__arm__core__mpu.a(arm_mpu.c.obj)
                0x08102bc4                z_arm_mpu_init
 .text.cbvprintf
                0x08102d58       0x38 zephyr/lib/libc/picolibc/liblib__libc__picolibc.a(cbprintf.c.obj)
                0x08102d58                cbvprintf
 .text.z_impl_zephyr_fputc
                0x08102d90       0x10 zephyr/lib/libc/picolibc/liblib__libc__picolibc.a(stdio.c.obj)
                0x08102d90                z_impl_zephyr_fputc
 .text.__stdout_hook_install
                0x08102da0       0x18 zephyr/lib/libc/picolibc/liblib__libc__picolibc.a(stdio.c.obj)
                0x08102da0                __stdout_hook_install
 .text.malloc_prepare
                0x08102db8       0x24 zephyr/lib/libc/common/liblib__libc__common.a(malloc.c.obj)
 .text.z_stm32_hsem_lock.constprop.0
                0x08102ddc       0x34 zephyr/drivers/interrupt_controller/libdrivers__interrupt_controller.a(intc_exti_stm32.c.obj)
 .text.stm32_exti_init
                0x08102e10       0x2c zephyr/drivers/interrupt_controller/libdrivers__interrupt_controller.a(intc_exti_stm32.c.obj)
 .text.stm32_exti_is_pending
                0x08102e3c       0x5c zephyr/drivers/interrupt_controller/libdrivers__interrupt_controller.a(intc_exti_stm32.c.obj)
                0x08102e3c                stm32_exti_is_pending
 .text.stm32_exti_clear_pending
                0x08102e98       0x58 zephyr/drivers/interrupt_controller/libdrivers__interrupt_controller.a(intc_exti_stm32.c.obj)
                0x08102e98                stm32_exti_clear_pending
 .text.stm32_fill_irq_table
                0x08102ef0       0x18 zephyr/drivers/interrupt_controller/libdrivers__interrupt_controller.a(intc_gpio_stm32.c.obj)
 .text.stm32_intc_gpio_isr
                0x08102f08       0x4c zephyr/drivers/interrupt_controller/libdrivers__interrupt_controller.a(intc_gpio_stm32.c.obj)
 .text.z_stm32_hsem_lock.constprop.0
                0x08102f54       0x34 zephyr/drivers/interrupt_controller/libdrivers__interrupt_controller.a(intc_gpio_stm32.c.obj)
 .text.stm32_gpio_intc_enable_line
                0x08102f88       0x30 zephyr/drivers/interrupt_controller/libdrivers__interrupt_controller.a(intc_gpio_stm32.c.obj)
                0x08102f88                stm32_gpio_intc_enable_line
 .text.stm32_gpio_intc_select_line_trigger
                0x08102fb8       0x68 zephyr/drivers/interrupt_controller/libdrivers__interrupt_controller.a(intc_gpio_stm32.c.obj)
                0x08102fb8                stm32_gpio_intc_select_line_trigger
 .text.stm32_gpio_intc_set_irq_callback
                0x08103020       0x40 zephyr/drivers/interrupt_controller/libdrivers__interrupt_controller.a(intc_gpio_stm32.c.obj)
                0x08103020                stm32_gpio_intc_set_irq_callback
 .text.stm32_gpio_intc_remove_irq_callback
                0x08103060       0x24 zephyr/drivers/interrupt_controller/libdrivers__interrupt_controller.a(intc_gpio_stm32.c.obj)
                0x08103060                stm32_gpio_intc_remove_irq_callback
 .text.stm32_exti_set_line_src_port
                0x08103084       0x4c zephyr/drivers/interrupt_controller/libdrivers__interrupt_controller.a(intc_gpio_stm32.c.obj)
                0x08103084                stm32_exti_set_line_src_port
 .text.stm32_exti_get_line_src_port
                0x081030d0       0x38 zephyr/drivers/interrupt_controller/libdrivers__interrupt_controller.a(intc_gpio_stm32.c.obj)
                0x081030d0                stm32_exti_get_line_src_port
 .text.stm32_clock_control_get_subsys_rate
                0x08103108       0x74 zephyr/drivers/clock_control/libdrivers__clock_control.a(clock_stm32_ll_h7.c.obj)
 .text.z_stm32_hsem_lock.constprop.0
                0x0810317c       0x34 zephyr/drivers/clock_control/libdrivers__clock_control.a(clock_stm32_ll_h7.c.obj)
 .text.stm32_clock_control_off
                0x081031b0       0x44 zephyr/drivers/clock_control/libdrivers__clock_control.a(clock_stm32_ll_h7.c.obj)
 .text.stm32_clock_control_on
                0x081031f4       0x50 zephyr/drivers/clock_control/libdrivers__clock_control.a(clock_stm32_ll_h7.c.obj)
 .text.stm32_clock_control_init
                0x08103244       0x20 zephyr/drivers/clock_control/libdrivers__clock_control.a(clock_stm32_ll_h7.c.obj)
                0x08103244                stm32_clock_control_init
 .text.stm32_clock_control_configure
                0x08103264       0x5c zephyr/drivers/clock_control/libdrivers__clock_control.a(clock_stm32_ll_h7.c.obj)
 .text.uart_console_init
                0x081032c0       0x28 zephyr/drivers/console/libdrivers__console.a(uart_console.c.obj)
 .text.console_out
                0x081032e8       0x28 zephyr/drivers/console/libdrivers__console.a(uart_console.c.obj)
 .text.gpio_stm32_pin_interrupt_configure
                0x08103310       0xac zephyr/drivers/gpio/libdrivers__gpio.a(gpio_stm32.c.obj)
 .text.z_stm32_hsem_lock.constprop.0
                0x081033bc       0x34 zephyr/drivers/gpio/libdrivers__gpio.a(gpio_stm32.c.obj)
 .text.gpio_stm32_port_toggle_bits
                0x081033f0       0x24 zephyr/drivers/gpio/libdrivers__gpio.a(gpio_stm32.c.obj)
 .text.gpio_stm32_port_set_masked_raw
                0x08103414       0x28 zephyr/drivers/gpio/libdrivers__gpio.a(gpio_stm32.c.obj)
 .text.mbox_dispatcher
                0x0810343c       0x28 zephyr/drivers/mbox/libdrivers__mbox.a(mbox_stm32_hsem.c.obj)
 .text.mbox_stm32_hsem_set_enabled
                0x08103464       0x34 zephyr/drivers/mbox/libdrivers__mbox.a(mbox_stm32_hsem.c.obj)
 .text.mbox_stm32_hsem_send
                0x08103498       0x5c zephyr/drivers/mbox/libdrivers__mbox.a(mbox_stm32_hsem.c.obj)
 .text.uart_stm32_set_baudrate
                0x081034f4       0xa4 zephyr/drivers/serial/libdrivers__serial.a(uart_stm32.c.obj)
 .text.uart_stm32_parameters_set
                0x08103598      0x144 zephyr/drivers/serial/libdrivers__serial.a(uart_stm32.c.obj)
 .text.uart_stm32_init
                0x081036dc      0x1d4 zephyr/drivers/serial/libdrivers__serial.a(uart_stm32.c.obj)
 .text.uart_stm32_configure
                0x081038b0      0x128 zephyr/drivers/serial/libdrivers__serial.a(uart_stm32.c.obj)
 .text.elapsed  0x081039d8       0x44 zephyr/drivers/timer/libdrivers__timer.a(cortex_m_systick.c.obj)
 .text.sys_clock_driver_init
                0x08103a1c       0x34 zephyr/drivers/timer/libdrivers__timer.a(cortex_m_systick.c.obj)
 .text.sys_clock_isr
                0x08103a50       0x6c zephyr/drivers/timer/libdrivers__timer.a(cortex_m_systick.c.obj)
                0x08103a50                sys_clock_isr
 .text.sys_clock_set_timeout
                0x08103abc       0xf4 zephyr/drivers/timer/libdrivers__timer.a(cortex_m_systick.c.obj)
                0x08103abc                sys_clock_set_timeout
 .text.sys_clock_elapsed
                0x08103bb0       0x3c zephyr/drivers/timer/libdrivers__timer.a(cortex_m_systick.c.obj)
                0x08103bb0                sys_clock_elapsed
 .text.metal_generic_dev_open
                0x08103bec       0x40 modules/libmetal/libmetal/lib/libmetal.a(device.c.obj)
                0x08103bec                metal_generic_dev_open
 .text.metal_bus_unregister
                0x08103c2c       0x3c modules/libmetal/libmetal/lib/libmetal.a(device.c.obj)
                0x08103c2c                metal_bus_unregister
 .text.metal_bus_find
                0x08103c68       0x3c modules/libmetal/libmetal/lib/libmetal.a(device.c.obj)
                0x08103c68                metal_bus_find
 .text.metal_bus_register
                0x08103ca4       0x5c modules/libmetal/libmetal/lib/libmetal.a(device.c.obj)
                0x08103ca4                metal_bus_register
 .text.metal_init
                0x08103d00       0x50 modules/libmetal/libmetal/lib/libmetal.a(init.c.obj)
                0x08103d00                metal_init
 .text.metal_finish
                0x08103d50       0x24 modules/libmetal/libmetal/lib/libmetal.a(init.c.obj)
                0x08103d50                metal_finish
 .text.metal_sys_init
                0x08103d74       0x10 modules/libmetal/libmetal/lib/libmetal.a(init.c.obj)
                0x08103d74                metal_sys_init
 .text.metal_sys_finish
                0x08103d84        0xc modules/libmetal/libmetal/lib/libmetal.a(init.c.obj)
                0x08103d84                metal_sys_finish
 .text.metal_zephyr_log_handler
                0x08103d90       0x3c modules/libmetal/libmetal/lib/libmetal.a(log.c.obj)
                0x08103d90                metal_zephyr_log_handler
 .text.virtio_create_virtqueues
                0x08103dcc       0x78 modules/open-amp/open-amp/lib/libopen_amp.a(virtio.c.obj)
                0x08103dcc                virtio_create_virtqueues
 .text.virtqueue_free
                0x08103e44       0x38 modules/open-amp/open-amp/lib/libopen_amp.a(virtqueue.c.obj)
                0x08103e44                virtqueue_free
 .text.virtqueue_add_consumed_buffer
                0x08103e7c       0x38 modules/open-amp/open-amp/lib/libopen_amp.a(virtqueue.c.obj)
                0x08103e7c                virtqueue_add_consumed_buffer
 .text.rpmsg_send_offchannel_raw
                0x08103eb4       0x2c modules/open-amp/open-amp/lib/libopen_amp.a(rpmsg.c.obj)
                0x08103eb4                rpmsg_send_offchannel_raw
 .text.rpmsg_send_offchannel_nocopy
                0x08103ee0       0x2c modules/open-amp/open-amp/lib/libopen_amp.a(rpmsg.c.obj)
                0x08103ee0                rpmsg_send_offchannel_nocopy
 .text.rpmsg_create_ept
                0x08103f0c      0x114 modules/open-amp/open-amp/lib/libopen_amp.a(rpmsg.c.obj)
                0x08103f0c                rpmsg_create_ept
 .text.rpmsg_virtio_buf_held_dec_test
                0x08104020       0x38 modules/open-amp/open-amp/lib/libopen_amp.a(rpmsg_virtio.c.obj)
 .text.rpmsg_virtio_get_tx_buffer_size
                0x08104058       0x44 modules/open-amp/open-amp/lib/libopen_amp.a(rpmsg_virtio.c.obj)
                0x08104058                rpmsg_virtio_get_tx_buffer_size
 .text.rpmsg_virtio_get_rx_buffer_size
                0x0810409c       0x44 modules/open-amp/open-amp/lib/libopen_amp.a(rpmsg_virtio.c.obj)
                0x0810409c                rpmsg_virtio_get_rx_buffer_size
 .text.rpmsg_virtio_send_offchannel_raw
                0x081040e0       0x5c modules/open-amp/open-amp/lib/libopen_amp.a(rpmsg_virtio.c.obj)
 .text.rpmsg_init_vdev_with_config
                0x0810413c      0x1b0 modules/open-amp/open-amp/lib/libopen_amp.a(rpmsg_virtio.c.obj)
                0x0810413c                rpmsg_init_vdev_with_config
 .text.k_sys_fatal_error_handler
                0x081042ec       0x20 zephyr/kernel/libkernel.a(fatal.c.obj)
                0x081042ec                k_sys_fatal_error_handler
 .text.z_fatal_error
                0x0810430c       0xec zephyr/kernel/libkernel.a(fatal.c.obj)
                0x0810430c                z_fatal_error
 .text.z_sys_init_run_level
                0x081043f8       0x30 zephyr/kernel/libkernel.a(init.c.obj)
 .text.bg_thread_main
                0x08104428       0xc0 zephyr/kernel/libkernel.a(init.c.obj)
 .text.z_init_cpu
                0x081044e8       0x70 zephyr/kernel/libkernel.a(init.c.obj)
                0x081044e8                z_init_cpu
 .text.z_cstart
                0x08104558       0xd0 zephyr/kernel/libkernel.a(init.c.obj)
                0x08104558                z_cstart
 .text.z_impl_k_mutex_lock
                0x08104628       0xe4 zephyr/kernel/libkernel.a(mutex.c.obj)
                0x08104628                z_impl_k_mutex_lock
 .text.z_impl_k_mutex_unlock
                0x0810470c       0xa0 zephyr/kernel/libkernel.a(mutex.c.obj)
                0x0810470c                z_impl_k_mutex_unlock
 .text.z_impl_k_sem_give
                0x081047ac       0x68 zephyr/kernel/libkernel.a(sem.c.obj)
                0x081047ac                z_impl_k_sem_give
 .text.z_impl_k_sem_take
                0x08104814       0x4c zephyr/kernel/libkernel.a(sem.c.obj)
                0x08104814                z_impl_k_sem_take
 .text.work_queue_main
                0x08104860      0x160 zephyr/kernel/libkernel.a(work.c.obj)
 .text.submit_to_queue_locked
                0x081049c0       0xa4 zephyr/kernel/libkernel.a(work.c.obj)
 .text.work_flush_locked
                0x08104a64       0x78 zephyr/kernel/libkernel.a(work.c.obj)
 .text.k_work_queue_start
                0x08104adc       0x80 zephyr/kernel/libkernel.a(work.c.obj)
                0x08104adc                k_work_queue_start
 .text.k_work_queue_drain
                0x08104b5c       0x6c zephyr/kernel/libkernel.a(work.c.obj)
                0x08104b5c                k_work_queue_drain
 .text.z_setup_new_thread
                0x08104bc8       0x98 zephyr/kernel/libkernel.a(thread.c.obj)
                0x08104bc8                z_setup_new_thread
 .text.z_impl_k_thread_create
                0x08104c60       0x58 zephyr/kernel/libkernel.a(thread.c.obj)
                0x08104c60                z_impl_k_thread_create
 .text.z_dummy_thread_init
                0x08104cb8       0x20 zephyr/kernel/libkernel.a(thread.c.obj)
                0x08104cb8                z_dummy_thread_init
 .text.z_swap_irqlock
                0x08104cd8       0x30 zephyr/kernel/libkernel.a(sched.c.obj)
 .text.ready_thread
                0x08104d08       0x80 zephyr/kernel/libkernel.a(sched.c.obj)
 .text.unready_thread
                0x08104d88       0x54 zephyr/kernel/libkernel.a(sched.c.obj)
 .text.add_thread_timeout
                0x08104ddc       0x1c zephyr/kernel/libkernel.a(sched.c.obj)
 .text.reschedule.isra.0
                0x08104df8       0x28 zephyr/kernel/libkernel.a(sched.c.obj)
 .text.move_current_to_end_of_prio_q
                0x08104e20       0x6c zephyr/kernel/libkernel.a(sched.c.obj)
                0x08104e20                move_current_to_end_of_prio_q
 .text.z_pend_curr
                0x08104e8c       0x44 zephyr/kernel/libkernel.a(sched.c.obj)
                0x08104e8c                z_pend_curr
 .text.z_thread_prio_set
                0x08104ed0       0xd8 zephyr/kernel/libkernel.a(sched.c.obj)
                0x08104ed0                z_thread_prio_set
 .text.z_reschedule_irqlock
                0x08104fa8       0x28 zephyr/kernel/libkernel.a(sched.c.obj)
                0x08104fa8                z_reschedule_irqlock
 .text.k_sched_lock
                0x08104fd0       0x28 zephyr/kernel/libkernel.a(sched.c.obj)
                0x08104fd0                k_sched_lock
 .text.k_sched_unlock
                0x08104ff8       0x54 zephyr/kernel/libkernel.a(sched.c.obj)
                0x08104ff8                k_sched_unlock
 .text.z_sched_init
                0x0810504c       0x10 zephyr/kernel/libkernel.a(sched.c.obj)
                0x0810504c                z_sched_init
 .text.z_impl_k_yield
                0x0810505c       0x84 zephyr/kernel/libkernel.a(sched.c.obj)
                0x0810505c                z_impl_k_yield
 .text.z_tick_sleep
                0x081050e0       0x78 zephyr/kernel/libkernel.a(sched.c.obj)
 .text.z_impl_k_sched_current_thread_query
                0x08105158        0xc zephyr/kernel/libkernel.a(sched.c.obj)
                0x08105158                z_impl_k_sched_current_thread_query
 .text.z_thread_abort
                0x08105164      0x13c zephyr/kernel/libkernel.a(sched.c.obj)
                0x08105164                z_thread_abort
 .text.z_sched_wait
                0x081052a0       0x24 zephyr/kernel/libkernel.a(sched.c.obj)
                0x081052a0                z_sched_wait
 .text.z_time_slice_size
                0x081052c4       0x40 zephyr/kernel/libkernel.a(timeslicing.c.obj)
 .text.slice_timeout
                0x08105304       0x20 zephyr/kernel/libkernel.a(timeslicing.c.obj)
 .text.z_reset_time_slice
                0x08105324       0x44 zephyr/kernel/libkernel.a(timeslicing.c.obj)
                0x08105324                z_reset_time_slice
 .text.z_time_slice
                0x08105368       0x5c zephyr/kernel/libkernel.a(timeslicing.c.obj)
                0x08105368                z_time_slice
 .text.first    0x081053c4       0x10 zephyr/kernel/libkernel.a(timeout.c.obj)
 .text.elapsed  0x081053d4       0x14 zephyr/kernel/libkernel.a(timeout.c.obj)
 .text.remove_timeout
                0x081053e8       0x38 zephyr/kernel/libkernel.a(timeout.c.obj)
 .text.z_add_timeout
                0x08105420      0x120 zephyr/kernel/libkernel.a(timeout.c.obj)
                0x08105420                z_add_timeout
 .text.sys_clock_announce_locked
                0x08105540       0xb8 zephyr/kernel/libkernel.a(timeout.c.obj)
                0x08105540                sys_clock_announce_locked
 .text.sys_clock_tick_get
                0x081055f8       0x30 zephyr/kernel/libkernel.a(timeout.c.obj)
                0x081055f8                sys_clock_tick_get
 .text.z_timer_expiration_handler
                0x08105628      0x108 zephyr/kernel/libkernel.a(timer.c.obj)
                0x08105628                z_timer_expiration_handler
 .text.z_impl_k_timer_start
                0x08105730       0x70 zephyr/kernel/libkernel.a(timer.c.obj)
                0x08105730                z_impl_k_timer_start
 .text.z_impl_k_timer_stop
                0x081057a0       0x60 zephyr/kernel/libkernel.a(timer.c.obj)
                0x081057a0                z_impl_k_timer_stop
 .text.k_malloc
                0x08105800       0x14 zephyr/kernel/libkernel.a(mempool.c.obj)
                0x08105800                k_malloc
 .text.k_thread_system_pool_assign
                0x08105814        0xc zephyr/kernel/libkernel.a(mempool.c.obj)
                0x08105814                k_thread_system_pool_assign
 .text.boot_banner
                0x08105820        0xc zephyr/kernel/libkernel.a(banner.c.obj)
                0x08105820                boot_banner
 .text.statics_init
                0x0810582c       0x24 zephyr/kernel/libkernel.a(kheap.c.obj)
 .text.k_sys_work_q_init
                0x08105850       0x2c zephyr/kernel/libkernel.a(system_work_q.c.obj)
 .text.snprintf
                0x0810587c       0x54 /home/gabo/zephyr-sdk-1.0.1/gnu/arm-zephyr-eabi/bin/../lib/gcc/arm-zephyr-eabi/14.3.0/../../../../arm-zephyr-eabi/lib/thumb/v7e-m/nofp/space/libc.a(libc_tinystdio_snprintf.c.o)
                0x0810587c                snprintf
 .text.__l_vfprintf
                0x081058d0      0x488 /home/gabo/zephyr-sdk-1.0.1/gnu/arm-zephyr-eabi/bin/../lib/gcc/arm-zephyr-eabi/14.3.0/../../../../arm-zephyr-eabi/lib/thumb/v7e-m/nofp/space/libc.a(libc_tinystdio_vflprintf.c.o)
                0x081058d0                __l_vfprintf
 .text._OffsetAbsSyms
                0x08105d58        0x2 zephyr/CMakeFiles/offsets.dir/./arch/arm/core/offsets/offsets.c.obj
                0x08105d58                _OffsetAbsSyms
 .text.chunk_size
                0x08105d5a        0xa zephyr/libzephyr.a(heap.c.obj)
 .text.free_list_add
                0x08105d64       0x4e zephyr/libzephyr.a(heap.c.obj)
 .text.free_list_remove_bidx
                0x08105db2       0x3a zephyr/libzephyr.a(heap.c.obj)
 .text.free_list_remove
                0x08105dec       0x1a zephyr/libzephyr.a(heap.c.obj)
 .text.alloc_chunk
                0x08105e06       0x70 zephyr/libzephyr.a(heap.c.obj)
 .text.merge_chunks
                0x08105e76       0x2e zephyr/libzephyr.a(heap.c.obj)
 .text.split_chunks
                0x08105ea4       0x38 zephyr/libzephyr.a(heap.c.obj)
 .text.sys_heap_alloc
                0x08105edc       0x5a zephyr/libzephyr.a(heap.c.obj)
                0x08105edc                sys_heap_alloc
 .text.sys_heap_noalign_alloc
                0x08105f36        0x6 zephyr/libzephyr.a(heap.c.obj)
                0x08105f36                sys_heap_noalign_alloc
 .text.sys_heap_init
                0x08105f3c       0x82 zephyr/libzephyr.a(heap.c.obj)
                0x08105f3c                sys_heap_init
 .text.cbpprintf_external
                0x08105fbe       0x62 zephyr/libzephyr.a(cbprintf_packaged.c.obj)
                0x08105fbe                cbpprintf_external
 .text.is_ptr   0x08106020       0x3a zephyr/libzephyr.a(cbprintf_packaged.c.obj)
                0x08106020                is_ptr
 .text.arch_printk_char_out
                0x0810605a        0x4 zephyr/libzephyr.a(printk.c.obj)
                0x0810605a                arch_printk_char_out
 .text.vprintk  0x0810605e        0x4 zephyr/libzephyr.a(printk.c.obj)
                0x0810605e                vprintk
 .text.printk   0x08106062       0x1a zephyr/libzephyr.a(printk.c.obj)
                0x08106062                printk
 .text.free_space
                0x0810607c       0x26 zephyr/libzephyr.a(mpsc_pbuf.c.obj)
 .text.get_usage
                0x081060a2       0x22 zephyr/libzephyr.a(mpsc_pbuf.c.obj)
 .text.idx_inc  0x081060c4       0x1c zephyr/libzephyr.a(mpsc_pbuf.c.obj)
 .text.rd_idx_inc
                0x081060e0       0x18 zephyr/libzephyr.a(mpsc_pbuf.c.obj)
 .text.add_skip_item
                0x081060f8       0x3a zephyr/libzephyr.a(mpsc_pbuf.c.obj)
 .text.drop_item_locked
                0x08106132       0xfa zephyr/libzephyr.a(mpsc_pbuf.c.obj)
 .text.post_drop_action
                0x0810622c       0x36 zephyr/libzephyr.a(mpsc_pbuf.c.obj)
 .text.max_utilization_update
                0x08106262       0x1a zephyr/libzephyr.a(mpsc_pbuf.c.obj)
 .text.mpsc_pbuf_init
                0x0810627c       0x42 zephyr/libzephyr.a(mpsc_pbuf.c.obj)
                0x0810627c                mpsc_pbuf_init
 .text.mpsc_pbuf_alloc
                0x081062be       0xfa zephyr/libzephyr.a(mpsc_pbuf.c.obj)
                0x081062be                mpsc_pbuf_alloc
 .text.mpsc_pbuf_commit
                0x081063b8       0x3e zephyr/libzephyr.a(mpsc_pbuf.c.obj)
                0x081063b8                mpsc_pbuf_commit
 .text.mpsc_pbuf_claim
                0x081063f6       0xb6 zephyr/libzephyr.a(mpsc_pbuf.c.obj)
                0x081063f6                mpsc_pbuf_claim
 .text.mpsc_pbuf_free
                0x081064ac       0x76 zephyr/libzephyr.a(mpsc_pbuf.c.obj)
                0x081064ac                mpsc_pbuf_free
 .text.mpsc_pbuf_is_pending
                0x08106522       0x30 zephyr/libzephyr.a(mpsc_pbuf.c.obj)
                0x08106522                mpsc_pbuf_is_pending
 .text._ConfigAbsSyms
                0x08106552        0x2 zephyr/libzephyr.a(configs.c.obj)
                0x08106552                _ConfigAbsSyms
 .text.z_log_msg_simple_create_0.constprop.0
                0x08106554        0x8 zephyr/libzephyr.a(ipc_service.c.obj)
 .text.get_tx_buffer_size
                0x0810655c        0x8 zephyr/libzephyr.a(ipc_rpmsg_static_vrings.c.obj)
 .text.drop_tx_buffer
                0x08106564        0x6 zephyr/libzephyr.a(ipc_rpmsg_static_vrings.c.obj)
 .text.release_rx_buffer
                0x0810656a       0x16 zephyr/libzephyr.a(ipc_rpmsg_static_vrings.c.obj)
 .text.hold_rx_buffer
                0x08106580       0x16 zephyr/libzephyr.a(ipc_rpmsg_static_vrings.c.obj)
 .text.send_nocopy
                0x08106596       0x3e zephyr/libzephyr.a(ipc_rpmsg_static_vrings.c.obj)
 .text.get_tx_buffer
                0x081065d4       0x92 zephyr/libzephyr.a(ipc_rpmsg_static_vrings.c.obj)
 .text.rpmsg_service_unbind
                0x08106666        0x4 zephyr/libzephyr.a(ipc_rpmsg_static_vrings.c.obj)
 .text.get_ept_slot_with_name
                0x0810666a       0x30 zephyr/libzephyr.a(ipc_rpmsg_static_vrings.c.obj)
 .text.mbox_callback
                0x0810669a        0xc zephyr/libzephyr.a(ipc_rpmsg_static_vrings.c.obj)
 .text.mbox_callback_process
                0x081066a6       0x1a zephyr/libzephyr.a(ipc_rpmsg_static_vrings.c.obj)
 .text.virtio_notify_cb
                0x081066c0       0x12 zephyr/libzephyr.a(ipc_rpmsg_static_vrings.c.obj)
 .text.k_mutex_unlock.isra.0
                0x081066d2        0x4 zephyr/libzephyr.a(ipc_rpmsg_static_vrings.c.obj)
 .text.atomic_set.isra.0
                0x081066d6       0x16 zephyr/libzephyr.a(ipc_rpmsg_static_vrings.c.obj)
 .text.backend_init
                0x081066ec       0x22 zephyr/libzephyr.a(ipc_rpmsg_static_vrings.c.obj)
 .text.shm_size
                0x0810670e       0x20 zephyr/libzephyr.a(ipc_rpmsg_static_vrings.c.obj)
 .text.close    0x0810672e       0xbe zephyr/libzephyr.a(ipc_rpmsg_static_vrings.c.obj)
 .text.ept_cb   0x081067ec       0x2e zephyr/libzephyr.a(ipc_rpmsg_static_vrings.c.obj)
 .text.rpmsg_service_unbind
                0x0810681a        0x4 zephyr/libzephyr.a(ipc_rpmsg.c.obj)
 .text.ipc_rpmsg_deinit
                0x0810681e       0x28 zephyr/libzephyr.a(ipc_rpmsg.c.obj)
                0x0810681e                ipc_rpmsg_deinit
 .text.ipc_virtio_notify
                0x08106846       0x10 zephyr/libzephyr.a(ipc_static_vrings.c.obj)
 .text.ipc_virtio_set_features
                0x08106856        0x2 zephyr/libzephyr.a(ipc_static_vrings.c.obj)
 .text.ipc_virtio_set_status
                0x08106858        0xa zephyr/libzephyr.a(ipc_static_vrings.c.obj)
 .text.ipc_virtio_get_features
                0x08106862        0x4 zephyr/libzephyr.a(ipc_static_vrings.c.obj)
 .text.ipc_virtio_get_status
                0x08106866       0x12 zephyr/libzephyr.a(ipc_static_vrings.c.obj)
 .text.virtqueue_allocate
                0x08106878       0x1c zephyr/libzephyr.a(ipc_static_vrings.c.obj)
 .text.ipc_static_vrings_deinit
                0x08106894       0x54 zephyr/libzephyr.a(ipc_static_vrings.c.obj)
                0x08106894                ipc_static_vrings_deinit
 .text.log_msg_generic_get_wlen
                0x081068e8       0x20 zephyr/libzephyr.a(log_core.c.obj)
 .text.dummy_timestamp
                0x08106908        0x4 zephyr/libzephyr.a(log_core.c.obj)
 .text.atomic_inc
                0x0810690c       0x1a zephyr/libzephyr.a(log_core.c.obj)
 .text.default_lf_get_timestamp
                0x08106926       0x10 zephyr/libzephyr.a(log_core.c.obj)
 .text.z_log_vprintk
                0x08106936       0x1c zephyr/libzephyr.a(log_core.c.obj)
                0x08106936                z_log_vprintk
 .text.z_log_notify_drop
                0x08106952        0x6 zephyr/libzephyr.a(log_core.c.obj)
 .text.z_log_get_tag
                0x08106958        0x4 zephyr/libzephyr.a(log_core.c.obj)
                0x08106958                z_log_get_tag
 .text.log_backend_enable
                0x0810695c       0x12 zephyr/libzephyr.a(log_mgmt.c.obj)
                0x0810695c                log_backend_enable
 .text.z_cbprintf_cpy
                0x0810696e       0x2e zephyr/libzephyr.a(log_msg.c.obj)
 .text.z_log_msg_finalize
                0x0810699c       0x32 zephyr/libzephyr.a(log_msg.c.obj)
                0x0810699c                z_log_msg_finalize
 .text.z_log_msg_simple_create
                0x081069ce       0x6e zephyr/libzephyr.a(log_msg.c.obj)
 .text.z_impl_z_log_msg_simple_create_0
                0x08106a3c       0x12 zephyr/libzephyr.a(log_msg.c.obj)
                0x08106a3c                z_impl_z_log_msg_simple_create_0
 .text.z_impl_z_log_msg_simple_create_1
                0x08106a4e       0x14 zephyr/libzephyr.a(log_msg.c.obj)
                0x08106a4e                z_impl_z_log_msg_simple_create_1
 .text.log_output_write
                0x08106a62       0x1c zephyr/libzephyr.a(log_output.c.obj)
 .text.log_output_flush
                0x08106a7e       0x1a zephyr/libzephyr.a(log_output.c.obj)
 .text.out_func
                0x08106a98       0x36 zephyr/libzephyr.a(log_output.c.obj)
 .text.cr_out_func
                0x08106ace       0x1c zephyr/libzephyr.a(log_output.c.obj)
 .text.log_output_msg_process
                0x08106aea       0x6c zephyr/libzephyr.a(log_output.c.obj)
                0x08106aea                log_output_msg_process
 .text.format_set
                0x08106b56        0xc zephyr/libzephyr.a(log_backend_uart.c.obj)
 .text.log_backend_uart_init
                0x08106b62        0xc zephyr/libzephyr.a(log_backend_uart.c.obj)
 .text.panic    0x08106b6e       0x32 zephyr/libzephyr.a(log_backend_uart.c.obj)
 .text.dropped  0x08106ba0        0xa zephyr/libzephyr.a(log_backend_uart.c.obj)
 .text.process  0x08106baa       0x1e zephyr/libzephyr.a(log_backend_uart.c.obj)
 .text.arch_early_memset
                0x08106bc8        0x4 zephyr/arch/common/libarch__common.a(init.c.obj)
                0x08106bc8                arch_early_memset
 .text.arch_early_memcpy
                0x08106bcc        0x4 zephyr/arch/common/libarch__common.a(init.c.obj)
                0x08106bcc                arch_early_memcpy
 .text.z_do_kernel_oops
                0x08106bd0        0x8 zephyr/arch/arch/arm/core/libarch__arm__core.a(fatal.c.obj)
                0x08106bd0                z_do_kernel_oops
 .text.z_arm_nmi
                0x08106bd8        0xe zephyr/arch/arch/arm/core/libarch__arm__core.a(nmi.c.obj)
                0x08106bd8                z_arm_nmi
 .text.z_log_msg_simple_create_0.constprop.0
                0x08106be6        0x8 zephyr/arch/arch/arm/core/cortex_m/libarch__arm__core__cortex_m.a(fault.c.obj)
 .text.z_irq_spurious
                0x08106bee        0x8 zephyr/arch/arch/arm/core/cortex_m/libarch__arm__core__cortex_m.a(irq_manage.c.obj)
                0x08106bee                z_irq_spurious
 .text.arch_coprocessors_disable
                0x08106bf6        0x6 zephyr/arch/arch/arm/core/cortex_m/libarch__arm__core__cortex_m.a(thread.c.obj)
                0x08106bf6                arch_coprocessors_disable
 .text.arch_irq_unlock_outlined
                0x08106bfc        0xe zephyr/arch/arch/arm/core/cortex_m/libarch__arm__core__cortex_m.a(thread.c.obj)
                0x08106bfc                arch_irq_unlock_outlined
 .text.arch_cpu_idle
                0x08106c0a       0x1a zephyr/arch/arch/arm/core/cortex_m/libarch__arm__core__cortex_m.a(cpu_idle.c.obj)
                0x08106c0a                arch_cpu_idle
 .text.size_to_mpu_rasr_size
                0x08106c24       0x20 zephyr/arch/arch/arm/core/mpu/libarch__arm__core__mpu.a(arm_mpu.c.obj)
 .text.cbputc   0x08106c44        0xc zephyr/lib/libc/picolibc/liblib__libc__picolibc.a(cbprintf.c.obj)
 .text.picolibc_put
                0x08106c50        0xa zephyr/lib/libc/picolibc/liblib__libc__picolibc.a(stdio.c.obj)
 .text.stm32_exti_gpio_intc_init
                0x08106c5a       0x92 zephyr/drivers/interrupt_controller/libdrivers__interrupt_controller.a(intc_gpio_stm32.c.obj)
 .text.stm32_gpio_intc_get_pin_irq_line
                0x08106cec        0xa zephyr/drivers/interrupt_controller/libdrivers__interrupt_controller.a(intc_gpio_stm32.c.obj)
                0x08106cec                stm32_gpio_intc_get_pin_irq_line
 .text.stm32_gpio_intc_disable_line
                0x08106cf6       0x12 zephyr/drivers/interrupt_controller/libdrivers__interrupt_controller.a(intc_gpio_stm32.c.obj)
                0x08106cf6                stm32_gpio_intc_disable_line
 .text.enabled_clock
                0x08106d08       0x16 zephyr/drivers/clock_control/libdrivers__clock_control.a(clock_stm32_ll_h7.c.obj)
                0x08106d08                enabled_clock
 .text.stm32_clock_control_get_status
                0x08106d1e       0x38 zephyr/drivers/clock_control/libdrivers__clock_control.a(clock_stm32_ll_h7.c.obj)
 .text.gpio_stm32_port_get_raw
                0x08106d56        0xc zephyr/drivers/gpio/libdrivers__gpio.a(gpio_stm32.c.obj)
 .text.gpio_stm32_port_set_bits_raw
                0x08106d62        0xa zephyr/drivers/gpio/libdrivers__gpio.a(gpio_stm32.c.obj)
 .text.gpio_stm32_port_clear_bits_raw
                0x08106d6c        0xc zephyr/drivers/gpio/libdrivers__gpio.a(gpio_stm32.c.obj)
 .text.gpio_stm32_manage_callback
                0x08106d78       0x54 zephyr/drivers/gpio/libdrivers__gpio.a(gpio_stm32.c.obj)
 .text.gpio_stm32_config
                0x08106dcc       0xd6 zephyr/drivers/gpio/libdrivers__gpio.a(gpio_stm32.c.obj)
 .text.gpio_stm32_isr
                0x08106ea2       0x2c zephyr/drivers/gpio/libdrivers__gpio.a(gpio_stm32.c.obj)
 .text.mbox_stm32_hsem_register_callback
                0x08106ece       0x12 zephyr/drivers/mbox/libdrivers__mbox.a(mbox_stm32_hsem.c.obj)
 .text.mbox_stm32_hsem_mtu_get
                0x08106ee0        0x4 zephyr/drivers/mbox/libdrivers__mbox.a(mbox_stm32_hsem.c.obj)
 .text.mbox_stm32_hsem_max_channels_get
                0x08106ee4        0x4 zephyr/drivers/mbox/libdrivers__mbox.a(mbox_stm32_hsem.c.obj)
 .text.mbox_stm32_hsem_init
                0x08106ee8       0x1a zephyr/drivers/mbox/libdrivers__mbox.a(mbox_stm32_hsem.c.obj)
 .text.pinctrl_lookup_state
                0x08106f02       0x26 zephyr/drivers/pinctrl/libdrivers__pinctrl.a(common.c.obj)
                0x08106f02                pinctrl_lookup_state
 .text.pinctrl_configure_pins
                0x08106f28       0x82 zephyr/drivers/pinctrl/libdrivers__pinctrl.a(pinctrl_stm32.c.obj)
                0x08106f28                pinctrl_configure_pins
 .text.reset_stm32_status
                0x08106faa       0x20 zephyr/drivers/reset/libdrivers__reset.a(reset_stm32.c.obj)
 .text.reset_stm32_line_assert
                0x08106fca       0x1c zephyr/drivers/reset/libdrivers__reset.a(reset_stm32.c.obj)
 .text.reset_stm32_line_deassert
                0x08106fe6       0x1e zephyr/drivers/reset/libdrivers__reset.a(reset_stm32.c.obj)
 .text.reset_stm32_line_toggle
                0x08107004       0x16 zephyr/drivers/reset/libdrivers__reset.a(reset_stm32.c.obj)
 .text.uart_stm32_ll2cfg_databits
                0x0810701a       0x2a zephyr/drivers/serial/libdrivers__serial.a(uart_stm32.c.obj)
 .text.uart_stm32_err_check
                0x08107044       0x5a zephyr/drivers/serial/libdrivers__serial.a(uart_stm32.c.obj)
 .text.uart_stm32_poll_out
                0x0810709e       0x36 zephyr/drivers/serial/libdrivers__serial.a(uart_stm32.c.obj)
 .text.uart_stm32_poll_in
                0x081070d4       0x20 zephyr/drivers/serial/libdrivers__serial.a(uart_stm32.c.obj)
 .text.uart_stm32_config_get
                0x081070f4       0x92 zephyr/drivers/serial/libdrivers__serial.a(uart_stm32.c.obj)
 .text.metal_io_init
                0x08107186       0x54 modules/libmetal/libmetal/lib/libmetal.a(io.c.obj)
                0x08107186                metal_io_init
 .text.metal_io_block_read
                0x081071da       0x72 modules/libmetal/libmetal/lib/libmetal.a(io.c.obj)
                0x081071da                metal_io_block_read
 .text.metal_io_block_write
                0x0810724c       0x72 modules/libmetal/libmetal/lib/libmetal.a(io.c.obj)
                0x0810724c                metal_io_block_write
 .text.metal_generic_dev_sys_open
                0x081072be        0x4 modules/libmetal/libmetal/lib/libmetal.a(device.c.obj)
                0x081072be                metal_generic_dev_sys_open
 .text.metal_io_phys
                0x081072c2       0x38 modules/open-amp/open-amp/lib/libopen_amp.a(virtqueue.c.obj)
 .text.metal_io_phys_to_virt
                0x081072fa       0x4e modules/open-amp/open-amp/lib/libopen_amp.a(virtqueue.c.obj)
 .text.virtqueue_create
                0x08107348       0x3a modules/open-amp/open-amp/lib/libopen_amp.a(virtqueue.c.obj)
                0x08107348                virtqueue_create
 .text.virtqueue_get_buffer_length
                0x08107382        0xa modules/open-amp/open-amp/lib/libopen_amp.a(virtqueue.c.obj)
                0x08107382                virtqueue_get_buffer_length
 .text.virtqueue_get_buffer_addr
                0x0810738c        0xc modules/open-amp/open-amp/lib/libopen_amp.a(virtqueue.c.obj)
                0x0810738c                virtqueue_get_buffer_addr
 .text.virtqueue_get_first_avail_buffer
                0x08107398       0x40 modules/open-amp/open-amp/lib/libopen_amp.a(virtqueue.c.obj)
                0x08107398                virtqueue_get_first_avail_buffer
 .text.virtqueue_disable_cb
                0x081073d8       0x32 modules/open-amp/open-amp/lib/libopen_amp.a(virtqueue.c.obj)
                0x081073d8                virtqueue_disable_cb
 .text.virtqueue_kick
                0x0810740a       0x4e modules/open-amp/open-amp/lib/libopen_amp.a(virtqueue.c.obj)
                0x0810740a                virtqueue_kick
 .text.virtqueue_get_desc_size
                0x08107458       0x24 modules/open-amp/open-amp/lib/libopen_amp.a(virtqueue.c.obj)
                0x08107458                virtqueue_get_desc_size
 .text.virtqueue_notification
                0x0810747c        0xc modules/open-amp/open-amp/lib/libopen_amp.a(virtqueue.c.obj)
                0x0810747c                virtqueue_notification
 .text.__metal_mutex_acquire
                0x08107488        0xc modules/open-amp/open-amp/lib/libopen_amp.a(rpmsg.c.obj)
 .text.rpmsg_ept_incref
                0x08107494        0xa modules/open-amp/open-amp/lib/libopen_amp.a(rpmsg.c.obj)
                0x08107494                rpmsg_ept_incref
 .text.rpmsg_ept_decref
                0x0810749e       0x14 modules/open-amp/open-amp/lib/libopen_amp.a(rpmsg.c.obj)
                0x0810749e                rpmsg_ept_decref
 .text.rpmsg_unregister_endpoint
                0x081074b2       0x54 modules/open-amp/open-amp/lib/libopen_amp.a(rpmsg.c.obj)
 .text.rpmsg_send_ns_message
                0x08107506       0x34 modules/open-amp/open-amp/lib/libopen_amp.a(rpmsg.c.obj)
                0x08107506                rpmsg_send_ns_message
 .text.rpmsg_hold_rx_buffer
                0x0810753a       0x12 modules/open-amp/open-amp/lib/libopen_amp.a(rpmsg.c.obj)
                0x0810753a                rpmsg_hold_rx_buffer
 .text.rpmsg_release_rx_buffer
                0x0810754c       0x12 modules/open-amp/open-amp/lib/libopen_amp.a(rpmsg.c.obj)
                0x0810754c                rpmsg_release_rx_buffer
 .text.rpmsg_get_tx_payload_buffer
                0x0810755e       0x14 modules/open-amp/open-amp/lib/libopen_amp.a(rpmsg.c.obj)
                0x0810755e                rpmsg_get_tx_payload_buffer
 .text.rpmsg_get_endpoint
                0x08107572       0x54 modules/open-amp/open-amp/lib/libopen_amp.a(rpmsg.c.obj)
                0x08107572                rpmsg_get_endpoint
 .text.rpmsg_register_endpoint
                0x081075c6       0x42 modules/open-amp/open-amp/lib/libopen_amp.a(rpmsg.c.obj)
                0x081075c6                rpmsg_register_endpoint
 .text.rpmsg_destroy_ept
                0x08107608       0x2e modules/open-amp/open-amp/lib/libopen_amp.a(rpmsg.c.obj)
                0x08107608                rpmsg_destroy_ept
 .text.rpmsg_virtio_tx_callback
                0x08107636        0x2 modules/open-amp/open-amp/lib/libopen_amp.a(rpmsg_virtio.c.obj)
 .text.k_sem_give
                0x08107638        0x4 modules/open-amp/open-amp/lib/libopen_amp.a(rpmsg_virtio.c.obj)
 .text.__metal_mutex_acquire
                0x0810763c        0xc modules/open-amp/open-amp/lib/libopen_amp.a(rpmsg_virtio.c.obj)
 .text.rpmsg_virtio_release_tx_buffer
                0x08107648       0x48 modules/open-amp/open-amp/lib/libopen_amp.a(rpmsg_virtio.c.obj)
 .text.rpmsg_virtio_hold_rx_buffer
                0x08107690       0x24 modules/open-amp/open-amp/lib/libopen_amp.a(rpmsg_virtio.c.obj)
 .text.rpmsg_virtio_ns_callback
                0x081076b4       0xc2 modules/open-amp/open-amp/lib/libopen_amp.a(rpmsg_virtio.c.obj)
 .text.rpmsg_virtio_send_offchannel_nocopy
                0x08107776       0x7a modules/open-amp/open-amp/lib/libopen_amp.a(rpmsg_virtio.c.obj)
 .text.rpmsg_virtio_release_rx_buffer_nolock.isra.0
                0x081077f0       0x2e modules/open-amp/open-amp/lib/libopen_amp.a(rpmsg_virtio.c.obj)
 .text.rpmsg_virtio_release_rx_buffer
                0x0810781e       0x34 modules/open-amp/open-amp/lib/libopen_amp.a(rpmsg_virtio.c.obj)
 .text.rpmsg_virtio_rx_callback
                0x08107852       0xae modules/open-amp/open-amp/lib/libopen_amp.a(rpmsg_virtio.c.obj)
 .text.rpmsg_virtio_get_tx_payload_buffer
                0x08107900       0xea modules/open-amp/open-amp/lib/libopen_amp.a(rpmsg_virtio.c.obj)
 .text.rpmsg_virtio_init_shm_pool
                0x081079ea        0xe modules/open-amp/open-amp/lib/libopen_amp.a(rpmsg_virtio.c.obj)
                0x081079ea                rpmsg_virtio_init_shm_pool
 .text.rpmsg_init_vdev
                0x081079f8       0x12 modules/open-amp/open-amp/lib/libopen_amp.a(rpmsg_virtio.c.obj)
                0x081079f8                rpmsg_init_vdev
 .text.rpmsg_deinit_vdev
                0x08107a0a       0x32 modules/open-amp/open-amp/lib/libopen_amp.a(rpmsg_virtio.c.obj)
                0x08107a0a                rpmsg_deinit_vdev
 .text.safe_strcpy
                0x08107a3c       0x3e modules/open-amp/open-amp/lib/libopen_amp.a(utilities.c.obj)
                0x08107a3c                safe_strcpy
 .text.do_device_init
                0x08107a7a       0x30 zephyr/kernel/libkernel.a(device.c.obj)
                0x08107a7a                do_device_init
 .text.z_impl_device_is_ready
                0x08107aaa       0x16 zephyr/kernel/libkernel.a(device.c.obj)
                0x08107aaa                z_impl_device_is_ready
 .text.arch_system_halt
                0x08107ac0       0x10 zephyr/kernel/libkernel.a(fatal.c.obj)
                0x08107ac0                arch_system_halt
 .text.idle     0x08107ad0       0x16 zephyr/kernel/libkernel.a(idle.c.obj)
                0x08107ad0                idle
 .text.adjust_owner_prio.isra.0
                0x08107ae6       0x10 zephyr/kernel/libkernel.a(mutex.c.obj)
 .text.z_impl_k_mutex_init
                0x08107af6        0xe zephyr/kernel/libkernel.a(mutex.c.obj)
                0x08107af6                z_impl_k_mutex_init
 .text.z_impl_k_sem_init
                0x08107b04       0x18 zephyr/kernel/libkernel.a(sem.c.obj)
                0x08107b04                z_impl_k_sem_init
 .text.flag_test_and_clear
                0x08107b1c       0x16 zephyr/kernel/libkernel.a(work.c.obj)
 .text.handle_flush
                0x08107b32        0x2 zephyr/kernel/libkernel.a(work.c.obj)
 .text.notify_queue_locked.isra.0
                0x08107b34        0xe zephyr/kernel/libkernel.a(work.c.obj)
 .text.k_work_init
                0x08107b42       0x12 zephyr/kernel/libkernel.a(work.c.obj)
                0x08107b42                k_work_init
 .text.z_work_submit_to_queue
                0x08107b54       0x26 zephyr/kernel/libkernel.a(work.c.obj)
                0x08107b54                z_work_submit_to_queue
 .text.k_work_submit_to_queue
                0x08107b7a       0x20 zephyr/kernel/libkernel.a(work.c.obj)
                0x08107b7a                k_work_submit_to_queue
 .text.k_work_flush
                0x08107b9a       0x36 zephyr/kernel/libkernel.a(work.c.obj)
                0x08107b9a                k_work_flush
 .text.k_work_queue_init
                0x08107bd0        0xc zephyr/kernel/libkernel.a(work.c.obj)
                0x08107bd0                k_work_queue_init
 .text.k_is_in_isr
                0x08107bdc        0xc zephyr/kernel/libkernel.a(thread.c.obj)
                0x08107bdc                k_is_in_isr
 .text.z_impl_k_thread_name_set
                0x08107be8        0x6 zephyr/kernel/libkernel.a(thread.c.obj)
                0x08107be8                z_impl_k_thread_name_set
 .text.k_thread_name_get
                0x08107bee        0x4 zephyr/kernel/libkernel.a(thread.c.obj)
                0x08107bee                k_thread_name_get
 .text.sys_dlist_remove
                0x08107bf2       0x10 zephyr/kernel/libkernel.a(sched.c.obj)
 .text.unpend_thread_no_timeout
                0x08107c02       0x14 zephyr/kernel/libkernel.a(sched.c.obj)
 .text.add_to_waitq_locked
                0x08107c16       0x4c zephyr/kernel/libkernel.a(sched.c.obj)
 .text.z_ready_thread
                0x08107c62       0x1e zephyr/kernel/libkernel.a(sched.c.obj)
                0x08107c62                z_ready_thread
 .text.z_unpend_thread_no_timeout
                0x08107c80       0x22 zephyr/kernel/libkernel.a(sched.c.obj)
                0x08107c80                z_unpend_thread_no_timeout
 .text.z_sched_wake_thread_locked
                0x08107ca2       0x28 zephyr/kernel/libkernel.a(sched.c.obj)
                0x08107ca2                z_sched_wake_thread_locked
 .text.z_thread_timeout
                0x08107cca       0x20 zephyr/kernel/libkernel.a(sched.c.obj)
                0x08107cca                z_thread_timeout
 .text.z_unpend1_no_timeout
                0x08107cea       0x2c zephyr/kernel/libkernel.a(sched.c.obj)
                0x08107cea                z_unpend1_no_timeout
 .text.z_reschedule
                0x08107d16        0x6 zephyr/kernel/libkernel.a(sched.c.obj)
                0x08107d16                z_reschedule
 .text.z_unpend_all_locked
                0x08107d1c       0x30 zephyr/kernel/libkernel.a(sched.c.obj)
                0x08107d1c                z_unpend_all_locked
 .text.z_unpend_all
                0x08107d4c       0x1e zephyr/kernel/libkernel.a(sched.c.obj)
                0x08107d4c                z_unpend_all
 .text.z_impl_k_sleep
                0x08107d6a       0x32 zephyr/kernel/libkernel.a(sched.c.obj)
                0x08107d6a                z_impl_k_sleep
 .text.z_impl_k_wakeup
                0x08107d9c       0x40 zephyr/kernel/libkernel.a(sched.c.obj)
                0x08107d9c                z_impl_k_wakeup
 .text.z_sched_wake
                0x08107ddc       0x44 zephyr/kernel/libkernel.a(sched.c.obj)
                0x08107ddc                z_sched_wake
 .text.next_timeout
                0x08107e20       0x2e zephyr/kernel/libkernel.a(timeout.c.obj)
 .text.z_abort_timeout
                0x08107e4e       0x6a zephyr/kernel/libkernel.a(timeout.c.obj)
                0x08107e4e                z_abort_timeout
 .text.sys_clock_tick_get_32
                0x08107eb8        0x8 zephyr/kernel/libkernel.a(timeout.c.obj)
                0x08107eb8                sys_clock_tick_get_32
 .text.z_impl_k_uptime_ticks
                0x08107ec0        0x4 zephyr/kernel/libkernel.a(timeout.c.obj)
                0x08107ec0                z_impl_k_uptime_ticks
 .text.k_timer_init
                0x08107ec4       0x18 zephyr/kernel/libkernel.a(timer.c.obj)
                0x08107ec4                k_timer_init
 .text.z_alloc_helper
                0x08107edc       0x30 zephyr/kernel/libkernel.a(mempool.c.obj)
 .text.k_free   0x08107f0c        0xe zephyr/kernel/libkernel.a(mempool.c.obj)
                0x08107f0c                k_free
 .text.k_heap_init
                0x08107f1a       0x10 zephyr/kernel/libkernel.a(kheap.c.obj)
                0x08107f1a                k_heap_init
 .text.k_heap_free
                0x08107f2a       0x38 zephyr/kernel/libkernel.a(kheap.c.obj)
                0x08107f2a                k_heap_free
 .text.memcpy   0x08107f62       0x1c /home/gabo/zephyr-sdk-1.0.1/gnu/arm-zephyr-eabi/bin/../lib/gcc/arm-zephyr-eabi/14.3.0/../../../../arm-zephyr-eabi/lib/thumb/v7e-m/nofp/space/libc.a(memcpy.c.o)
                0x08107f62                memcpy
                0x08107f62                __aeabi_memcpy
                0x08107f62                __aeabi_memcpy4
                0x08107f62                __aeabi_memcpy8
 .text.memset   0x08107f7e       0x10 /home/gabo/zephyr-sdk-1.0.1/gnu/arm-zephyr-eabi/bin/../lib/gcc/arm-zephyr-eabi/14.3.0/../../../../arm-zephyr-eabi/lib/thumb/v7e-m/nofp/space/libc.a(memset.c.o)
                0x08107f7e                memset
 .text.strncmp  0x08107f8e       0x24 /home/gabo/zephyr-sdk-1.0.1/gnu/arm-zephyr-eabi/bin/../lib/gcc/arm-zephyr-eabi/14.3.0/../../../../arm-zephyr-eabi/lib/thumb/v7e-m/nofp/space/libc.a(libc_string_strncmp.c.o)
                0x08107f8e                strncmp
 .text.strncpy  0x08107fb2       0x26 /home/gabo/zephyr-sdk-1.0.1/gnu/arm-zephyr-eabi/bin/../lib/gcc/arm-zephyr-eabi/14.3.0/../../../../arm-zephyr-eabi/lib/thumb/v7e-m/nofp/space/libc.a(libc_string_strncpy.c.o)
                0x08107fb2                strncpy
 .text.strnlen  0x08107fd8       0x18 /home/gabo/zephyr-sdk-1.0.1/gnu/arm-zephyr-eabi/bin/../lib/gcc/arm-zephyr-eabi/14.3.0/../../../../arm-zephyr-eabi/lib/thumb/v7e-m/nofp/space/libc.a(libc_string_strnlen.c.o)
                0x08107fd8                strnlen
 .text.__ultoa_invert
                0x08107ff0       0xae /home/gabo/zephyr-sdk-1.0.1/gnu/arm-zephyr-eabi/bin/../lib/gcc/arm-zephyr-eabi/14.3.0/../../../../arm-zephyr-eabi/lib/thumb/v7e-m/nofp/space/libc.a(libc_tinystdio_vflprintf.c.o)
 .text.__file_str_put
                0x0810809e       0x10 /home/gabo/zephyr-sdk-1.0.1/gnu/arm-zephyr-eabi/bin/../lib/gcc/arm-zephyr-eabi/14.3.0/../../../../arm-zephyr-eabi/lib/thumb/v7e-m/nofp/space/libc.a(libc_tinystdio_filestrput.c.o)
                0x0810809e                __file_str_put
 *(SORT_BY_ALIGNMENT(.gnu.linkonce.t.*))
 *(SORT_BY_ALIGNMENT(.glue_7t))
 .glue_7t       0x081080ae        0x0 linker stubs
 *(SORT_BY_ALIGNMENT(.glue_7))
 .glue_7        0x081080ae        0x0 linker stubs
 *(SORT_BY_ALIGNMENT(.vfp11_veneer))
 .vfp11_veneer  0x081080ae        0x0 linker stubs
 *(SORT_BY_ALIGNMENT(.v4_bx))
 .v4_bx         0x081080ae        0x0 linker stubs
                0x081080b0                        . = ALIGN (0x4)
 *fill*         0x081080ae        0x2 
                0x081080b0                        __text_region_end = .

.ARM.exidx      0x081080b0        0x8
                0x081080b0                        __exidx_start = .
 *(SORT_BY_ALIGNMENT(.ARM.exidx*) SORT_BY_ALIGNMENT(gnu.linkonce.armexidx.*))
 .ARM.exidx     0x081080b0        0x8 /home/gabo/zephyr-sdk-1.0.1/gnu/arm-zephyr-eabi/bin/../lib/gcc/arm-zephyr-eabi/14.3.0/thumb/v7e-m/nofp/space/libgcc.a(_udivmoddi4.o)
                0x081080b8                        __exidx_end = .
                0x081080b8                        __rodata_region_start = .

initlevel       0x081080b8       0xc8
                0x081080b8                        __init_start = .
                0x081080b8                        __init_EARLY_start = .
 *(SORT_BY_NAME(SORT_BY_ALIGNMENT(.z_init_EARLY_P_?_*)))
 *(SORT_BY_NAME(SORT_BY_ALIGNMENT(.z_init_EARLY_P_??_*)))
 *(SORT_BY_NAME(SORT_BY_ALIGNMENT(.z_init_EARLY_P_???_*)))
                0x081080b8                        __init_PRE_KERNEL_1_start = .
 *(SORT_BY_NAME(SORT_BY_ALIGNMENT(.z_init_PRE_KERNEL_1_P_?_*)))
 .z_init_PRE_KERNEL_1_P_1_SUB_00006_
                0x081080b8        0x8 zephyr/drivers/clock_control/libdrivers__clock_control.a(clock_stm32_ll_h7.c.obj)
 .z_init_PRE_KERNEL_1_P_1_SUB_0_
                0x081080c0        0x8 zephyr/libzephyr.a(soc_config.c.obj)
 *(SORT_BY_NAME(SORT_BY_ALIGNMENT(.z_init_PRE_KERNEL_1_P_??_*)))
 .z_init_PRE_KERNEL_1_P_30_SUB_0_
                0x081080c8        0x8 zephyr/kernel/libkernel.a(kheap.c.obj)
 .z_init_PRE_KERNEL_1_P_35_SUB_00068_
                0x081080d0        0x8 zephyr/drivers/reset/libdrivers__reset.a(reset_stm32.c.obj)
 .z_init_PRE_KERNEL_1_P_40_SUB_00043_
                0x081080d8        0x8 zephyr/libzephyr.a(gpioport_mgr.c.obj)
 .z_init_PRE_KERNEL_1_P_40_SUB_00050_
                0x081080e0        0x8 zephyr/libzephyr.a(gpioport_mgr.c.obj)
 .z_init_PRE_KERNEL_1_P_40_SUB_00051_
                0x081080e8        0x8 zephyr/libzephyr.a(gpioport_mgr.c.obj)
 .z_init_PRE_KERNEL_1_P_40_SUB_00052_
                0x081080f0        0x8 zephyr/libzephyr.a(gpioport_mgr.c.obj)
 .z_init_PRE_KERNEL_1_P_40_SUB_00081_
                0x081080f8        0x8 zephyr/drivers/interrupt_controller/libdrivers__interrupt_controller.a(intc_exti_stm32.c.obj)
 .z_init_PRE_KERNEL_1_P_40_SUB_00120_
                0x08108100        0x8 zephyr/libzephyr.a(gpioport_mgr.c.obj)
 .z_init_PRE_KERNEL_1_P_40_SUB_00121_
                0x08108108        0x8 zephyr/libzephyr.a(gpioport_mgr.c.obj)
 .z_init_PRE_KERNEL_1_P_40_SUB_00122_
                0x08108110        0x8 zephyr/libzephyr.a(gpioport_mgr.c.obj)
 .z_init_PRE_KERNEL_1_P_40_SUB_00123_
                0x08108118        0x8 zephyr/libzephyr.a(gpioport_mgr.c.obj)
 .z_init_PRE_KERNEL_1_P_40_SUB_00124_
                0x08108120        0x8 zephyr/libzephyr.a(gpioport_mgr.c.obj)
 .z_init_PRE_KERNEL_1_P_40_SUB_00125_
                0x08108128        0x8 zephyr/libzephyr.a(gpioport_mgr.c.obj)
 .z_init_PRE_KERNEL_1_P_40_SUB_00128_
                0x08108130        0x8 zephyr/libzephyr.a(gpioport_mgr.c.obj)
 .z_init_PRE_KERNEL_1_P_40_SUB_0_
                0x08108138        0x8 zephyr/drivers/interrupt_controller/libdrivers__interrupt_controller.a(intc_gpio_stm32.c.obj)
 .z_init_PRE_KERNEL_1_P_50_SUB_00090_
                0x08108140        0x8 zephyr/drivers/serial/libdrivers__serial.a(uart_stm32.c.obj)
 .z_init_PRE_KERNEL_1_P_60_SUB_0_
                0x08108148        0x8 zephyr/drivers/console/libdrivers__console.a(uart_console.c.obj)
 *(SORT_BY_NAME(SORT_BY_ALIGNMENT(.z_init_PRE_KERNEL_1_P_???_*)))
                0x08108150                        __init_PRE_KERNEL_2_start = .
 *(SORT_BY_NAME(SORT_BY_ALIGNMENT(.z_init_PRE_KERNEL_2_P_?_*)))
 .z_init_PRE_KERNEL_2_P_0_SUB_0_
                0x08108150        0x8 zephyr/drivers/timer/libdrivers__timer.a(cortex_m_systick.c.obj)
 *(SORT_BY_NAME(SORT_BY_ALIGNMENT(.z_init_PRE_KERNEL_2_P_??_*)))
 *(SORT_BY_NAME(SORT_BY_ALIGNMENT(.z_init_PRE_KERNEL_2_P_???_*)))
                0x08108158                        __init_POST_KERNEL_start = .
 *(SORT_BY_NAME(SORT_BY_ALIGNMENT(.z_init_POST_KERNEL_P_?_*)))
 .z_init_POST_KERNEL_P_0_SUB_0_
                0x08108158        0x8 zephyr/libzephyr.a(log_core.c.obj)
 *(SORT_BY_NAME(SORT_BY_ALIGNMENT(.z_init_POST_KERNEL_P_??_*)))
 .z_init_POST_KERNEL_P_35_SUB_0_
                0x08108160        0x8 zephyr/lib/libc/common/liblib__libc__common.a(malloc.c.obj)
 .z_init_POST_KERNEL_P_40_SUB_00048_
                0x08108168        0x8 zephyr/drivers/mbox/libdrivers__mbox.a(mbox_stm32_hsem.c.obj)
 .z_init_POST_KERNEL_P_40_SUB_0_
                0x08108170        0x8 zephyr/kernel/libkernel.a(system_work_q.c.obj)
 .z_init_POST_KERNEL_P_46_SUB_00049_
                0x08108178        0x8 zephyr/libzephyr.a(ipc_rpmsg_static_vrings.c.obj)
 *(SORT_BY_NAME(SORT_BY_ALIGNMENT(.z_init_POST_KERNEL_P_???_*)))
                0x08108180                        __init_APPLICATION_start = .
 *(SORT_BY_NAME(SORT_BY_ALIGNMENT(.z_init_APPLICATION_P_?_*)))
 *(SORT_BY_NAME(SORT_BY_ALIGNMENT(.z_init_APPLICATION_P_??_*)))
 *(SORT_BY_NAME(SORT_BY_ALIGNMENT(.z_init_APPLICATION_P_???_*)))
                0x08108180                        __init_SMP_start = .
 *(SORT_BY_NAME(SORT_BY_ALIGNMENT(.z_init_SMP_P_?_*)))
 *(SORT_BY_NAME(SORT_BY_ALIGNMENT(.z_init_SMP_P_??_*)))
 *(SORT_BY_NAME(SORT_BY_ALIGNMENT(.z_init_SMP_P_???_*)))
                0x08108180                        __init_end = .

device_area     0x08108180      0x1dc
                0x08108180                        _device_list_start = .
 *(SORT_BY_NAME(SORT_BY_ALIGNMENT(._device.static.*_?_*)))
 ._device.static.1_1_
                0x08108180       0x1c zephyr/drivers/clock_control/libdrivers__clock_control.a(clock_stm32_ll_h7.c.obj)
                0x08108180                __device_dts_ord_6
 *(SORT_BY_NAME(SORT_BY_ALIGNMENT(._device.static.*_??_*)))
 ._device.static.1_35_
                0x0810819c       0x1c zephyr/drivers/reset/libdrivers__reset.a(reset_stm32.c.obj)
                0x0810819c                __device_dts_ord_68
 ._device.static.1_40_
                0x081081b8      0x134 zephyr/libzephyr.a(gpioport_mgr.c.obj)
                0x081081b8                __device_dts_ord_125
                0x081081d4                __device_dts_ord_52
                0x081081f0                __device_dts_ord_51
                0x0810820c                __device_dts_ord_124
                0x08108228                __device_dts_ord_123
                0x08108244                __device_dts_ord_122
                0x08108260                __device_dts_ord_50
                0x0810827c                __device_dts_ord_121
                0x08108298                __device_dts_ord_43
                0x081082b4                __device_dts_ord_128
                0x081082d0                __device_dts_ord_120
 ._device.static.1_40_
                0x081082ec       0x1c zephyr/drivers/interrupt_controller/libdrivers__interrupt_controller.a(intc_exti_stm32.c.obj)
                0x081082ec                __device_dts_ord_81
 ._device.static.1_50_
                0x08108308       0x1c zephyr/drivers/serial/libdrivers__serial.a(uart_stm32.c.obj)
                0x08108308                __device_dts_ord_90
 ._device.static.3_40_
                0x08108324       0x1c zephyr/drivers/mbox/libdrivers__mbox.a(mbox_stm32_hsem.c.obj)
                0x08108324                __device_dts_ord_48
 ._device.static.3_46_
                0x08108340       0x1c zephyr/libzephyr.a(ipc_rpmsg_static_vrings.c.obj)
                0x08108340                __device_dts_ord_49
 *(SORT_BY_NAME(SORT_BY_ALIGNMENT(._device.static.*_???_*)))
 *(SORT_BY_NAME(SORT_BY_ALIGNMENT(._device.static.*_????_*)))
 *(SORT_BY_NAME(SORT_BY_ALIGNMENT(._device.static.*_?????_*)))
                0x0810835c                        _device_list_end = .

sw_isr_table    0x0810835c      0x3f8
                0x0810835c                        . = ALIGN (0x4)
 *(SORT_BY_ALIGNMENT(.gnu.linkonce.sw_isr_table*))
 .gnu.linkonce.sw_isr_table
                0x0810835c      0x3f8 zephyr/CMakeFiles/zephyr_final.dir/isr_tables.c.obj
                0x0810835c                _sw_isr_table

initlevel_error
 *(SORT_BY_NAME(SORT_BY_ALIGNMENT(.z_init_*)))
                0x00000001                        ASSERT ((SIZEOF (initlevel_error) == 0x0), Undefined initialization levels used.)

app_shmem_regions
                0x08108754        0x0
                0x08108754                        __app_shmem_regions_start = .
 *(SORT_BY_NAME(SORT_BY_ALIGNMENT(.app_regions.*)))
                0x08108754                        __app_shmem_regions_end = .

k_p4wq_initparam_area
                0x08108754        0x0
                0x08108754                        _k_p4wq_initparam_list_start = .
 *(SORT_BY_NAME(SORT_BY_ALIGNMENT(._k_p4wq_initparam.static.*)))
                0x08108754                        _k_p4wq_initparam_list_end = .

_static_thread_data_area
                0x08108754        0x0
                0x08108754                        __static_thread_data_list_start = .
 *(SORT_BY_NAME(SORT_BY_ALIGNMENT(.__static_thread_data.static.*)))
                0x08108754                        __static_thread_data_list_end = .

device_deps     0x08108754        0x0
                0x08108754                        __device_deps_start = .
 *(SORT_BY_NAME(SORT_BY_ALIGNMENT(.__device_deps_pass2*)))
                0x08108754                        __device_deps_end = .

gpio_driver_api_area
                0x08108754       0x24
                0x08108754                        _gpio_driver_api_list_start = .
 *(SORT_BY_NAME(SORT_BY_ALIGNMENT(._gpio_driver_api.static.*)))
 ._gpio_driver_api.static.gpio_stm32_driver_
                0x08108754       0x24 zephyr/drivers/gpio/libdrivers__gpio.a(gpio_stm32.c.obj)
                0x08108754                gpio_stm32_driver
                0x08108778                        _gpio_driver_api_list_end = .

mbox_driver_api_area
                0x08108778       0x14
                0x08108778                        _mbox_driver_api_list_start = .
 *(SORT_BY_NAME(SORT_BY_ALIGNMENT(._mbox_driver_api.static.*)))
 ._mbox_driver_api.static.mbox_stm32_hsem_driver_api_
                0x08108778       0x14 zephyr/drivers/mbox/libdrivers__mbox.a(mbox_stm32_hsem.c.obj)
                0x0810878c                        _mbox_driver_api_list_end = .

reset_driver_api_area
                0x0810878c       0x10
                0x0810878c                        _reset_driver_api_list_start = .
 *(SORT_BY_NAME(SORT_BY_ALIGNMENT(._reset_driver_api.static.*)))
 ._reset_driver_api.static.reset_stm32_driver_api_
                0x0810878c       0x10 zephyr/drivers/reset/libdrivers__reset.a(reset_stm32.c.obj)
                0x0810879c                        _reset_driver_api_list_end = .

shared_irq_driver_api_area
                0x0810879c        0x0
                0x0810879c                        _shared_irq_driver_api_list_start = .
 *(SORT_BY_NAME(SORT_BY_ALIGNMENT(._shared_irq_driver_api.static.*)))
                0x0810879c                        _shared_irq_driver_api_list_end = .

crypto_driver_api_area
                0x0810879c        0x0
                0x0810879c                        _crypto_driver_api_list_start = .
 *(SORT_BY_NAME(SORT_BY_ALIGNMENT(._crypto_driver_api.static.*)))
                0x0810879c                        _crypto_driver_api_list_end = .

adc_driver_api_area
                0x0810879c        0x0
                0x0810879c                        _adc_driver_api_list_start = .
 *(SORT_BY_NAME(SORT_BY_ALIGNMENT(._adc_driver_api.static.*)))
                0x0810879c                        _adc_driver_api_list_end = .

auxdisplay_driver_api_area
                0x0810879c        0x0
                0x0810879c                        _auxdisplay_driver_api_list_start = .
 *(SORT_BY_NAME(SORT_BY_ALIGNMENT(._auxdisplay_driver_api.static.*)))
                0x0810879c                        _auxdisplay_driver_api_list_end = .

bbram_driver_api_area
                0x0810879c        0x0
                0x0810879c                        _bbram_driver_api_list_start = .
 *(SORT_BY_NAME(SORT_BY_ALIGNMENT(._bbram_driver_api.static.*)))
                0x0810879c                        _bbram_driver_api_list_end = .

biometric_driver_api_area
                0x0810879c        0x0
                0x0810879c                        _biometric_driver_api_list_start = .
 *(SORT_BY_NAME(SORT_BY_ALIGNMENT(._biometric_driver_api.static.*)))
                0x0810879c                        _biometric_driver_api_list_end = .

bt_hci_driver_api_area
                0x0810879c        0x0
                0x0810879c                        _bt_hci_driver_api_list_start = .
 *(SORT_BY_NAME(SORT_BY_ALIGNMENT(._bt_hci_driver_api.static.*)))
                0x0810879c                        _bt_hci_driver_api_list_end = .

can_driver_api_area
                0x0810879c        0x0
                0x0810879c                        _can_driver_api_list_start = .
 *(SORT_BY_NAME(SORT_BY_ALIGNMENT(._can_driver_api.static.*)))
                0x0810879c                        _can_driver_api_list_end = .

cellular_driver_api_area
                0x0810879c        0x0
                0x0810879c                        _cellular_driver_api_list_start = .
 *(SORT_BY_NAME(SORT_BY_ALIGNMENT(._cellular_driver_api.static.*)))
                0x0810879c                        _cellular_driver_api_list_end = .

charger_driver_api_area
                0x0810879c        0x0
                0x0810879c                        _charger_driver_api_list_start = .
 *(SORT_BY_NAME(SORT_BY_ALIGNMENT(._charger_driver_api.static.*)))
                0x0810879c                        _charger_driver_api_list_end = .

clock_control_driver_api_area
                0x0810879c       0x1c
                0x0810879c                        _clock_control_driver_api_list_start = .
 *(SORT_BY_NAME(SORT_BY_ALIGNMENT(._clock_control_driver_api.static.*)))
 ._clock_control_driver_api.static.stm32_clock_control_api_
                0x0810879c       0x1c zephyr/drivers/clock_control/libdrivers__clock_control.a(clock_stm32_ll_h7.c.obj)
                0x081087b8                        _clock_control_driver_api_list_end = .

comparator_driver_api_area
                0x081087b8        0x0
                0x081087b8                        _comparator_driver_api_list_start = .
 *(SORT_BY_NAME(SORT_BY_ALIGNMENT(._comparator_driver_api.static.*)))
                0x081087b8                        _comparator_driver_api_list_end = .

coredump_driver_api_area
                0x081087b8        0x0
                0x081087b8                        _coredump_driver_api_list_start = .
 *(SORT_BY_NAME(SORT_BY_ALIGNMENT(._coredump_driver_api.static.*)))
                0x081087b8                        _coredump_driver_api_list_end = .

counter_driver_api_area
                0x081087b8        0x0
                0x081087b8                        _counter_driver_api_list_start = .
 *(SORT_BY_NAME(SORT_BY_ALIGNMENT(._counter_driver_api.static.*)))
                0x081087b8                        _counter_driver_api_list_end = .

crc_driver_api_area
                0x081087b8        0x0
                0x081087b8                        _crc_driver_api_list_start = .
 *(SORT_BY_NAME(SORT_BY_ALIGNMENT(._crc_driver_api.static.*)))
                0x081087b8                        _crc_driver_api_list_end = .

dac_driver_api_area
                0x081087b8        0x0
                0x081087b8                        _dac_driver_api_list_start = .
 *(SORT_BY_NAME(SORT_BY_ALIGNMENT(._dac_driver_api.static.*)))
                0x081087b8                        _dac_driver_api_list_end = .

dai_driver_api_area
                0x081087b8        0x0
                0x081087b8                        _dai_driver_api_list_start = .
 *(SORT_BY_NAME(SORT_BY_ALIGNMENT(._dai_driver_api.static.*)))
                0x081087b8                        _dai_driver_api_list_end = .

display_driver_api_area
                0x081087b8        0x0
                0x081087b8                        _display_driver_api_list_start = .
 *(SORT_BY_NAME(SORT_BY_ALIGNMENT(._display_driver_api.static.*)))
                0x081087b8                        _display_driver_api_list_end = .

dma_driver_api_area
                0x081087b8        0x0
                0x081087b8                        _dma_driver_api_list_start = .
 *(SORT_BY_NAME(SORT_BY_ALIGNMENT(._dma_driver_api.static.*)))
                0x081087b8                        _dma_driver_api_list_end = .

edac_driver_api_area
                0x081087b8        0x0
                0x081087b8                        _edac_driver_api_list_start = .
 *(SORT_BY_NAME(SORT_BY_ALIGNMENT(._edac_driver_api.static.*)))
                0x081087b8                        _edac_driver_api_list_end = .

eeprom_driver_api_area
                0x081087b8        0x0
                0x081087b8                        _eeprom_driver_api_list_start = .
 *(SORT_BY_NAME(SORT_BY_ALIGNMENT(._eeprom_driver_api.static.*)))
                0x081087b8                        _eeprom_driver_api_list_end = .

emul_bbram_driver_api_area
                0x081087b8        0x0
                0x081087b8                        _emul_bbram_driver_api_list_start = .
 *(SORT_BY_NAME(SORT_BY_ALIGNMENT(._emul_bbram_driver_api.static.*)))
                0x081087b8                        _emul_bbram_driver_api_list_end = .

fuel_gauge_emul_driver_api_area
                0x081087b8        0x0
                0x081087b8                        _fuel_gauge_emul_driver_api_list_start = .
 *(SORT_BY_NAME(SORT_BY_ALIGNMENT(._fuel_gauge_emul_driver_api.static.*)))
                0x081087b8                        _fuel_gauge_emul_driver_api_list_end = .

emul_sensor_driver_api_area
                0x081087b8        0x0
                0x081087b8                        _emul_sensor_driver_api_list_start = .
 *(SORT_BY_NAME(SORT_BY_ALIGNMENT(._emul_sensor_driver_api.static.*)))
                0x081087b8                        _emul_sensor_driver_api_list_end = .

entropy_driver_api_area
                0x081087b8        0x0
                0x081087b8                        _entropy_driver_api_list_start = .
 *(SORT_BY_NAME(SORT_BY_ALIGNMENT(._entropy_driver_api.static.*)))
                0x081087b8                        _entropy_driver_api_list_end = .

espi_driver_api_area
                0x081087b8        0x0
                0x081087b8                        _espi_driver_api_list_start = .
 *(SORT_BY_NAME(SORT_BY_ALIGNMENT(._espi_driver_api.static.*)))
                0x081087b8                        _espi_driver_api_list_end = .

espi_saf_driver_api_area
                0x081087b8        0x0
                0x081087b8                        _espi_saf_driver_api_list_start = .
 *(SORT_BY_NAME(SORT_BY_ALIGNMENT(._espi_saf_driver_api.static.*)))
                0x081087b8                        _espi_saf_driver_api_list_end = .

flash_driver_api_area
                0x081087b8        0x0
                0x081087b8                        _flash_driver_api_list_start = .
 *(SORT_BY_NAME(SORT_BY_ALIGNMENT(._flash_driver_api.static.*)))
                0x081087b8                        _flash_driver_api_list_end = .

fpga_driver_api_area
                0x081087b8        0x0
                0x081087b8                        _fpga_driver_api_list_start = .
 *(SORT_BY_NAME(SORT_BY_ALIGNMENT(._fpga_driver_api.static.*)))
                0x081087b8                        _fpga_driver_api_list_end = .

fuel_gauge_driver_api_area
                0x081087b8        0x0
                0x081087b8                        _fuel_gauge_driver_api_list_start = .
 *(SORT_BY_NAME(SORT_BY_ALIGNMENT(._fuel_gauge_driver_api.static.*)))
                0x081087b8                        _fuel_gauge_driver_api_list_end = .

gnss_driver_api_area
                0x081087b8        0x0
                0x081087b8                        _gnss_driver_api_list_start = .
 *(SORT_BY_NAME(SORT_BY_ALIGNMENT(._gnss_driver_api.static.*)))
                0x081087b8                        _gnss_driver_api_list_end = .

haptics_driver_api_area
                0x081087b8        0x0
                0x081087b8                        _haptics_driver_api_list_start = .
 *(SORT_BY_NAME(SORT_BY_ALIGNMENT(._haptics_driver_api.static.*)))
                0x081087b8                        _haptics_driver_api_list_end = .

hwspinlock_driver_api_area
                0x081087b8        0x0
                0x081087b8                        _hwspinlock_driver_api_list_start = .
 *(SORT_BY_NAME(SORT_BY_ALIGNMENT(._hwspinlock_driver_api.static.*)))
                0x081087b8                        _hwspinlock_driver_api_list_end = .

i2c_driver_api_area
                0x081087b8        0x0
                0x081087b8                        _i2c_driver_api_list_start = .
 *(SORT_BY_NAME(SORT_BY_ALIGNMENT(._i2c_driver_api.static.*)))
                0x081087b8                        _i2c_driver_api_list_end = .

i2c_target_driver_api_area
                0x081087b8        0x0
                0x081087b8                        _i2c_target_driver_api_list_start = .
 *(SORT_BY_NAME(SORT_BY_ALIGNMENT(._i2c_target_driver_api.static.*)))
                0x081087b8                        _i2c_target_driver_api_list_end = .

i2s_driver_api_area
                0x081087b8        0x0
                0x081087b8                        _i2s_driver_api_list_start = .
 *(SORT_BY_NAME(SORT_BY_ALIGNMENT(._i2s_driver_api.static.*)))
                0x081087b8                        _i2s_driver_api_list_end = .

i3c_driver_api_area
                0x081087b8        0x0
                0x081087b8                        _i3c_driver_api_list_start = .
 *(SORT_BY_NAME(SORT_BY_ALIGNMENT(._i3c_driver_api.static.*)))
                0x081087b8                        _i3c_driver_api_list_end = .

ipm_driver_api_area
                0x081087b8        0x0
                0x081087b8                        _ipm_driver_api_list_start = .
 *(SORT_BY_NAME(SORT_BY_ALIGNMENT(._ipm_driver_api.static.*)))
                0x081087b8                        _ipm_driver_api_list_end = .

led_driver_api_area
                0x081087b8        0x0
                0x081087b8                        _led_driver_api_list_start = .
 *(SORT_BY_NAME(SORT_BY_ALIGNMENT(._led_driver_api.static.*)))
                0x081087b8                        _led_driver_api_list_end = .

led_strip_driver_api_area
                0x081087b8        0x0
                0x081087b8                        _led_strip_driver_api_list_start = .
 *(SORT_BY_NAME(SORT_BY_ALIGNMENT(._led_strip_driver_api.static.*)))
                0x081087b8                        _led_strip_driver_api_list_end = .

lora_driver_api_area
                0x081087b8        0x0
                0x081087b8                        _lora_driver_api_list_start = .
 *(SORT_BY_NAME(SORT_BY_ALIGNMENT(._lora_driver_api.static.*)))
                0x081087b8                        _lora_driver_api_list_end = .

mdio_driver_api_area
                0x081087b8        0x0
                0x081087b8                        _mdio_driver_api_list_start = .
 *(SORT_BY_NAME(SORT_BY_ALIGNMENT(._mdio_driver_api.static.*)))
                0x081087b8                        _mdio_driver_api_list_end = .

mipi_dbi_driver_api_area
                0x081087b8        0x0
                0x081087b8                        _mipi_dbi_driver_api_list_start = .
 *(SORT_BY_NAME(SORT_BY_ALIGNMENT(._mipi_dbi_driver_api.static.*)))
                0x081087b8                        _mipi_dbi_driver_api_list_end = .

mipi_dsi_driver_api_area
                0x081087b8        0x0
                0x081087b8                        _mipi_dsi_driver_api_list_start = .